Microchip MPLAB XC8 Compiler V1.45 ()

Linker command line:

-W-3 --edf=C:\Program Files (x86)\Microchip\xc8\v1.45\dat\en_msgs.txt -cs \
  -h+dist/default/production\AND-OR_Counting.X.production.sym \
  --cmf=dist/default/production\AND-OR_Counting.X.production.cmf -z \
  -Q16F1779 -oC:\Users\A20687\AppData\Local\Temp\s1ok.2 \
  -Mdist/default/production/AND-OR_Counting.X.production.map -E1 -ver=XC8 \
  -ASTACK=0207Ah-027efh -pstack=STACK -ACODE=00h-07FFhx8 \
  -ASTRCODE=00h-03FFFh -ASTRING=00h-0FFhx64 -ACONST=00h-0FFhx64 \
  -AENTRY=00h-0FFhx64 -ACOMMON=070h-07Fh -ABANK0=020h-06Fh \
  -ABANK1=0A0h-0EFh -ABANK2=0120h-016Fh -ABANK3=01A0h-01EFh \
  -ABANK4=0220h-026Fh -ABANK5=02A0h-02EFh -ABANK6=0320h-036Fh \
  -ABANK7=03A0h-03EFh -ABANK8=0420h-046Fh -ABANK9=04A0h-04EFh \
  -ABANK10=0520h-056Fh -ABANK11=05A0h-05EFh -ABANK12=0620h-066Fh \
  -ABANK13=06A0h-06EFh -ABANK14=0720h-076Fh -ABANK15=07A0h-07EFh \
  -ABANK16=0820h-086Fh -ABANK17=08A0h-08EFh -ABANK18=0920h-096Fh \
  -ABANK19=09A0h-09EFh -ABANK20=0A20h-0A6Fh -ABANK21=0AA0h-0AEFh \
  -ABANK22=0B20h-0B6Fh -ABANK23=0BA0h-0BEFh -ABANK24=0C20h-0C6Fh \
  -ABANK25=0CA0h-0CBFh -ABIGRAM=02000h-027EFh \
  -ARAM=020h-06Fh,0A0h-0EFh,0120h-016Fh,01A0h-01EFh,0220h-026Fh,02A0h-02EFh,0320h-036Fh,03A0h-03EFh,0420h-046Fh,04A0h-04EFh,0520h-056Fh,05A0h-05EFh,0620h-066Fh,06A0h-06EFh,0720h-076Fh,07A0h-07EFh,0820h-086Fh,08A0h-08EFh,0920h-096Fh,09A0h-09EFh,0A20h-0A6Fh,0AA0h-0AEFh,0B20h-0B6Fh,0BA0h-0BEFh,0C20h-0C6Fh,0CA0h-0CBFh \
  -AABS1=020h-07Fh,0A0h-0EFh,0120h-016Fh,01A0h-01EFh,0220h-026Fh,02A0h-02EFh,0320h-036Fh,03A0h-03EFh,0420h-046Fh,04A0h-04EFh,0520h-056Fh,05A0h-05EFh,0620h-066Fh,06A0h-06EFh,0720h-076Fh,07A0h-07EFh,0820h-086Fh,08A0h-08EFh,0920h-096Fh,09A0h-09EFh,0A20h-0A6Fh,0AA0h-0AEFh,0B20h-0B6Fh,0BA0h-0BEFh,0C20h-0C6Fh,0CA0h-0CBFh \
  -ASFR0=00h-01Fh -ASFR1=080h-09Fh -ASFR2=0100h-011Fh -ASFR3=0180h-019Fh \
  -ASFR4=0200h-021Fh -ASFR5=0280h-029Fh -ASFR6=0300h-031Fh \
  -ASFR7=0380h-039Fh -ASFR8=0400h-041Fh -ASFR9=0480h-049Fh \
  -ASFR10=0500h-051Fh -ASFR11=0580h-059Fh -ASFR12=0600h-061Fh \
  -ASFR13=0680h-069Fh -ASFR14=0700h-071Fh -ASFR15=0780h-079Fh \
  -ASFR16=0800h-081Fh -ASFR17=0880h-089Fh -ASFR18=0900h-091Fh \
  -ASFR19=0980h-099Fh -ASFR20=0A00h-0A1Fh -ASFR21=0A80h-0A9Fh \
  -ASFR22=0B00h-0B1Fh -ASFR23=0B80h-0B9Fh -ASFR24=0C00h-0C1Fh \
  -ASFR25=0C80h-0C9Fh -ASFR26=0D00h-0D6Fh -ASFR27=0D80h-0DEFh \
  -ASFR28=0E00h-0E6Fh -ASFR29=0E80h-0EEFh -ASFR30=0F00h-0F6Fh \
  -ASFR31=0F80h-0FEFh -preset_vec=00h,intentry=04h,init,end_init \
  -ppowerup=CODE -pcinit=CODE -pfunctab=ENTRY -ACONFIG=08007h-08008h \
  -pconfig=CONFIG -DCONFIG=2 -AIDLOC=08000h-08003h -pidloc=IDLOC -DIDLOC=2 \
  -DCODE=2 -DSTRCODE=2 -DSTRING=2 -DCONST=2 -DENTRY=2 -k \
  C:\Users\A20687\AppData\Local\Temp\s1ok.obj \
  dist/default/production\AND-OR_Counting.X.production.obj 

Object code version is 3.11

Machine type is 16F1779



                Name                               Link     Load   Length Selector   Space Scale
C:\Users\A20687\AppData\Local\Temp\s1ok.obj
                end_init                             30       30        2        8       0
                reset_vec                             0        0        2        0       0
                config                             8007     8007        2    1000E       0
dist/default/production\AND-OR_Counting.X.production.obj
                cinit                                32       32       15        8       0
                intentry                              4        4       2C        8       0
                text95                              3AB      3AB        C        8       0
                text94                              32F      32F       34        8       0
                text93                              39F      39F        C        8       0
                text92                              3BD      3BD        2        8       0
                text91                              3BF      3BF        1        8       0
                text89                              393      393        C        8       0
                text80                              811      811      7EF     1022       0
                text70                              363      363       30        8       0
                text41                               47       47      18F        8       0
                text2                               1D6      1D6      159        8       0
                cstackBANK0                          20       20       50       20       1
                cstackCOMMON                         70       70        E       70       1
                clrtext                             3B7      3B7        6        8       0
                dataBANK1                            C1       C1        5       A0       1
                bssBANK1                             A0       A0       21       A0       1
                stringtext8                        10A3     10A3        6     2000       0
                stringtext7                        1085     1085       14     2000       0
                stringtext6                        106F     106F       16     2000       0
                stringtext5                        1057     1057       18     2000       0
                stringtext4                        103C     103C       1B     2000       0
                stringtext3                        101E     101E       1E     2000       0
                stringtext2                        1000     1000       1E     2000       0
                nvBANK1                              C6       C6        4       A0       1
                stringtext1                        1099     1099        A     2000       0

TOTAL           Name                               Link     Load   Length     Space
        CLASS   STACK          

        CLASS   CODE           
                end_init                             30       30        2         0
                cinit                                32       32       15         0
                intentry                              4        4       2C         0
                reset_vec                             0        0        2         0
                text95                              3AB      3AB        C         0
                text94                              32F      32F       34         0
                text93                              39F      39F        C         0
                text92                              3BD      3BD        2         0
                text91                              3BF      3BF        1         0
                text89                              393      393        C         0
                text80                              811      811      7EF         0
                text70                              363      363       30         0
                text41                               47       47      18F         0
                text2                               1D6      1D6      159         0
                clrtext                             3B7      3B7        6         0

        CLASS   STRCODE        
                stringtext8                        10A3     10A3        6         0
                stringtext7                        1085     1085       14         0
                stringtext6                        106F     106F       16         0
                stringtext5                        1057     1057       18         0
                stringtext4                        103C     103C       1B         0
                stringtext3                        101E     101E       1E         0
                stringtext2                        1000     1000       1E         0
                stringtext1                        1099     1099        A         0

        CLASS   STRING         

        CLASS   CONST          

        CLASS   ENTRY          

        CLASS   COMMON         
                cstackCOMMON                         70       70        E         1

        CLASS   BANK0          
                cstackBANK0                          20       20       50         1

        CLASS   BANK1          
                dataBANK1                            C1       C1        5         1
                bssBANK1                             A0       A0       21         1
                nvBANK1                              C6       C6        4         1

        CLASS   BANK2          

        CLASS   BANK3          

        CLASS   BANK4          

        CLASS   BANK5          

        CLASS   BANK6          

        CLASS   BANK7          

        CLASS   BANK8          

        CLASS   BANK9          

        CLASS   BANK10         

        CLASS   BANK11         

        CLASS   BANK12         

        CLASS   BANK13         

        CLASS   BANK14         

        CLASS   BANK15         

        CLASS   BANK16         

        CLASS   BANK17         

        CLASS   BANK18         

        CLASS   BANK19         

        CLASS   BANK20         

        CLASS   BANK21         

        CLASS   BANK22         

        CLASS   BANK23         

        CLASS   BANK24         

        CLASS   BANK25         

        CLASS   BIGRAM         

        CLASS   RAM            

        CLASS   ABS1           
                abs_s1                               7E       7E        2         1

        CLASS   SFR0           

        CLASS   SFR1           

        CLASS   SFR2           

        CLASS   SFR3           

        CLASS   SFR4           

        CLASS   SFR5           

        CLASS   SFR6           

        CLASS   SFR7           

        CLASS   SFR8           

        CLASS   SFR9           

        CLASS   SFR10          

        CLASS   SFR11          

        CLASS   SFR12          

        CLASS   SFR13          

        CLASS   SFR14          

        CLASS   SFR15          

        CLASS   SFR16          

        CLASS   SFR17          

        CLASS   SFR18          

        CLASS   SFR19          

        CLASS   SFR20          

        CLASS   SFR21          

        CLASS   SFR22          

        CLASS   SFR23          

        CLASS   SFR24          

        CLASS   SFR25          

        CLASS   SFR26          

        CLASS   SFR27          

        CLASS   SFR28          

        CLASS   SFR29          

        CLASS   SFR30          

        CLASS   SFR31          

        CLASS   CONFIG         
                config                             8007     8007        2         0

        CLASS   IDLOC          

        CLASS   BANK31         

        CLASS   BANK30         

        CLASS   BANK29         

        CLASS   BANK28         

        CLASS   BANK27         

        CLASS   BANK26         

        CLASS   EEDATA         



SEGMENTS        Name                           Load    Length   Top    Selector   Space  Class     Delta

                reset_vec                      000000  000002  000002         0       0  CODE        2
                intentry                       000004  0003BC  0003C0         8       0  CODE        2
                cstackBANK0                    000020  000050  000070        20       1  BANK0       1
                cstackCOMMON                   000070  00000E  00007E        70       1  COMMON      1
                bssBANK1                       0000A0  00002A  0000CA        A0       1  BANK1       1
                text80                         000811  0007EF  001000      1022       0  CODE        2
                stringtext2                    001000  0000A9  0010A9      2000       0  STRCODE     2
                config                         008007  000002  008009     1000E       0  CONFIG      2


UNUSED ADDRESS RANGES

        Name                Unused          Largest block    Delta
        BANK1            000CA-000EF              26           1
        BANK10           00520-0056F              50           1
        BANK11           005A0-005EF              50           1
        BANK12           00620-0066F              50           1
        BANK13           006A0-006EF              50           1
        BANK14           00720-0076F              50           1
        BANK15           007A0-007EF              50           1
        BANK16           00820-0086F              50           1
        BANK17           008A0-008EF              50           1
        BANK18           00920-0096F              50           1
        BANK19           009A0-009EF              50           1
        BANK2            00120-0016F              50           1
        BANK20           00A20-00A6F              50           1
        BANK21           00AA0-00AEF              50           1
        BANK22           00B20-00B6F              50           1
        BANK23           00BA0-00BEF              50           1
        BANK24           00C20-00C6F              50           1
        BANK25           00CA0-00CBF              20           1
        BANK3            001A0-001EF              50           1
        BANK4            00220-0026F              50           1
        BANK5            002A0-002EF              50           1
        BANK6            00320-0036F              50           1
        BANK7            003A0-003EF              50           1
        BANK8            00420-0046F              50           1
        BANK9            004A0-004EF              50           1
        BIGRAM           02000-027EF             7F0           1
        CODE             00002-00003               2           2
                         003C0-00810             440
                         010A9-03FFF             800
        CONST            00002-00003               2           2
                         003C0-00810             100
                         010A9-03FFF             100
        ENTRY            00002-00003               2           2
                         003C0-00810             100
                         010A9-03FFF             100
        IDLOC            08000-08003               4           2
        RAM              000CA-000EF              26           1
                         00120-0016F              50
                         001A0-001EF              50
                         00220-0026F              50
                         002A0-002EF              50
                         00320-0036F              50
                         003A0-003EF              50
                         00420-0046F              50
                         004A0-004EF              50
                         00520-0056F              50
                         005A0-005EF              50
                         00620-0066F              50
                         006A0-006EF              50
                         00720-0076F              50
                         007A0-007EF              50
                         00820-0086F              50
                         008A0-008EF              50
                         00920-0096F              50
                         009A0-009EF              50
                         00A20-00A6F              50
                         00AA0-00AEF              50
                         00B20-00B6F              50
                         00BA0-00BEF              50
                         00C20-00C6F              50
                         00CA0-00CBF              20
        SFR0             00000-0001F              20           1
        SFR1             00080-0009F              20           1
        SFR10            00500-0051F              20           1
        SFR11            00580-0059F              20           1
        SFR12            00600-0061F              20           1
        SFR13            00680-0069F              20           1
        SFR14            00700-0071F              20           1
        SFR15            00780-0079F              20           1
        SFR16            00800-0081F              20           1
        SFR17            00880-0089F              20           1
        SFR18            00900-0091F              20           1
        SFR19            00980-0099F              20           1
        SFR2             00100-0011F              20           1
        SFR20            00A00-00A1F              20           1
        SFR21            00A80-00A9F              20           1
        SFR22            00B00-00B1F              20           1
        SFR23            00B80-00B9F              20           1
        SFR24            00C00-00C1F              20           1
        SFR25            00C80-00C9F              20           1
        SFR26            00D00-00D6F              70           1
        SFR27            00D80-00DEF              70           1
        SFR28            00E00-00E6F              70           1
        SFR29            00E80-00EEF              70           1
        SFR3             00180-0019F              20           1
        SFR30            00F00-00F6F              70           1
        SFR31            00F80-00FEF              70           1
        SFR4             00200-0021F              20           1
        SFR5             00280-0029F              20           1
        SFR6             00300-0031F              20           1
        SFR7             00380-0039F              20           1
        SFR8             00400-0041F              20           1
        SFR9             00480-0049F              20           1
        STACK            0207A-027EF             776           1
        STRCODE          00002-00003               2           2
                         003C0-00810             451
                         010A9-03FFF            2F57
        STRING           00002-00003               2           2
                         003C0-00810             100
                         010A9-03FFF             100

                                  Symbol Table

?_ADC_GetConversion                                     cstackCOMMON 00070
?_FLASH_ReadWord                                        cstackCOMMON 00070
?_GetActualRippleCount                                  cstackCOMMON 00076
?_TMR1_ReadTimer                                        cstackCOMMON 00070
?___altoft                                              cstackBANK0  0002A
?___ftadd                                               cstackCOMMON 00078
?___ftdiv                                               cstackBANK0  00044
?___ftmul                                               cstackBANK0  00044
?___ftpack                                              cstackCOMMON 00070
?___ftsub                                               cstackBANK0  00038
?___fttol                                               cstackBANK0  00020
?___lwdiv                                               cstackCOMMON 00070
?___lwmod                                               cstackCOMMON 00077
?___lwtoft                                              cstackCOMMON 00078
?___wmul                                                cstackCOMMON 00074
?_printf                                                cstackBANK0  00020
?_round                                                 cstackBANK0  0003E
?_trunc                                                 cstackBANK0  00030
ADC_GetConversion@channel                               cstackCOMMON 00073
CCP1_CompareSetInterruptHandler@CompareInterruptHandler cstackCOMMON 00070
CCP1_SetCompareCount@compareCount                       cstackCOMMON 00070
CCP1_SetCompareCount@module                             cstackCOMMON 00072
CMP3_SetInterruptHandler@InterruptHandler               cstackCOMMON 00070
EUSART_Write@txData                                     cstackCOMMON 00070
FLASH_EraseBlock@GIEBitValue                            cstackCOMMON 00072
FLASH_EraseBlock@startAddr                              cstackCOMMON 00070
FLASH_ReadWord@GIEBitValue                              cstackCOMMON 00072
FLASH_ReadWord@flashAddr                                cstackCOMMON 00070
FLASH_WriteBlock@GIEBitValue                            cstackCOMMON 00079
FLASH_WriteBlock@blockStartAddr                         cstackCOMMON 0007A
FLASH_WriteBlock@flashWordArray                         cstackCOMMON 00075
FLASH_WriteBlock@i                                      cstackCOMMON 0007C
FLASH_WriteBlock@writeAddr                              cstackCOMMON 00073
FLASH_WriteWord@blockStartAddr                          cstackBANK0  00026
FLASH_WriteWord@flashAddr                               cstackBANK0  00020
FLASH_WriteWord@i                                       cstackBANK0  00028
FLASH_WriteWord@offset                                  cstackBANK0  00025
FLASH_WriteWord@ramBuf                                  cstackBANK0  00022
FLASH_WriteWord@word                                    cstackBANK0  00023
LCD_GoTo@column                                         cstackCOMMON 00074
LCD_GoTo@pos                                            cstackCOMMON 00075
LCD_GoTo@row                                            cstackCOMMON 00078
LCD_WriteByte@data                                      cstackCOMMON 00073
LCD_WriteCommand@cmd                                    cstackCOMMON 00073
LCD_WriteIOExpander@data                                cstackCOMMON 00071
LCD_WriteIOExpander@reg                                 cstackCOMMON 00072
PL10                                                    text80       00F21
PL12                                                    text80       00F28
PL14                                                    text80       00F30
PL16                                                    text41       001C0
PL18                                                    text80       00F3D
PL2                                                     text80       00F04
PL20                                                    text80       00F49
PL22                                                    text80       00F53
PL24                                                    text41       001CC
PL26                                                    text80       00F5C
PL28                                                    text80       00F64
PL30                                                    text80       00F6B
PL32                                                    text80       00F72
PL34                                                    text80       00F79
PL36                                                    text80       00F80
PL38                                                    text80       00F86
PL4                                                     text2        00319
PL40                                                    text41       001D1
PL42                                                    text80       00F8B
PL44                                                    text80       00F8F
PL46                                                    text80       00F93
PL48                                                    text80       00F98
PL50                                                    text80       00F9D
PL52                                                    text94       0035B
PL54                                                    text94       0035F
PL56                                                    text80       00FA1
PL6                                                     text80       00F12
PL8                                                     text80       00F19
ReadMotor01PositionFromHEF@actualMotor01Position        cstackCOMMON 0007C
ReadMotor02PositionFromHEF@actualMotor02Position        cstackCOMMON 0007C
SPI_Exchange8bit@data                                   cstackCOMMON 00070
StoreMotor01Position@Buf                                cstackBANK0  00029
StoreMotor01Position@write01P01                         cstackBANK0  00069
StoreMotor02Position@Buf                                cstackBANK0  00029
StoreMotor02Position@write01P02                         cstackBANK0  00069
TMR1_ReadTimer@readVal                                  cstackCOMMON 00072
TMR1_ReadTimer@readValHigh                              cstackCOMMON 00074
TMR1_ReadTimer@readValLow                               cstackCOMMON 00075
TMR1_WriteTimer@timerVal                                cstackCOMMON 00070
TMR4_Period8BitSet@periodVal                            cstackCOMMON 00070
TMR4_SetInterruptHandler@InterruptHandler               cstackCOMMON 00070
_ADCON0                                                 (abs)        00490
_ADCON0bits                                             (abs)        00490
_ADCON1                                                 (abs)        00491
_ADCON2                                                 (abs)        00492
_ADC_GetConversion                                      text80       00FBE
_ADC_Initialize                                         text2        001FD
_ADRESH                                                 (abs)        0048F
_ADRESL                                                 (abs)        0048E
_ANSELA                                                 (abs)        0018C
_ANSELB                                                 (abs)        0018D
_ANSELC                                                 (abs)        0018E
_ANSELD                                                 (abs)        0018F
_ANSELE                                                 (abs)        00190
_BAUD1CON                                               (abs)        0019F
_BORCON                                                 (abs)        0009D
_BrakingMechanism                                       text94       0034E
_BrakingMechanism02                                     text94       00351
_CCP1CON                                                (abs)        00293
_CCP1_CompareISR                                        text95       003AB
_CCP1_CompareInterruptHandler                           bssBANK1     000A4
_CCP1_CompareSetInterruptHandler                        text80       00D19
_CCP1_Initialize                                        text2        00206
_CCP1_SetCompareCount                                   text80       00988
_CCPR1H                                                 (abs)        00292
_CCPR1L                                                 (abs)        00291
_CCPTMRS2bits                                           (abs)        0029F
_CM1CON0                                                (abs)        00112
_CM1CON1                                                (abs)        00113
_CM1NSEL                                                (abs)        00114
_CM1PSEL                                                (abs)        00115
_CM3CON0                                                (abs)        0011A
_CM3CON1                                                (abs)        0011B
_CM3NSEL                                                (abs)        0011C
_CM3PSEL                                                (abs)        0011D
_CMP1_Initialize                                        text2        00210
_CMP3_ISR                                               text93       0039F
_CMP3_Initialize                                        text2        00218
_CMP3_InterruptHandler                                  bssBANK1     000A2
_CMP3_SetInterruptHandler                               text80       00FFB
_COG1ASD0                                               (abs)        0069D
_COG1ASD0bits                                           (abs)        0069D
_COG1ASD1                                               (abs)        0069E
_COG1BLKF                                               (abs)        00690
_COG1BLKR                                               (abs)        0068F
_COG1CON0                                               (abs)        00693
_COG1CON0bits                                           (abs)        00693
_COG1CON1                                               (abs)        00694
_COG1DBF                                                (abs)        00692
_COG1DBR                                                (abs)        00691
_COG1FIS0                                               (abs)        00699
_COG1FIS1                                               (abs)        0069A
_COG1FSIM0                                              (abs)        0069B
_COG1FSIM1                                              (abs)        0069C
_COG1PHF                                                (abs)        0068E
_COG1PHR                                                (abs)        0068D
_COG1RIS0                                               (abs)        00695
_COG1RIS1                                               (abs)        00696
_COG1RSIM0                                              (abs)        00697
_COG1RSIM1                                              (abs)        00698
_COG1STR                                                (abs)        0069F
_COG1_Initialize                                        text2        00227
_COG3ASD0                                               (abs)        0081D
_COG3ASD0bits                                           (abs)        0081D
_COG3ASD1                                               (abs)        0081E
_COG3BLKF                                               (abs)        00810
_COG3BLKR                                               (abs)        0080F
_COG3CON0                                               (abs)        00813
_COG3CON0bits                                           (abs)        00813
_COG3CON1                                               (abs)        00814
_COG3DBF                                                (abs)        00812
_COG3DBR                                                (abs)        00811
_COG3FIS0                                               (abs)        00819
_COG3FIS1                                               (abs)        0081A
_COG3FSIM0                                              (abs)        0081B
_COG3FSIM1                                              (abs)        0081C
_COG3PHF                                                (abs)        0080E
_COG3PHR                                                (abs)        0080D
_COG3RIS0                                               (abs)        00815
_COG3RIS1                                               (abs)        00816
_COG3RSIM0                                              (abs)        00817
_COG3RSIM1                                              (abs)        00818
_COG3STR                                                (abs)        0081F
_COG3_Initialize                                        text2        0022C
_CheckM1ForwardButton                                   text80       00D1E
_CheckM1ReverseButton                                   text80       00DCB
_CheckM2ForwardButton                                   text80       00EDF
_CheckM2ReverseButton                                   text80       00FA6
_CompareLoadValue                                       text80       00946
_Compare_ISR                                            text94       00338
_DAC1CON0                                               (abs)        0058E
_DAC1REFH                                               (abs)        00590
_DAC1REFL                                               (abs)        0058F
_DAC1_Initialize                                        text2        00231
_DACLDbits                                              (abs)        0058D
_EUSART_Initialize                                      text2        002FD
_EUSART_Write                                           text80       00EFD
_ExpectedRippleCountRemainingAngle                      text80       00871
_ExpectedRippleCountRemainingAngle$3701                 cstackBANK0  00053
_ExpectedRippleCountRemainingAngle02                    text80       0088E
_ExpectedRippleCountRemainingAngle02$3705               cstackBANK0  00053
_ExpectedRippleCountToHome                              text80       00854
_ExpectedRippleCountToHome$3702                         cstackBANK0  00053
_ExpectedRippleCountToHome02                            text80       00951
_ExpectedRippleCountToHome02$3706                       cstackBANK0  00053
_FLASH_EraseBlock                                       text41       001A8
_FLASH_ReadWord                                         text41       00141
_FLASH_WriteBlock                                       text41       0015B
_FLASH_WriteWord                                        text41       0010B
_FVRCON                                                 (abs)        0009E
_FVR_Initialize                                         text2        00239
_GetActualRippleCount                                   text80       00A4D
_INTCONbits                                             (abs)        0000B
_INTERRUPT_InterruptManager                             intentry     00004
_LATA                                                   (abs)        0010C
_LATAbits                                               (abs)        0010C
_LATB                                                   (abs)        0010D
_LATBbits                                               (abs)        0010D
_LATC                                                   (abs)        0010E
_LATD                                                   (abs)        0010F
_LATDbits                                               (abs)        0010F
_LATE                                                   (abs)        00110
_LCD_GoTo                                               text80       00BEC
_LCD_GoTo$3115                                          cstackCOMMON 00076
_LCD_Initialize                                         text80       00B5D
_LCD_WriteByte                                          text80       00B2E
_LCD_WriteCommand                                       text80       00BA1
_LCD_WriteIOExpander                                    text80       00BB0
_LoadValues                                             text80       0097E
_M1_ForwardPosition                                     text41       00090
_M2_ForwardPosition                                     text41       00060
_M2_ReversePosition                                     text41       00047
_Motor01Forward_Drive                                   text80       00811
_Motor01Position                                        text80       00C01
_Motor01Position$3703                                   cstackBANK0  0006B
_Motor01Reverse_Drive                                   text80       0096E
_Motor02Forward_Drive                                   text80       00823
_Motor02Position                                        text80       00C4E
_Motor02Position$3707                                   cstackBANK0  0006B
_Motor02Reverse_Drive                                   text80       009AD
_Motor2AngleSetting                                     text80       009BF
_Motor2AngleSetting$3704                                cstackBANK0  00056
_ODCONA                                                 (abs)        0028C
_ODCONB                                                 (abs)        0028D
_ODCONC                                                 (abs)        0028E
_ODCOND                                                 (abs)        0028F
_ODCONE                                                 (abs)        00290
_OPA1CON                                                (abs)        00511
_OPA1NCHS                                               (abs)        0050F
_OPA1ORS                                                (abs)        00512
_OPA1PCHS                                               (abs)        00510
_OPA1_Initialize                                        text2        0023D
_OPA4CON                                                (abs)        0051D
_OPA4NCHS                                               (abs)        0051B
_OPA4ORS                                                (abs)        0051E
_OPA4PCHS                                               (abs)        0051C
_OPA4_Initialize                                        text2        00245
_OPTION_REGbits                                         (abs)        00097
_OSCCON                                                 (abs)        0009B
_OSCILLATOR_Initialize                                  text2        0024C
_OSCSTAT                                                (abs)        0009C
_OSCTUNE                                                (abs)        0009A
_OvercurrentDetection                                   text80       00D34
_Overcurrent_ISR                                        text94       0032F
_PIE1bits                                               (abs)        00091
_PIE2bits                                               (abs)        00092
_PIE4bits                                               (abs)        00094
_PIN_MANAGER_Initialize                                 text2        00254
_PIR1bits                                               (abs)        00011
_PIR2bits                                               (abs)        00012
_PIR4bits                                               (abs)        00014
_PMADRH                                                 (abs)        00192
_PMADRL                                                 (abs)        00191
_PMCON1bits                                             (abs)        00195
_PMCON2                                                 (abs)        00196
_PMDATH                                                 (abs)        00194
_PMDATL                                                 (abs)        00193
_PORTAbits                                              (abs)        0000C
_PORTBbits                                              (abs)        0000D
_PORTCbits                                              (abs)        0000E
_PR4                                                    (abs)        00414
_PWM3CON                                                (abs)        00616
_PWM3DCH                                                (abs)        00615
_PWM3DCL                                                (abs)        00614
_PWM3_Initialize                                        text2        002AC
_PWM9CON                                                (abs)        0061C
_PWM9DCH                                                (abs)        0061B
_PWM9DCL                                                (abs)        0061A
_PWM9_Initialize                                        text2        00308
_RA6PPS                                                 (abs)        00E96
_RA7PPS                                                 (abs)        00E97
_RB7PPS                                                 (abs)        00E9F
_RC0PPS                                                 (abs)        00EA0
_RC1STA                                                 (abs)        0019D
_RC3PPS                                                 (abs)        00EA3
_RC5PPS                                                 (abs)        00EA5
_RC6PPS                                                 (abs)        00EA6
_RC7PPS                                                 (abs)        00EA7
_RD4PPS                                                 (abs)        00EAC
_RD5PPS                                                 (abs)        00EAD
_RD6PPS                                                 (abs)        00EAE
_RD7PPS                                                 (abs)        00EAF
_RE1PPS                                                 (abs)        00EB1
_ReadInput                                              text80       00ACD
_ReadMotor01PositionFromHEF                             text41       000EA
_ReadMotor02PositionFromHEF                             text41       000C9
_ResumeMotor                                            text80       00837
_SLRCONA                                                (abs)        0030C
_SLRCONB                                                (abs)        0030D
_SLRCONC                                                (abs)        0030E
_SLRCOND                                                (abs)        0030F
_SLRCONE                                                (abs)        00310
_SP1BRGH                                                (abs)        0019C
_SP1BRGL                                                (abs)        0019B
_SPI_Exchange8bit                                       text80       00BBE
_SPI_Initialize                                         text2        002B7
_SSP1ADD                                                (abs)        00212
_SSP1BUF                                                (abs)        00211
_SSP1CON1                                               (abs)        00215
_SSP1CON1bits                                           (abs)        00215
_SSP1STAT                                               (abs)        00214
_SSP1STATbits                                           (abs)        00214
_SSPCLKPPS                                              (abs)        00E3A
_SSPDATPPS                                              (abs)        00E3B
_SYSTEM_Initialize                                      text2        001D6
_StallDetection                                         text80       00EF7
_Stall_ISR                                              text94       00343
_StoreMotor01Position                                   text41       000B6
_StoreMotor02Position                                   text41       0007D
_T1CKIPPS                                               (abs)        00E0F
_T1CON                                                  (abs)        0001A
_T1CONbits                                              (abs)        0001A
_T1GCON                                                 (abs)        0001B
_T1GPPS                                                 (abs)        00E10
_T2CLKCON                                               (abs)        00497
_T2CON                                                  (abs)        00495
_T2HLT                                                  (abs)        00496
_T2PR                                                   (abs)        00494
_T2RST                                                  (abs)        00498
_T2TMR                                                  (abs)        00493
_T4CLKCON                                               (abs)        00417
_T4CON                                                  (abs)        00415
_T4CONbits                                              (abs)        00415
_T4HLT                                                  (abs)        00416
_T4PR                                                   (abs)        00414
_T4RST                                                  (abs)        00418
_T4TMR                                                  (abs)        00413
_TMR1H                                                  (abs)        00019
_TMR1L                                                  (abs)        00018
_TMR1_GATE_ISR                                          text92       003BD
_TMR1_GateInterruptHandler                              bssBANK1     000A6
_TMR1_Initialize                                        text2        002BD
_TMR1_ReadTimer                                         text80       00FED
_TMR1_Reload                                            text80       00991
_TMR1_StartTimer                                        text80       009AA
_TMR1_StopTimer                                         text94       00355
_TMR1_WriteTimer                                        text80       00997
_TMR2_Initialize                                        text2        002D5
_TMR4_DefaultInterruptHandler                           text91       003BF
_TMR4_ISR                                               text89       00393
_TMR4_Initialize                                        text2        002E3
_TMR4_InterruptHandler                                  nvBANK1      000C8
_TMR4_Period8BitSet                                     text80       009A6
_TMR4_SetInterruptHandler                               text2        00313
_TMR4_Stop                                              text94       00358
_TMR4_StopTimer                                         text94       00354
_TRISA                                                  (abs)        0008C
_TRISB                                                  (abs)        0008D
_TRISC                                                  (abs)        0008E
_TRISD                                                  (abs)        0008F
_TRISE                                                  (abs)        00090
_TX1REG                                                 (abs)        0019A
_TX1STA                                                 (abs)        0019E
_WDTCON                                                 (abs)        00099
_WDT_Initialize                                         text2        002FA
_WPUA                                                   (abs)        0020C
_WPUB                                                   (abs)        0020D
_WPUC                                                   (abs)        0020E
_WPUD                                                   (abs)        0020F
_WPUE                                                   (abs)        00210
__CFG_BOREN$ON                                          (abs)        00000
__CFG_BORV$LO                                           (abs)        00000
__CFG_CLKOUTEN$OFF                                      (abs)        00000
__CFG_CP$OFF                                            (abs)        00000
__CFG_FCMEN$ON                                          (abs)        00000
__CFG_FOSC$INTOSC                                       (abs)        00000
__CFG_IESO$ON                                           (abs)        00000
__CFG_LPBOR$OFF                                         (abs)        00000
__CFG_LVP$ON                                            (abs)        00000
__CFG_MCLRE$ON                                          (abs)        00000
__CFG_PLLEN$OFF                                         (abs)        00000
__CFG_PPS1WAY$ON                                        (abs)        00000
__CFG_PWRTE$OFF                                         (abs)        00000
__CFG_STVREN$ON                                         (abs)        00000
__CFG_WDTE$OFF                                          (abs)        00000
__CFG_WRT$OFF                                           (abs)        00000
__CFG_ZCD$OFF                                           (abs)        00000
__Habs1                                                 abs1         00000
__Hbank0                                                bank0        00000
__Hbank1                                                bank1        00000
__Hbank10                                               bank10       00000
__Hbank11                                               bank11       00000
__Hbank12                                               bank12       00000
__Hbank13                                               bank13       00000
__Hbank14                                               bank14       00000
__Hbank15                                               bank15       00000
__Hbank16                                               bank16       00000
__Hbank17                                               bank17       00000
__Hbank18                                               bank18       00000
__Hbank19                                               bank19       00000
__Hbank2                                                bank2        00000
__Hbank20                                               bank20       00000
__Hbank21                                               bank21       00000
__Hbank22                                               bank22       00000
__Hbank23                                               bank23       00000
__Hbank24                                               bank24       00000
__Hbank25                                               bank25       00000
__Hbank26                                               bank26       00000
__Hbank27                                               bank27       00000
__Hbank28                                               bank28       00000
__Hbank29                                               bank29       00000
__Hbank3                                                bank3        00000
__Hbank30                                               bank30       00000
__Hbank31                                               bank31       00000
__Hbank4                                                bank4        00000
__Hbank5                                                bank5        00000
__Hbank6                                                bank6        00000
__Hbank7                                                bank7        00000
__Hbank8                                                bank8        00000
__Hbank9                                                bank9        00000
__Hbigram                                               bigram       00000
__HbssBANK1                                             bssBANK1     00000
__Hcinit                                                cinit        00047
__Hclrtext                                              clrtext      00000
__Hcode                                                 code         00000
__Hcommon                                               common       00000
__Hconfig                                               config       08009
__HcstackBANK0                                          cstackBANK0  00000
__HcstackCOMMON                                         cstackCOMMON 00000
__HdataBANK1                                            dataBANK1    00000
__Heeprom_data                                          eeprom_data  00000
__Hend_init                                             end_init     00032
__Hfunctab                                              functab      00000
__HidataBANK1                                           idataBANK1   00000
__Hidloc                                                idloc        00000
__Hinit                                                 init         00030
__Hintentry                                             intentry     00030
__Hmaintext                                             maintext     00000
__HnvBANK1                                              nvBANK1      00000
__Hpa_nodes0                                            pa_nodes0    00000
__Hpowerup                                              powerup      00000
__Hram                                                  ram          00000
__Hreset_vec                                            reset_vec    00002
__Hsfr0                                                 sfr0         00000
__Hsfr1                                                 sfr1         00000
__Hsfr10                                                sfr10        00000
__Hsfr11                                                sfr11        00000
__Hsfr12                                                sfr12        00000
__Hsfr13                                                sfr13        00000
__Hsfr14                                                sfr14        00000
__Hsfr15                                                sfr15        00000
__Hsfr16                                                sfr16        00000
__Hsfr17                                                sfr17        00000
__Hsfr18                                                sfr18        00000
__Hsfr19                                                sfr19        00000
__Hsfr2                                                 sfr2         00000
__Hsfr20                                                sfr20        00000
__Hsfr21                                                sfr21        00000
__Hsfr22                                                sfr22        00000
__Hsfr23                                                sfr23        00000
__Hsfr24                                                sfr24        00000
__Hsfr25                                                sfr25        00000
__Hsfr26                                                sfr26        00000
__Hsfr27                                                sfr27        00000
__Hsfr28                                                sfr28        00000
__Hsfr29                                                sfr29        00000
__Hsfr3                                                 sfr3         00000
__Hsfr30                                                sfr30        00000
__Hsfr31                                                sfr31        00000
__Hsfr4                                                 sfr4         00000
__Hsfr5                                                 sfr5         00000
__Hsfr6                                                 sfr6         00000
__Hsfr7                                                 sfr7         00000
__Hsfr8                                                 sfr8         00000
__Hsfr9                                                 sfr9         00000
__Hspace_0                                              (abs)        08009
__Hspace_1                                              (abs)        000CA
__Hspace_2                                              (abs)        00000
__Hspace_3                                              (abs)        00000
__Hstack                                                stack        00000
__Hstrings                                              strings      00000
__Hstringtext1                                          stringtext1  00000
__Hstringtext2                                          stringtext2  00000
__Hstringtext3                                          stringtext3  00000
__Hstringtext4                                          stringtext4  00000
__Hstringtext5                                          stringtext5  00000
__Hstringtext6                                          stringtext6  00000
__Hstringtext7                                          stringtext7  00000
__Hstringtext8                                          stringtext8  00000
__Hstringtext9                                          stringtext9  00000
__Htext                                                 text         00000
__Labs1                                                 abs1         00000
__Lbank0                                                bank0        00000
__Lbank1                                                bank1        00000
__Lbank10                                               bank10       00000
__Lbank11                                               bank11       00000
__Lbank12                                               bank12       00000
__Lbank13                                               bank13       00000
__Lbank14                                               bank14       00000
__Lbank15                                               bank15       00000
__Lbank16                                               bank16       00000
__Lbank17                                               bank17       00000
__Lbank18                                               bank18       00000
__Lbank19                                               bank19       00000
__Lbank2                                                bank2        00000
__Lbank20                                               bank20       00000
__Lbank21                                               bank21       00000
__Lbank22                                               bank22       00000
__Lbank23                                               bank23       00000
__Lbank24                                               bank24       00000
__Lbank25                                               bank25       00000
__Lbank26                                               bank26       00000
__Lbank27                                               bank27       00000
__Lbank28                                               bank28       00000
__Lbank29                                               bank29       00000
__Lbank3                                                bank3        00000
__Lbank30                                               bank30       00000
__Lbank31                                               bank31       00000
__Lbank4                                                bank4        00000
__Lbank5                                                bank5        00000
__Lbank6                                                bank6        00000
__Lbank7                                                bank7        00000
__Lbank8                                                bank8        00000
__Lbank9                                                bank9        00000
__Lbigram                                               bigram       00000
__LbssBANK1                                             bssBANK1     00000
__Lcinit                                                cinit        00032
__Lclrtext                                              clrtext      00000
__Lcode                                                 code         00000
__Lcommon                                               common       00000
__Lconfig                                               config       08007
__LcstackBANK0                                          cstackBANK0  00000
__LcstackCOMMON                                         cstackCOMMON 00000
__LdataBANK1                                            dataBANK1    00000
__Leeprom_data                                          eeprom_data  00000
__Lend_init                                             end_init     00030
__Lfunctab                                              functab      00000
__LidataBANK1                                           idataBANK1   00000
__Lidloc                                                idloc        00000
__Linit                                                 init         00030
__Lintentry                                             intentry     00004
__Lmaintext                                             maintext     00000
__LnvBANK1                                              nvBANK1      00000
__Lpa_nodes0                                            pa_nodes0    00000
__Lpowerup                                              powerup      00000
__Lram                                                  ram          00000
__Lreset_vec                                            reset_vec    00000
__Lsfr0                                                 sfr0         00000
__Lsfr1                                                 sfr1         00000
__Lsfr10                                                sfr10        00000
__Lsfr11                                                sfr11        00000
__Lsfr12                                                sfr12        00000
__Lsfr13                                                sfr13        00000
__Lsfr14                                                sfr14        00000
__Lsfr15                                                sfr15        00000
__Lsfr16                                                sfr16        00000
__Lsfr17                                                sfr17        00000
__Lsfr18                                                sfr18        00000
__Lsfr19                                                sfr19        00000
__Lsfr2                                                 sfr2         00000
__Lsfr20                                                sfr20        00000
__Lsfr21                                                sfr21        00000
__Lsfr22                                                sfr22        00000
__Lsfr23                                                sfr23        00000
__Lsfr24                                                sfr24        00000
__Lsfr25                                                sfr25        00000
__Lsfr26                                                sfr26        00000
__Lsfr27                                                sfr27        00000
__Lsfr28                                                sfr28        00000
__Lsfr29                                                sfr29        00000
__Lsfr3                                                 sfr3         00000
__Lsfr30                                                sfr30        00000
__Lsfr31                                                sfr31        00000
__Lsfr4                                                 sfr4         00000
__Lsfr5                                                 sfr5         00000
__Lsfr6                                                 sfr6         00000
__Lsfr7                                                 sfr7         00000
__Lsfr8                                                 sfr8         00000
__Lsfr9                                                 sfr9         00000
__Lspace_0                                              (abs)        00000
__Lspace_1                                              (abs)        00000
__Lspace_2                                              (abs)        00000
__Lspace_3                                              (abs)        00000
__Lstack                                                stack        00000
__Lstrings                                              strings      00000
__Lstringtext1                                          stringtext1  00000
__Lstringtext2                                          stringtext2  00000
__Lstringtext3                                          stringtext3  00000
__Lstringtext4                                          stringtext4  00000
__Lstringtext5                                          stringtext5  00000
__Lstringtext6                                          stringtext6  00000
__Lstringtext7                                          stringtext7  00000
__Lstringtext8                                          stringtext8  00000
__Lstringtext9                                          stringtext9  00000
__Ltext                                                 text         00000
__S0                                                    (abs)        08009
__S1                                                    (abs)        000CA
__S2                                                    (abs)        00000
___altoft                                               text70       00363
___altoft@c                                             cstackBANK0  0002A
___altoft@exp                                           cstackBANK0  0002E
___altoft@sign                                          cstackBANK0  0002F
___ftadd                                                text80       00DE1
___ftadd@exp1                                           cstackBANK0  00025
___ftadd@exp2                                           cstackBANK0  00024
___ftadd@f1                                             cstackCOMMON 00078
___ftadd@f2                                             cstackCOMMON 0007B
___ftadd@sign                                           cstackBANK0  00023
___ftdiv                                                text80       00D39
___ftdiv@cntr                                           cstackBANK0  0004D
___ftdiv@exp                                            cstackBANK0  00051
___ftdiv@f1                                             cstackBANK0  00047
___ftdiv@f2                                             cstackBANK0  00044
___ftdiv@f3                                             cstackBANK0  0004E
___ftdiv@sign                                           cstackBANK0  00052
___ftmul                                                text80       008AB
___ftmul@cntr                                           cstackBANK0  00051
___ftmul@exp                                            cstackBANK0  0004D
___ftmul@f1                                             cstackBANK0  00044
___ftmul@f2                                             cstackBANK0  00047
___ftmul@f3_as_product                                  cstackBANK0  0004E
___ftmul@sign                                           cstackBANK0  00052
___ftpack                                               text80       00908
___ftpack@arg                                           cstackCOMMON 00070
___ftpack@exp                                           cstackCOMMON 00073
___ftpack@sign                                          cstackCOMMON 00074
___ftsub                                                text80       00E8F
___ftsub@f1                                             cstackBANK0  0003B
___ftsub@f2                                             cstackBANK0  00038
___fttol                                                text80       00C8D
___fttol@exp1                                           cstackBANK0  00029
___fttol@f1                                             cstackBANK0  00020
___fttol@lval                                           cstackBANK0  00025
___fttol@sign1                                          cstackBANK0  00024
___int_sp                                               stack        00000
___latbits                                              (abs)        00003
___lwdiv                                                text80       00BC7
___lwdiv@counter                                        cstackCOMMON 00076
___lwdiv@dividend                                       cstackCOMMON 00072
___lwdiv@divisor                                        cstackCOMMON 00070
___lwdiv@quotient                                       cstackCOMMON 00074
___lwmod                                                text80       00B3D
___lwmod@counter                                        cstackCOMMON 0007B
___lwmod@dividend                                       cstackCOMMON 00079
___lwmod@divisor                                        cstackCOMMON 00077
___lwtoft                                               text80       00C7D
___lwtoft@c                                             cstackCOMMON 00078
___sp                                                   stack        00000
___wmul                                                 text80       00FD8
___wmul@multiplicand                                    cstackCOMMON 00076
___wmul@multiplier                                      cstackCOMMON 00074
___wmul@product                                         cstackCOMMON 00078
__end_ofPL10                                            text80       00F28
__end_ofPL12                                            text80       00F30
__end_ofPL14                                            text80       00F3D
__end_ofPL16                                            text41       001CC
__end_ofPL18                                            text80       00F49
__end_ofPL2                                             text80       00F12
__end_ofPL20                                            text80       00F53
__end_ofPL22                                            text80       00F5C
__end_ofPL24                                            text41       001D1
__end_ofPL26                                            text80       00F64
__end_ofPL28                                            text80       00F6B
__end_ofPL30                                            text80       00F72
__end_ofPL32                                            text80       00F79
__end_ofPL34                                            text80       00F80
__end_ofPL36                                            text80       00F86
__end_ofPL38                                            text80       00F8B
__end_ofPL4                                             text2        0032F
__end_ofPL40                                            text41       001D6
__end_ofPL42                                            text80       00F8F
__end_ofPL44                                            text80       00F93
__end_ofPL46                                            text80       00F98
__end_ofPL48                                            text80       00F9D
__end_ofPL50                                            text80       00FA1
__end_ofPL52                                            text94       0035F
__end_ofPL54                                            text94       00363
__end_ofPL56                                            text80       00FA6
__end_ofPL6                                             text80       00F19
__end_ofPL8                                             text80       00F21
__end_of_ADC_GetConversion                              text80       00FD8
__end_of_ADC_Initialize                                 text2        00206
__end_of_BrakingMechanism                               text94       00351
__end_of_BrakingMechanism02                             text94       00354
__end_of_CCP1_CompareISR                                text95       003B7
__end_of_CCP1_CompareSetInterruptHandler                text80       00D1E
__end_of_CCP1_Initialize                                text2        00210
__end_of_CCP1_SetCompareCount                           text80       00991
__end_of_CMP1_Initialize                                text2        00218
__end_of_CMP3_ISR                                       text93       003AB
__end_of_CMP3_Initialize                                text2        00227
__end_of_CMP3_SetInterruptHandler                       text80       01000
__end_of_COG1_Initialize                                text2        0022C
__end_of_COG3_Initialize                                text2        00231
__end_of_CheckM1ForwardButton                           text80       00D34
__end_of_CheckM1ReverseButton                           text80       00DE1
__end_of_CheckM2ForwardButton                           text80       00EF7
__end_of_CheckM2ReverseButton                           text80       00FBE
__end_of_CompareLoadValue                               text80       00951
__end_of_Compare_ISR                                    text94       00343
__end_of_DAC1_Initialize                                text2        00239
__end_of_EUSART_Initialize                              text2        00308
__end_of_EUSART_Write                                   text80       00F04
__end_of_ExpectedRippleCountRemainingAngle              text80       0088E
__end_of_ExpectedRippleCountRemainingAngle02            text80       008AB
__end_of_ExpectedRippleCountToHome                      text80       00871
__end_of_ExpectedRippleCountToHome02                    text80       0096E
__end_of_FLASH_EraseBlock                               text41       001C0
__end_of_FLASH_ReadWord                                 text41       0015B
__end_of_FLASH_WriteBlock                               text41       001A8
__end_of_FLASH_WriteWord                                text41       00141
__end_of_FVR_Initialize                                 text2        0023D
__end_of_GetActualRippleCount                           text80       00A5E
__end_of_INTERRUPT_InterruptManager                     intentry     00030
__end_of_LCD_GoTo                                       text80       00C01
__end_of_LCD_Initialize                                 text80       00BA1
__end_of_LCD_WriteByte                                  text80       00B3D
__end_of_LCD_WriteCommand                               text80       00BB0
__end_of_LCD_WriteIOExpander                            text80       00BBE
__end_of_LoadValues                                     text80       00988
__end_of_M1_ForwardPosition                             text41       000B6
__end_of_M2_ForwardPosition                             text41       0007D
__end_of_M2_ReversePosition                             text41       00060
__end_of_Motor01Forward_Drive                           text80       00823
__end_of_Motor01Position                                text80       00C4E
__end_of_Motor01Reverse_Drive                           text80       0097E
__end_of_Motor02Forward_Drive                           text80       00837
__end_of_Motor02Position                                text80       00C7D
__end_of_Motor02Reverse_Drive                           text80       009BF
__end_of_Motor2AngleSetting                             text80       009FA
__end_of_OPA1_Initialize                                text2        00245
__end_of_OPA4_Initialize                                text2        0024C
__end_of_OSCILLATOR_Initialize                          text2        00254
__end_of_OvercurrentDetection                           text80       00D39
__end_of_Overcurrent_ISR                                text94       00338
__end_of_PIN_MANAGER_Initialize                         text2        002AC
__end_of_PWM3_Initialize                                text2        002B7
__end_of_PWM9_Initialize                                text2        00313
__end_of_ReadInput                                      text80       00B2E
__end_of_ReadMotor01PositionFromHEF                     text41       0010B
__end_of_ReadMotor02PositionFromHEF                     text41       000EA
__end_of_ResumeMotor                                    text80       00854
__end_of_SPI_Exchange8bit                               text80       00BC7
__end_of_SPI_Initialize                                 text2        002BD
__end_of_SYSTEM_Initialize                              text2        001FD
__end_of_StallDetection                                 text80       00EFD
__end_of_Stall_ISR                                      text94       0034E
__end_of_StoreMotor01Position                           text41       000C9
__end_of_StoreMotor02Position                           text41       00090
__end_of_TMR1_GATE_ISR                                  text92       003BF
__end_of_TMR1_Initialize                                text2        002D5
__end_of_TMR1_ReadTimer                                 text80       00FFB
__end_of_TMR1_Reload                                    text80       00997
__end_of_TMR1_StartTimer                                text80       009AD
__end_of_TMR1_StopTimer                                 text94       00358
__end_of_TMR1_WriteTimer                                text80       009A6
__end_of_TMR2_Initialize                                text2        002E3
__end_of_TMR4_DefaultInterruptHandler                   text91       003C0
__end_of_TMR4_ISR                                       text89       0039F
__end_of_TMR4_Initialize                                text2        002FA
__end_of_TMR4_Period8BitSet                             text80       009AA
__end_of_TMR4_SetInterruptHandler                       text2        00319
__end_of_TMR4_Stop                                      text94       0035B
__end_of_TMR4_StopTimer                                 text94       00355
__end_of_WDT_Initialize                                 text2        002FD
__end_of___altoft                                       text70       00393
__end_of___ftadd                                        text80       00E8F
__end_of___ftdiv                                        text80       00D96
__end_of___ftmul                                        text80       00908
__end_of___ftpack                                       text80       00946
__end_of___ftsub                                        text80       00EAB
__end_of___fttol                                        text80       00CE2
__end_of___lwdiv                                        text80       00BEC
__end_of___lwmod                                        text80       00B5D
__end_of___lwtoft                                       text80       00C8D
__end_of___wmul                                         text80       00FED
__end_of__initialization                                cinit        00043
__end_of_dpowers                                        stringtext1  010A3
__end_of_frexp                                          text80       00EDF
__end_of_main                                           text80       00A4D
__end_of_printf                                         text80       00ACA
__end_of_putch                                          text80       00ACD
__end_of_round                                          text80       00D19
__end_of_trunc                                          text80       00DCB
__initialization                                        cinit        00032
__pbssBANK1                                             bssBANK1     000A0
__pcstackBANK0                                          cstackBANK0  00020
__pcstackCOMMON                                         cstackCOMMON 00070
__pdataBANK1                                            dataBANK1    000C1
__pidataBANK1                                           idataBANK1   00000
__pintentry                                             intentry     00004
__pmaintext                                             text80       009FA
__pnvBANK1                                              nvBANK1      000C6
__pstringtext1                                          stringtext1  01099
__pstringtext2                                          stringtext2  01000
__pstringtext3                                          stringtext3  0101E
__pstringtext4                                          stringtext4  0103C
__pstringtext5                                          stringtext5  01057
__pstringtext6                                          stringtext6  0106F
__pstringtext7                                          stringtext7  01085
__pstringtext8                                          stringtext8  010A3
__pstringtext9                                          stringtext9  00000
__ptext1                                                text80       00EF7
__ptext10                                               text2        002AC
__ptext100                                              text94       00351
__ptext101                                              text94       0034E
__ptext11                                               text2        00254
__ptext12                                               text2        0024C
__ptext13                                               text2        00245
__ptext14                                               text2        0023D
__ptext15                                               text2        00239
__ptext16                                               text2        002FD
__ptext17                                               text2        00231
__ptext18                                               text2        0022C
__ptext19                                               text2        00227
__ptext2                                                text2        001D6
__ptext20                                               text2        00218
__ptext21                                               text2        00210
__ptext22                                               text2        00206
__ptext23                                               text2        001FD
__ptext24                                               text80       00837
__ptext25                                               text80       00951
__ptext26                                               text80       00854
__ptext27                                               text80       00871
__ptext28                                               text41       000C9
__ptext29                                               text41       000EA
__ptext3                                                text2        002FA
__ptext30                                               text80       00ACD
__ptext31                                               text80       00FD8
__ptext32                                               text80       00B2E
[...]
 Defined at:
		line 125 in file "mcc_generated_files/tmr4.c"
 Parameters:    Size  Location     Type
		None
 Auto vars:     Size  Location     Type
		None
 Return value:  Size  Location     Type
                  1    wreg      void 
 Registers used:
		status,2, status,0, pclath, cstack
 Tracked objects:
		On entry : 
		On exit  : 
		Unchanged: 
 Data sizes:     COMMON   BANK0   BANK1   BANK2   BANK3   BANK4   BANK5   BANK6   BANK7   BANK8   BANK9  BANK10  BANK11  BANK12  BANK13  BANK14  BANK15  BANK16  BANK17  BANK18  BANK19  BANK20  BANK21  BANK22  BANK23  BANK24  BANK25
      Params:         0       0       0       0       0       0       0       0       0       0       0       0       0       0       0       0       0       0       0       0       0       0       0       0       0       0       0
      Locals:         0       0       0       0       0       0       0       0       0       0       0       0       0       0       0       0       0       0       0       0       0       0       0       0       0       0       0
      Temps:          0       0       0       0       0       0       0       0       0       0       0       0       0       0       0       0       0       0       0       0       0       0       0       0       0       0       0
      Totals:         0       0       0       0       0       0       0       0       0       0       0       0       0       0       0       0       0       0       0       0       0       0       0       0       0       0       0
Total ram usage:        0 bytes
 Hardware stack levels used:    1
 Hardware stack levels required when called:    1
 This function calls:
		_TMR4_Stop
 This function is called by:
		_Stall_ISR
		_Compare_ISR
 This function uses a non-reentrant model


 *************** function _TMR4_Stop *****************
 Defined at:
		line 119 in file "mcc_generated_files/tmr4.c"
 Parameters:    Size  Location     Type
		None
 Auto vars:     Size  Location     Type
		None
 Return value:  Size  Location     Type
                  1    wreg      void 
 Registers used:
		None
 Tracked objects:
		On entry : 
		On exit  : 
		Unchanged: 
 Data sizes:     COMMON   BANK0   BANK1   BANK2   BANK3   BANK4   BANK5   BANK6   BANK7   BANK8   BANK9  BANK10  BANK11  BANK12  BANK13  BANK14  BANK15  BANK16  BANK17  BANK18  BANK19  BANK20  BANK21  BANK22  BANK23  BANK24  BANK25
      Params:         0       0       0       0       0       0       0       0       0       0       0       0       0       0       0       0       0       0       0       0       0       0       0       0       0       0       0
      Locals:         0       0       0       0       0       0       0       0       0       0       0       0       0       0       0       0       0       0       0       0       0       0       0       0       0       0       0
      Temps:          0       0       0       0       0       0       0       0       0       0       0       0       0       0       0       0       0       0       0       0       0       0       0       0       0       0       0
      Totals:         0       0       0       0       0       0       0       0       0       0       0       0       0       0       0       0       0       0       0       0       0       0       0       0       0       0       0
Total ram usage:        0 bytes
 Hardware stack levels used:    1
 This function calls:
		Nothing
 This function is called by:
		_TMR4_StopTimer
 This function uses a non-reentrant model


 *************** function _TMR1_StopTimer *****************
 Defined at:
		line 98 in file "mcc_generated_files/tmr1.c"
 Parameters:    Size  Location     Type
		None
 Auto vars:     Size  Location     Type
		None
 Return value:  Size  Location     Type
                  1    wreg      void 
 Registers used:
		None
 Tracked objects:
		On entry : 
		On exit  : 
		Unchanged: 
 Data sizes:     COMMON   BANK0   BANK1   BANK2   BANK3   BANK4   BANK5   BANK6   BANK7   BANK8   BANK9  BANK10  BANK11  BANK12  BANK13  BANK14  BANK15  BANK16  BANK17  BANK18  BANK19  BANK20  BANK21  BANK22  BANK23  BANK24  BANK25
      Params:         0       0       0       0       0       0       0       0       0       0       0       0       0       0       0       0       0       0       0       0       0       0       0       0       0       0       0
      Locals:         0       0       0       0       0       0       0       0       0       0       0       0       0       0       0       0       0       0       0       0       0       0       0       0       0       0       0
      Temps:          0       0       0       0       0       0       0       0       0       0       0       0       0       0       0       0       0       0       0       0       0       0       0       0       0       0       0
      Totals:         0       0       0       0       0       0       0       0       0       0       0       0       0       0       0       0       0       0       0       0       0       0       0       0       0       0       0
Total ram usage:        0 bytes
 Hardware stack levels used:    1
 This function calls:
		Nothing
 This function is called by:
		_Stall_ISR
		_Overcurrent_ISR
		_Compare_ISR
 This function uses a non-reentrant model


 *************** function _BrakingMechanism02 *****************
 Defined at:
		line 100 in file "motordrive02.c"
 Parameters:    Size  Location     Type
		None
 Auto vars:     Size  Location     Type
		None
 Return value:  Size  Location     Type
                  1    wreg      void 
 Registers used:
		wreg, status,2, status,0
 Tracked objects:
		On entry : 
		On exit  : 
		Unchanged: 
 Data sizes:     COMMON   BANK0   BANK1   BANK2   BANK3   BANK4   BANK5   BANK6   BANK7   BANK8   BANK9  BANK10  BANK11  BANK12  BANK13  BANK14  BANK15  BANK16  BANK17  BANK18  BANK19  BANK20  BANK21  BANK22  BANK23  BANK24  BANK25
      Params:         0       0       0       0       0       0       0       0       0       0       0       0       0       0       0       0       0       0       0       0       0       0       0       0       0       0       0
      Locals:         0       0       0       0       0       0       0       0       0       0       0       0       0       0       0       0       0       0       0       0       0       0       0       0       0       0       0
      Temps:          0       0       0       0       0       0       0       0       0       0       0       0       0       0       0       0       0       0       0       0       0       0       0       0       0       0       0
      Totals:         0       0       0       0       0       0       0       0       0       0       0       0       0       0       0       0       0       0       0       0       0       0       0       0       0       0       0
Total ram usage:        0 bytes
 Hardware stack levels used:    1
 This function calls:
		Nothing
 This function is called by:
		_Stall_ISR
		_Overcurrent_ISR
		_Compare_ISR
 This function uses a non-reentrant model


 *************** function _BrakingMechanism *****************
 Defined at:
		line 100 in file "motordrive01.c"
 Parameters:    Size  Location     Type
		None
 Auto vars:     Size  Location     Type
		None
 Return value:  Size  Location     Type
                  1    wreg      void 
 Registers used:
		wreg, status,2, status,0
 Tracked objects:
		On entry : 
		On exit  : 
		Unchanged: 
 Data sizes:     COMMON   BANK0   BANK1   BANK2   BANK3   BANK4   BANK5   BANK6   BANK7   BANK8   BANK9  BANK10  BANK11  BANK12  BANK13  BANK14  BANK15  BANK16  BANK17  BANK18  BANK19  BANK20  BANK21  BANK22  BANK23  BANK24  BANK25
      Params:         0       0       0       0       0       0       0       0       0       0       0       0       0       0       0       0       0       0       0       0       0       0       0       0       0       0       0
      Locals:         0       0       0       0       0       0       0       0       0       0       0       0       0       0       0       0       0       0       0       0       0       0       0       0       0       0       0
      Temps:          0       0       0       0       0       0       0       0       0       0       0       0       0       0       0       0       0       0       0       0       0       0       0       0       0       0       0
      Totals:         0       0       0       0       0       0       0       0       0       0       0       0       0       0       0       0       0       0       0       0       0       0       0       0       0       0       0
Total ram usage:        0 bytes
 Hardware stack levels used:    1
 This function calls:
		Nothing
 This function is called by:
		_Stall_ISR
		_Overcurrent_ISR
		_Compare_ISR
 This function uses a non-reentrant model



MODULE INFORMATION

Module		Function		Class		Link	Load	Size
motor01position_retention.c
		_StoreMotor01Position		CODE           	00B6	0000	20
		_ReadMotor01PositionFromHEF		CODE           	00EA	0000	34
		_M1_ForwardPosition		CODE           	0090	0000	39

motor01position_retention.c estimated size: 93

mcc_generated_files/ccp1.c
		_CCP1_Initialize		CODE           	0206	0000	11
		_CCP1_SetCompareCount		CODE           	0988	0000	10

mcc_generated_files/ccp1.c estimated size: 21

motor02position_retention.c
		_StoreMotor02Position		CODE           	007D	0000	20
		_M2_ReversePosition		CODE           	0047	0000	26
		_ReadMotor02PositionFromHEF		CODE           	00C9	0000	34
		_M2_ForwardPosition		CODE           	0060	0000	30

motor02position_retention.c estimated size: 110

mcc_generated_files/opa4.c
		_OPA4_Initialize		CODE           	0245	0000	8

mcc_generated_files/opa4.c estimated size: 8

mcc_generated_files/cmp1.c
		_CMP1_Initialize		CODE           	0210	0000	9

mcc_generated_files/cmp1.c estimated size: 9

motordrive02.c
		_ExpectedRippleCountRemainingAngle02		CODE           	088E	0000	30
		_BrakingMechanism02		CODE           	0351	0000	4
		_ExpectedRippleCountToHome02		CODE           	0951	0000	30
		_Motor02Forward_Drive		CODE           	0823	0000	21
		_Motor02Reverse_Drive		CODE           	09AD	0000	19
		_Motor2AngleSetting		CODE           	09BF	0000	60
		_Motor02Position		CODE           	0C4E	0000	48

motordrive02.c estimated size: 212

C:\Program Files (x86)\Microchip\xc8\v1.45\sources\common\ftsub.c
		___ftsub       		CODE           	0E8F	0000	29

C:\Program Files (x86)\Microchip\xc8\v1.45\sources\common\ftsub.c estimated size: 29

C:\Program Files (x86)\Microchip\xc8\v1.45\sources\common\float.c
		___ftpack      		CODE           	0908	0000	63

C:\Program Files (x86)\Microchip\xc8\v1.45\sources\common\float.c estimated size: 63

mcc_generated_files/fvr.c
		_FVR_Initialize		CODE           	0239	0000	5

mcc_generated_files/fvr.c estimated size: 5

C:\Program Files (x86)\Microchip\xc8\v1.45\sources\common\doprnt.c
		_printf        		CODE           	0A5E	0000	109

C:\Program Files (x86)\Microchip\xc8\v1.45\sources\common\doprnt.c estimated size: 109

mcc_generated_files/tmr4.c
		_TMR4_ISR      		CODE           	0393	0000	13
		_TMR4_Initialize		CODE           	02E3	0000	24
		_TMR4_Stop     		CODE           	0358	0000	4
		_TMR4_SetInterruptHandler		CODE           	0313	0000	7
		_TMR4_Period8BitSet		CODE           	09A6	0000	5
		_TMR4_StopTimer		CODE           	0354	0000	2
		_TMR4_DefaultInterruptHandler		CODE           	03BF	0000	2

mcc_generated_files/tmr4.c estimated size: 57

interrupt_handlers.c
		_CCP1_CompareISR		CODE           	03AB	0000	13
		_CMP3_SetInterruptHandler		CODE           	0FFB	0000	6
		_CMP3_ISR      		CODE           	039F	0000	13
		_CCP1_CompareSetInterruptHandler		CODE           	0D19	0000	6
		_TMR1_GATE_ISR 		CODE           	03BD	0000	3

interrupt_handlers.c estimated size: 41

C:\Program Files (x86)\Microchip\xc8\v1.45\sources\common\round.c
		_round         		CODE           	0CE2	0000	56

C:\Program Files (x86)\Microchip\xc8\v1.45\sources\common\round.c estimated size: 56

counting_ripples.c
		_CompareLoadValue		CODE           	0946	0000	12
		_GetActualRippleCount		CODE           	0A4D	0000	18
		_ReadInput     		CODE           	0ACD	0000	98
		_LoadValues    		CODE           	097E	0000	11
		_Compare_ISR   		CODE           	0338	0000	12

counting_ripples.c estimated size: 151

safety_feature.c
		_OvercurrentDetection		CODE           	0D34	0000	6
		_Stall_ISR     		CODE           	0343	0000	12
		_ResumeMotor   		CODE           	0837	0000	30
		_StallDetection		CODE           	0EF7	0000	7
		_Overcurrent_ISR		CODE           	032F	0000	10

safety_feature.c estimated size: 65

mcc_generated_files/tmr2.c
		_TMR2_Initialize		CODE           	02D5	0000	15

mcc_generated_files/tmr2.c estimated size: 15

mcc_generated_files/interrupt_manager.c
		_INTERRUPT_InterruptManager		CODE           	0004	0000	45

mcc_generated_files/interrupt_manager.c estimated size: 45

C:\Program Files (x86)\Microchip\xc8\v1.45\sources\common\Umul16.c
		___wmul        		CODE           	0FD8	0000	22

C:\Program Files (x86)\Microchip\xc8\v1.45\sources\common\Umul16.c estimated size: 22

C:\Program Files (x86)\Microchip\xc8\v1.45\sources\common\frexp.c
		_frexp         		CODE           	0EAB	0000	53

C:\Program Files (x86)\Microchip\xc8\v1.45\sources\common\frexp.c estimated size: 53

mcc_generated_files/pin_manager.c
		_PIN_MANAGER_Initialize		CODE           	0254	0000	89

mcc_generated_files/pin_manager.c estimated size: 89

C:\Program Files (x86)\Microchip\xc8\v1.45\sources\common\lwmod.c
		___lwmod       		CODE           	0B3D	0000	33

C:\Program Files (x86)\Microchip\xc8\v1.45\sources\common\lwmod.c estimated size: 33

C:\Program Files (x86)\Microchip\xc8\v1.45\sources\common\ftmul.c
		___ftmul       		CODE           	08AB	0000	94

C:\Program Files (x86)\Microchip\xc8\v1.45\sources\common\ftmul.c estimated size: 94

mcc_generated_files/adc.c
		_ADC_Initialize		CODE           	01FD	0000	10
		_ADC_GetConversion		CODE           	0FBE	0000	27

mcc_generated_files/adc.c estimated size: 37

C:\Program Files (x86)\Microchip\xc8\v1.45\sources\common\ftdiv.c
		___ftdiv       		CODE           	0D39	0000	94

C:\Program Files (x86)\Microchip\xc8\v1.45\sources\common\ftdiv.c estimated size: 94

mcc_generated_files/cog3.c
		_COG3_Initialize		CODE           	022C	0000	6

mcc_generated_files/cog3.c estimated size: 6

mcc_generated_files/pwm9.c
		_PWM9_Initialize		CODE           	0308	0000	12

mcc_generated_files/pwm9.c estimated size: 12

mcc_generated_files/cog1.c
		_COG1_Initialize		CODE           	0227	0000	6

mcc_generated_files/cog1.c estimated size: 6

mcc_generated_files/spi.c
		_SPI_Exchange8bit		CODE           	0BBE	0000	10
		_SPI_Initialize		CODE           	02B7	0000	7

mcc_generated_files/spi.c estimated size: 17

motordrive01.c
		_Motor01Position		CODE           	0C01	0000	78
		_ExpectedRippleCountToHome		CODE           	0854	0000	30
		_BrakingMechanism		CODE           	034E	0000	4
		_Motor01Forward_Drive		CODE           	0811	0000	19
		_Motor01Reverse_Drive		CODE           	096E	0000	17
		_ExpectedRippleCountRemainingAngle		CODE           	0871	0000	30

motordrive01.c estimated size: 178

mcc_generated_files/opa1.c
		_OPA1_Initialize		CODE           	023D	0000	9

mcc_generated_files/opa1.c estimated size: 9

shared
		PL12           		CODE           	0F28	0000	9
		PL50           		CODE           	0F9D	0000	5
		PL8            		CODE           	0F19	0000	9
		PL22           		CODE           	0F53	0000	10
		PL32           		CODE           	0F72	0000	8
		PL42           		CODE           	0F8B	0000	5
		PL14           		CODE           	0F30	0000	14
		PL52           		CODE           	035B	0000	5
		PL24           		CODE           	01CC	0000	6
		PL34           		CODE           	0F79	0000	8
		PL44           		CODE           	0F8F	0000	5
		PL16           		CODE           	01C0	0000	13
		PL54           		CODE           	035F	0000	5
		PL26           		CODE           	0F5C	0000	9
		PL36           		CODE           	0F80	0000	7
		PL46           		CODE           	0F93	0000	6
		_dpowers       		STRCODE        	1099	0000	11
		PL18           		CODE           	0F3D	0000	13
		PL56           		CODE           	0FA1	0000	6
		PL28           		CODE           	0F64	0000	8
		PL38           		CODE           	0F86	0000	6
		PL48           		CODE           	0F98	0000	6
		__initialization		CODE           	0032	0000	18
		PL2            		CODE           	0F04	0000	15
		PL10           		CODE           	0F21	0000	8
		PL4            		CODE           	0319	0000	23
		PL20           		CODE           	0F49	0000	11
		PL30           		CODE           	0F6B	0000	8
		PL6            		CODE           	0F12	0000	8
		PL40           		CODE           	01D1	0000	6

shared estimated size: 271

mcc_generated_files/mcc.c
		_WDT_Initialize		CODE           	02FA	0000	4
		_OSCILLATOR_Initialize		CODE           	024C	0000	9
		_SYSTEM_Initialize		CODE           	01D6	0000	40

mcc_generated_files/mcc.c estimated size: 53

C:\Program Files (x86)\Microchip\xc8\v1.45\sources\common\fttol.c
		___fttol       		CODE           	0C8D	0000	86

C:\Program Files (x86)\Microchip\xc8\v1.45\sources\common\fttol.c estimated size: 86

mcc_generated_files/pwm3.c
		_PWM3_Initialize		CODE           	02AC	0000	12

mcc_generated_files/pwm3.c estimated size: 12

mcc_generated_files/tmr1.c
		_TMR1_Initialize		CODE           	02BD	0000	25
		_TMR1_StopTimer		CODE           	0355	0000	4
		_TMR1_Reload   		CODE           	0991	0000	7
		_TMR1_WriteTimer		CODE           	0997	0000	16
		_TMR1_StartTimer		CODE           	09AA	0000	4
		_TMR1_ReadTimer		CODE           	0FED	0000	15

mcc_generated_files/tmr1.c estimated size: 71

C:\Program Files (x86)\Microchip\xc8\v1.45\sources\common\lwdiv.c
		___lwdiv       		CODE           	0BC7	0000	38

C:\Program Files (x86)\Microchip\xc8\v1.45\sources\common\lwdiv.c estimated size: 38

lcd.c
		_LCD_WriteIOExpander		CODE           	0BB0	0000	15
		_LCD_Initialize		CODE           	0B5D	0000	69
		_LCD_GoTo      		CODE           	0BEC	0000	22
		_LCD_WriteCommand		CODE           	0BA1	0000	16
		_LCD_WriteByte 		CODE           	0B2E	0000	16

lcd.c estimated size: 138

mcc_generated_files/memory.c
		_FLASH_EraseBlock		CODE           	01A8	0000	25
		_FLASH_ReadWord		CODE           	0141	0000	27
		_FLASH_WriteBlock		CODE           	015B	0000	78
		_FLASH_WriteWord		CODE           	010B	0000	55

mcc_generated_files/memory.c estimated size: 185

C:\Program Files (x86)\Microchip\xc8\v1.45\sources\common\ftadd.c
		___ftadd       		CODE           	0DE1	0000	175

C:\Program Files (x86)\Microchip\xc8\v1.45\sources\common\ftadd.c estimated size: 175

mcc_generated_files/dac1.c
		_DAC1_Initialize		CODE           	0231	0000	9

mcc_generated_files/dac1.c estimated size: 9

C:\Program Files (x86)\Microchip\xc8\v1.45\sources\common\trunc.c
		_trunc         		CODE           	0D96	0000	54

C:\Program Files (x86)\Microchip\xc8\v1.45\sources\common\trunc.c estimated size: 54

mcc_generated_files/eusart.c
		_putch         		CODE           	0ACA	0000	4
		_EUSART_Write  		CODE           	0EFD	0000	8
		_EUSART_Initialize		CODE           	02FD	0000	12

mcc_generated_files/eusart.c estimated size: 24

main.c
		_main          		CODE           	09FA	0000	84

main.c estimated size: 84

C:\Program Files (x86)\Microchip\xc8\v1.45\sources\common\lwtoft.c
		___lwtoft      		CODE           	0C7D	0000	17

C:\Program Files (x86)\Microchip\xc8\v1.45\sources\common\lwtoft.c estimated size: 17

check_buttons.c
		_CheckM2ForwardButton		CODE           	0EDF	0000	25
		_CheckM2ReverseButton		CODE           	0FA6	0000	25
		_CheckM1ForwardButton		CODE           	0D1E	0000	23
		_CheckM1ReverseButton		CODE           	0DCB	0000	23

check_buttons.c estimated size: 96

C:\Program Files (x86)\Microchip\xc8\v1.45\sources\common\altoft.c
		___altoft      		CODE           	0363	0000	49

C:\Program Files (x86)\Microchip\xc8\v1.45\sources\common\altoft.c estimated size: 49

mcc_generated_files/cmp3.c
		_CMP3_Initialize		CODE           	0218	0000	16

mcc_generated_files/cmp3.c estimated size: 16

