Microchip MPLAB XC8 Compiler V1.45 ()

Linker command line:

-W-3 --edf=C:\Program Files (x86)\Microchip\xc8\v1.45\dat\en_msgs.txt -cs \
  -h+dist/default/production\Q10_Revised.X.production.sym \
  --cmf=dist/default/production\Q10_Revised.X.production.cmf -z -Q18F46Q10 \
  -oC:\Users\A20687\AppData\Local\Temp\s66k.2 \
  -Mdist/default/production/Q10_Revised.X.production.map -E1 -ver=XC8 \
  -ASTACK=083h-0cffh -pstack=STACK -ACODE=00h-0FFFFh -ACONST=00h-0FFFFh \
  -ASMALLCONST=0F00h-0FFFhx241 -AMEDIUMCONST=0F00h-0FFFFh -ACOMRAM=01h-05Fh \
  -AABS1=00h-0CFFh,0E00h-0E1Eh -ABIGRAM=01h-0CFFh,0E00h-0E1Eh \
  -ARAM=060h-0FFh,0100h-01FFhx12,0E00h-0E1Eh -ABANK0=060h-0FFh \
  -ABANK1=0100h-01FFh -ABANK2=0200h-02FFh -ABANK3=0300h-03FFh \
  -ABANK4=0400h-04FFh -ABANK5=0500h-05FFh -ABANK6=0600h-06FFh \
  -ABANK7=0700h-07FFh -ABANK8=0800h-08FFh -ABANK9=0900h-09FFh \
  -ABANK10=0A00h-0AFFh -ABANK11=0B00h-0BFFh -ABANK12=0C00h-0CFFh \
  -ABANK14=0E00h-0E1Eh -ASFR=0E1Fh-0EFFh,0F00h-0F5Fh,0F60h-0FFFh \
  -preset_vec=00h,intcode=08h,intcodelo,powerup,init -pramtop=0F00h \
  -psmallconst=SMALLCONST -pmediumconst=MEDIUMCONST -pconst=CONST \
  -AFARRAM=00h-00h -ACONFIG=0300000h-030000Bh -pconfig=CONFIG \
  -AIDLOC=0200000h-02000FFh -pidloc=IDLOC -AEEDATA=0310000h-03103FFh \
  -peeprom_data=EEDATA \
  -prdata=COMRAM,nvrram=COMRAM,nvbit=COMRAM,rbss=COMRAM,rbit=COMRAM \
  -pfarbss=FARRAM,fardata=FARRAM,nvFARRAM=FARRAM \
  -pintsave_regs=BIGRAM,bigbss=BIGRAM,bigdata=BIGRAM -pbss=RAM \
  -pidata=CODE,irdata=CODE,ibigdata=CODE,ifardata=CODE -prparam=COMRAM \
  C:\Users\A20687\AppData\Local\Temp\s66k.obj \
  dist/default/production\Q10_Revised.X.production.obj 

Object code version is 3.11

Machine type is 18F46Q10

Call graph: (short form)




                Name                               Link     Load   Length Selector   Space Scale
C:\Users\A20687\AppData\Local\Temp\s66k.obj
                init                                 46       46        4        4       0
                reset_vec                             0        0        4        0       0
                idloc                            200000   200000      100   200000       0
                config                           300000   300000        C   300000       0
dist/default/production\Q10_Revised.X.production.obj
                intcode                               8        8       3E        4       0
                temp                                 5C       5C        1        1       1
                smallconst                          F00      F00       6A      780       0
                text72                             1FAC     1FAC        C      7B5       0
                text71                             1FF4     1FF4        4      7B5       0
                text70                             1FF0     1FF0        4      7B5       0
                text69                             1FEC     1FEC        4      7B5       0
                text68                             1F2A     1F2A       16      7B5       0
                text67                             1E18     1E18       1E      7B5       0
                text66                             1FE8     1FE8        4      7B5       0
                text65                             1FFA     1FFA        2      7B5       0
                text64                             1F14     1F14       16      7B5       0
                text63                             1DFA     1DFA       1E      7B5       0
                text61                             1FC2     1FC2        A      7B5       0
                text60                             1FE4     1FE4        4      7B5       0
                text59                             1CCC     1CCC       30      7B5       0
                text58                             1488     1488       86      7B5       0
                text57                             11A8     11A8       C8      7B5       0
                text56                             1D98     1D98       24      7B5       0
                text55                              F6A      F6A      14E      7B5       0
                text54                             1BC6     1BC6       36      7B5       0
                text53                             1844     1844       66      7B5       0
                text52                             1270     1270       B8      7B5       0
                text51                             18AA     18AA       5C      7B5       0
                text50                             167E     167E       76      7B5       0
                text49                             1590     1590       78      7B5       0
                text48                             1A6E     1A6E       40      7B5       0
                text47                             150E     150E       82      7B5       0
                text46                             1F54     1F54       12      7B5       0
                text45                             1EBA     1EBA       18      7B5       0
                text44                             1FA0     1FA0        C      7B5       0
                text43                             1FE0     1FE0        4      7B5       0
                text42                             1FD4     1FD4        8      7B5       0
                text41                             1D74     1D74       24      7B5       0
                text40                             1B90     1B90       36      7B5       0
                text39                             1952     1952       4C      7B5       0
                text38                             1C98     1C98       34      7B5       0
                text37                             1768     1768       70      7B5       0
                text36                             1D50     1D50       24      7B5       0
                text35                             1906     1906       4C      7B5       0
                text34                             1B5A     1B5A       36      7B5       0
                text33                             1DBC     1DBC       20      7B5       0
                text32                             1328     1328       B6      7B5       0
                text31                             199E     199E       4A      7B5       0
                text30                             1AAE     1AAE       3E      7B5       0
                text29                             1F86     1F86        E      7B5       0
                text28                             1FCC     1FCC        8      7B5       0
                text27                             10B8     10B8       F0      7B5       0
                text26                             13DE     13DE       AA      7B5       0
                text25                             1AEC     1AEC       38      7B5       0
                text24                             1E6E     1E6E       1C      7B5       0
                text23                             19E8     19E8       46      7B5       0
                text22                             1B24     1B24       36      7B5       0
                text21                             1EA2     1EA2       18      7B5       0
                text20                             17D8     17D8       6C      7B5       0
                text19                             1EFE     1EFE       16      7B5       0
                text18                             1A2E     1A2E       40      7B5       0
                text17                             1E52     1E52       1C      7B5       0
                text16                             1CFC     1CFC       2C      7B5       0
                text15                             1E8A     1E8A       18      7B5       0
                text14                             1E36     1E36       1C      7B5       0
                text13                             1DDC     1DDC       1E      7B5       0
                text12                             1EE8     1EE8       16      7B5       0
                text11                             1FDC     1FDC        4      7B5       0
                text10                             1F76     1F76       10      7B5       0
                text9                              16F4     16F4       74      7B5       0
                text8                              1F66     1F66       10      7B5       0
                text7                              1F40     1F40       14      7B5       0
                text6                              1C64     1C64       34      7B5       0
                text5                              1ED2     1ED2       16      7B5       0
                text4                              1FB8     1FB8        A      7B5       0
                text3                              1D28     1D28       28      7B5       0
                text2                              1C30     1C30       34      7B5       0
                text1                              1F94     1F94        C      7B5       0
                text0                              1608     1608       76      7B5       0
                cstackCOMRAM                          1        1       58        1       1
                cstackBANK0                          7C       7C        5       60       1
                dataBANK0                            81       81        2       60       1
                bssBANK0                             60       60       16       60       1
                bssCOMRAM                            59       59        3        1       1
                cinit                              1BFC     1BFC       34      7B5       0
                nvBANK0                              76       76        6       60       1
                idataBANK0                         1FF8     1FF8        2      7B5       0

TOTAL           Name                               Link     Load   Length     Space
        CLASS   STACK          

        CLASS   CODE           
                intcode                               8        8       3E         0
                init                                 46       46        4         0
                reset_vec                             0        0        4         0
                text72                             1FAC     1FAC        C         0
                text71                             1FF4     1FF4        4         0
                text70                             1FF0     1FF0        4         0
                text69                             1FEC     1FEC        4         0
                text68                             1F2A     1F2A       16         0
                text67                             1E18     1E18       1E         0
                text66                             1FE8     1FE8        4         0
                text65                             1FFA     1FFA        2         0
                text64                             1F14     1F14       16         0
                text63                             1DFA     1DFA       1E         0
                text61                             1FC2     1FC2        A         0
                text60                             1FE4     1FE4        4         0
                text59                             1CCC     1CCC       30         0
                text58                             1488     1488       86         0
                text57                             11A8     11A8       C8         0
                text56                             1D98     1D98       24         0
                text55                              F6A      F6A      14E         0
                text54                             1BC6     1BC6       36         0
                text53                             1844     1844       66         0
                text52                             1270     1270       B8         0
                text51                             18AA     18AA       5C         0
                text50                             167E     167E       76         0
                text49                             1590     1590       78         0
                text48                             1A6E     1A6E       40         0
                text47                             150E     150E       82         0
                text46                             1F54     1F54       12         0
                text45                             1EBA     1EBA       18         0
                text44                             1FA0     1FA0        C         0
                text43                             1FE0     1FE0        4         0
                text42                             1FD4     1FD4        8         0
                text41                             1D74     1D74       24         0
                text40                             1B90     1B90       36         0
                text39                             1952     1952       4C         0
                text38                             1C98     1C98       34         0
                text37                             1768     1768       70         0
                text36                             1D50     1D50       24         0
                text35                             1906     1906       4C         0
                text34                             1B5A     1B5A       36         0
                text33                             1DBC     1DBC       20         0
                text32                             1328     1328       B6         0
                text31                             199E     199E       4A         0
                text30                             1AAE     1AAE       3E         0
                text29                             1F86     1F86        E         0
                text28                             1FCC     1FCC        8         0
                text27                             10B8     10B8       F0         0
                text26                             13DE     13DE       AA         0
                text25                             1AEC     1AEC       38         0
                text24                             1E6E     1E6E       1C         0
                text23                             19E8     19E8       46         0
                text22                             1B24     1B24       36         0
                text21                             1EA2     1EA2       18         0
                text20                             17D8     17D8       6C         0
                text19                             1EFE     1EFE       16         0
                text18                             1A2E     1A2E       40         0
                text17                             1E52     1E52       1C         0
                text16                             1CFC     1CFC       2C         0
                text15                             1E8A     1E8A       18         0
                text14                             1E36     1E36       1C         0
                text13                             1DDC     1DDC       1E         0
                text12                             1EE8     1EE8       16         0
                text11                             1FDC     1FDC        4         0
                text10                             1F76     1F76       10         0
                text9                              16F4     16F4       74         0
                text8                              1F66     1F66       10         0
                text7                              1F40     1F40       14         0
                text6                              1C64     1C64       34         0
                text5                              1ED2     1ED2       16         0
                text4                              1FB8     1FB8        A         0
                text3                              1D28     1D28       28         0
                text2                              1C30     1C30       34         0
                text1                              1F94     1F94        C         0
                text0                              1608     1608       76         0
                cinit                              1BFC     1BFC       34         0
                idataBANK0                         1FF8     1FF8        2         0

        CLASS   CONST          

        CLASS   SMALLCONST     
                smallconst                          F00      F00       6A         0

        CLASS   MEDIUMCONST    

        CLASS   COMRAM         
                temp                                 5C       5C        1         1
                cstackCOMRAM                          1        1       58         1
                bssCOMRAM                            59       59        3         1

        CLASS   ABS1           

        CLASS   BIGRAM         

        CLASS   RAM            

        CLASS   BANK0          
                cstackBANK0                          7C       7C        5         1
                dataBANK0                            81       81        2         1
                bssBANK0                             60       60       16         1
                nvBANK0                              76       76        6         1

        CLASS   BANK1          

        CLASS   BANK2          

        CLASS   BANK3          

        CLASS   BANK4          

        CLASS   BANK5          

        CLASS   BANK6          

        CLASS   BANK7          

        CLASS   BANK8          

        CLASS   BANK9          

        CLASS   BANK10         

        CLASS   BANK11         

        CLASS   BANK12         

        CLASS   BANK14         

        CLASS   SFR            

        CLASS   FARRAM         

        CLASS   CONFIG         
                config                           300000   300000        C         0

        CLASS   IDLOC          
                idloc                            200000   200000      100         0

        CLASS   EEDATA         



SEGMENTS        Name                           Load    Length   Top    Selector   Space  Class

                reset_vec                      000000  000004  000004         0       0  CODE    
                cstackCOMRAM                   000001  00005C  00005D         1       1  COMRAM  
                intcode                        000008  000042  00004A         4       0  CODE    
                bssBANK0                       000060  000023  000083        60       1  BANK0   
                smallconst                     000F00  00006A  000F6A       780       0  SMALLCON
                text55                         000F6A  001092  001FFC       7B5       0  CODE    
                idloc                          200000  000100  200100    200000       0  IDLOC   
                config                         300000  00000C  30000C    300000       0  CONFIG  


UNUSED ADDRESS RANGES

        Name                Unused          Largest block    Delta
        BANK0            000083-0000FF               7D
        BANK1            000100-0001FF              100
        BANK10           000A00-000AFF              100
        BANK11           000B00-000BFF              100
        BANK12           000C00-000CFF              100
        BANK14           000E00-000E1E               1F
        BANK2            000200-0002FF              100
        BANK3            000300-0003FF              100
        BANK4            000400-0004FF              100
        BANK5            000500-0005FF              100
        BANK6            000600-0006FF              100
        BANK7            000700-0007FF              100
        BANK8            000800-0008FF              100
        BANK9            000900-0009FF              100
        BIGRAM           00005D-00005F                3
                         000083-000CFF              C7D
                         000E00-000E1E               1F
        CODE             000004-000007                4
                         00004A-000EFF              EB6
                         001FFC-00FFFF             E004
        COMRAM           00005D-00005F                3
        CONST            000004-000007                4
                         00004A-000EFF              EB6
                         001FFC-00FFFF             E004
        EEDATA           310000-3103FF              400
        MEDIUMCONST      001FFC-00FFFF             E004
        RAM              000083-000CFF              100
                         000E00-000E1E               1F
        SFR              000E1F-000FFF               E1
        SMALLCONST       001FFC-00FFFF              100
        STACK            000083-000CFF              C7D

                                  Symbol Table

?_TMR1_ReadTimer                                        cstackCOMRAM 000003
?___altoft                                              cstackCOMRAM 000029
?___ftadd                                               cstackCOMRAM 00000E
?___ftdiv                                               cstackCOMRAM 000047
?___ftmul                                               cstackCOMRAM 000047
?___ftpack                                              cstackCOMRAM 000003
?___ftsub                                               cstackCOMRAM 00003B
?___fttol                                               cstackCOMRAM 00001A
?___lwdiv                                               cstackCOMRAM 000003
?___lwmod                                               cstackCOMRAM 00000A
?___lwtoft                                              cstackCOMRAM 00000B
?_printf                                                cstackCOMRAM 00000F
?_round                                                 cstackCOMRAM 000041
?_trunc                                                 cstackCOMRAM 000033
CCP1_CompareSetInterruptHandler@CompareInterruptHandler cstackCOMRAM 000003
CCP1_SetCompareCount@compareCount                       cstackCOMRAM 000003
CCP1_SetCompareCount@module                             cstackCOMRAM 000005
DATAEE_ReadByte@bAdd                                    cstackCOMRAM 000003
DATAEE_WriteByte@GIEBitValue                            cstackCOMRAM 000005
DATAEE_WriteByte@bAdd                                   cstackCOMRAM 000004
DATAEE_WriteByte@bData                                  cstackCOMRAM 000003
EUSART1_Write@txData                                    cstackCOMRAM 000003
PL10                                                    text27       001196
PL12                                                    text55       00109C
PL14                                                    text37       0017CE
PL16                                                    text57       00125A
PL18                                                    text49       0015FA
PL2                                                     text26       00147A
PL20                                                    text47       001564
PL22                                                    text23       001A20
PL24                                                    text55       0010AC
PL26                                                    text47       001572
PL28                                                    text32       0013D6
PL30                                                    text45       001EC8
PL32                                                    text47       00157E
PL34                                                    text40       001BAE
PL36                                                    text57       001268
PL38                                                    text58       0014FA
PL4                                                     text37       0017B2
PL40                                                    text47       001586
PL42                                                    text58       001504
PL44                                                    text27       00119E
PL46                                                    text20       00183A
PL48                                                    text40       001BB8
PL50                                                    text40       001BBE
PL6                                                     text37       0017C0
PL8                                                     text27       001188
ReadMotorPositionFromEEPROM@actualPosition              cstackCOMRAM 00001E
ReadMotorPositionFromEEPROM@readByteLSB                 cstackCOMRAM 00001D
ReadMotorPositionFromEEPROM@readByteMSB                 cstackCOMRAM 00001B
StorePosition@writeByteLSB                              cstackCOMRAM 000006
StorePosition@writeByteMSB                              cstackCOMRAM 000007
TMR1_ReadTimer@readVal                                  cstackCOMRAM 000007
TMR1_ReadTimer@readValHigh                              cstackCOMRAM 000009
TMR1_ReadTimer@readValLow                               cstackCOMRAM 00000A
TMR1_WriteTimer@timerVal                                cstackCOMRAM 000003
TMR4_Period8BitSet@periodVal                            cstackCOMRAM 000003
TMR4_SetInterruptHandler@InterruptHandler               cstackCOMRAM 000003
_ADACQ                                                  (abs)        000F57
_ADACT                                                  (abs)        000F51
_ADCAP                                                  (abs)        000F58
_ADCC_Initialize                                        text16       001CFC
_ADCLK                                                  (abs)        000F52
_ADCON0                                                 (abs)        000F5B
_ADCON1                                                 (abs)        000F54
_ADCON2                                                 (abs)        000F55
_ADCON3                                                 (abs)        000F56
_ADLTHH                                                 (abs)        000F66
_ADLTHL                                                 (abs)        000F65
_ADPCH                                                  (abs)        000F5A
_ADREF                                                  (abs)        000F53
_ADRPT                                                  (abs)        000F61
_ADSTAT                                                 (abs)        000F60
_ADSTPTH                                                (abs)        000F64
_ADSTPTL                                                (abs)        000F63
_ADUTHH                                                 (abs)        000F68
_ADUTHL                                                 (abs)        000F67
_ANSELA                                                 (abs)        000F0C
_ANSELB                                                 (abs)        000F14
_ANSELC                                                 (abs)        000F1C
_ANSELD                                                 (abs)        000F21
_ANSELE                                                 (abs)        000F29
_BAUD1CON                                               (abs)        000F9E
_BrakingMechanism                                       text72       001FAC
_CCP1CON                                                (abs)        000FAB
_CCP1_CompareISR                                        text67       001E18
_CCP1_CompareInterruptHandler                           nvBANK0      000076
_CCP1_CompareSetInterruptHandler                        text61       001FC2
_CCP1_Initialize                                        text15       001E8A
_CCP1_SetCompareCount                                   text46       001F54
_CCP2CON                                                (abs)        000FA7
_CCPR1H                                                 (abs)        000FAA
_CCPR1L                                                 (abs)        000FA9
_CCPR2H                                                 (abs)        000FA6
_CCPR2L                                                 (abs)        000FA5
_CCPTMRSbits                                            (abs)        000FAD
_CLC1CON                                                (abs)        000E27
_CLC1GLS0                                               (abs)        000E2D
_CLC1GLS1                                               (abs)        000E2E
_CLC1GLS2                                               (abs)        000E2F
_CLC1GLS3                                               (abs)        000E30
_CLC1POL                                                (abs)        000E28
_CLC1PPS                                                (abs)        000E1F
_CLC1SEL0                                               (abs)        000E29
_CLC1SEL1                                               (abs)        000E2A
_CLC1SEL2                                               (abs)        000E2B
_CLC1SEL3                                               (abs)        000E2C
_CLC1_Initialize                                        text14       001E36
_CWG1AS0                                                (abs)        000F41
_CWG1AS0bits                                            (abs)        000F41
_CWG1AS1                                                (abs)        000F42
_CWG1CLKCON                                             (abs)        000F3B
_CWG1CON0                                               (abs)        000F3F
_CWG1CON0bits                                           (abs)        000F3F
_CWG1CON1                                               (abs)        000F40
_CWG1DBF                                                (abs)        000F3E
_CWG1DBR                                                (abs)        000F3D
_CWG1ISM                                                (abs)        000F3C
_CWG1STR                                                (abs)        000F43
_CWGINPPS                                               (abs)        000EAC
_CWG_AutoShutdownEventSet                               text60       001FE4
_CWG_Initialize                                         text13       001DDC
_CheckEndButton                                         text39       001952
_CheckForwardButton                                     text38       001C98
_CheckHomeButton                                        text35       001906
_CheckReverseButton                                     text34       001B5A
_CompareLoadValue                                       text59       001CCC
_Compare_ISR                                            text68       001F2A
_DATAEE_ReadByte                                        text19       001EFE
_DATAEE_WriteByte                                       text25       001AEC
_EUSART1_Initialize                                     text12       001EE8
_EUSART1_Write                                          text29       001F86
_ExpectedRippleCountRemainingAngle                      text48       001A6E
_ExpectedRippleCountRemainingAngle$3520                 cstackCOMRAM 000056
_ExpectedRippleCountToEndPoint                          text47       00150E
_ExpectedRippleCountToEndPoint$3522                     cstackCOMRAM 000056
_ExpectedRippleCountToHome                              text37       001768
_ExpectedRippleCountToHome$3521                         cstackCOMRAM 000056
_ForwardPosition                                        text23       0019E8
_Forward_Dir                                            text40       001B90
_GetAngleTurned                                         text26       0013DE
_GetAngleTurned$3523                                    cstackCOMRAM 000056
_INLVLBbits                                             (abs)        000F10
_INTCONbits                                             (abs)        000FF2
_INTERRUPT_Initialize                                   text11       001FDC
_INTERRUPT_InterruptManager                             intcode      000008
_LATA                                                   (abs)        000F82
_LATAbits                                               (abs)        000F82
_LATB                                                   (abs)        000F83
_LATC                                                   (abs)        000F84
_LATD                                                   (abs)        000F85
_LATE                                                   (abs)        000F86
_MotorPosition                                          text21       001EA2
_NVMADRH                                                (abs)        000F7A
_NVMADRL                                                (abs)        000F79
_NVMADRU                                                (abs)        000F7B
_NVMCON0bits                                            (abs)        000F7F
_NVMCON1bits                                            (abs)        000F80
_NVMCON2                                                (abs)        000F81
_NVMDATL                                                (abs)        000F7C
_ODCONA                                                 (abs)        000F0A
_ODCONB                                                 (abs)        000F12
_ODCONC                                                 (abs)        000F1A
_ODCOND                                                 (abs)        000F1F
_ODCONE                                                 (abs)        000F27
_OSCCON1                                                (abs)        000ED3
_OSCCON3                                                (abs)        000ED5
_OSCEN                                                  (abs)        000ED7
_OSCFRQ                                                 (abs)        000ED9
_OSCILLATOR_Initialize                                  text10       001F76
_OSCTUNE                                                (abs)        000ED8
_PIE4bits                                               (abs)        000EC1
_PIE5bits                                               (abs)        000EC2
_PIE6bits                                               (abs)        000EC3
_PIN_MANAGER_Initialize                                 text9        0016F4
_PIR3bits                                               (abs)        000EC8
_PIR4bits                                               (abs)        000EC9
_PIR5bits                                               (abs)        000ECA
_PIR6bits                                               (abs)        000ECB
_PMD0                                                   (abs)        000EDC
_PMD1                                                   (abs)        000EDD
_PMD2                                                   (abs)        000EDE
_PMD3                                                   (abs)        000EDF
_PMD4                                                   (abs)        000EE0
_PMD5                                                   (abs)        000EE1
_PMD_Initialize                                         text8        001F66
_PORTBbits                                              (abs)        000F8D
_PORTCbits                                              (abs)        000F8E
_PR4                                                    (abs)        000FB5
_PWM2_Initialize                                        text7        001F40
_RB0PPS                                                 (abs)        000EEA
_RC1STA                                                 (abs)        000F9C
_RC6PPS                                                 (abs)        000EF8
_RD1PPS                                                 (abs)        000EFB
_RD2PPS                                                 (abs)        000EFC
_RD3PPS                                                 (abs)        000EFD
_ReadInput                                              text20       0017D8
_ReadInput$3519                                         cstackBANK0  00007C
_ReadMotorPositionFromEEPROM                            text18       001A2E
_ResumeMotor                                            text17       001E52
_ReversePosition                                        text22       001B24
_Reverse_Dir                                            text36       001D50
_SLRCONA                                                (abs)        000F09
_SLRCONB                                                (abs)        000F11
_SLRCONC                                                (abs)        000F19
_SLRCOND                                                (abs)        000F1E
_SLRCONE                                                (abs)        000F26
_SP1BRGH                                                (abs)        000F9B
_SP1BRGL                                                (abs)        000F9A
_SYSTEM_Initialize                                      text2        001C30
_StallDetection                                         text1        001F94
_Stall_ISR                                              text64       001F14
_StartCounting                                          text41       001D74
_StorePosition                                          text24       001E6E
_T1CLK                                                  (abs)        000FD1
_T1CON                                                  (abs)        000FCE
_T1CONbits                                              (abs)        000FCE
_T1GATE                                                 (abs)        000FD0
_T1GCON                                                 (abs)        000FCF
_T2CLKCON                                               (abs)        000FBE
_T2CON                                                  (abs)        000FBC
_T2HLT                                                  (abs)        000FBD
_T2PR                                                   (abs)        000FBB
_T2RST                                                  (abs)        000FBF
_T2TMR                                                  (abs)        000FBA
_T4CLKCON                                               (abs)        000FB8
_T4CON                                                  (abs)        000FB6
_T4CONbits                                              (abs)        000FB6
_T4HLT                                                  (abs)        000FB7
_T4PR                                                   (abs)        000FB5
_T4RST                                                  (abs)        000FB9
_T4TMR                                                  (abs)        000FB4
_TMR1H                                                  (abs)        000FCD
_TMR1L                                                  (abs)        000FCC
_TMR1_GATE_ISR                                          text66       001FE8
_TMR1_GateInterruptHandler                              bssBANK0     000060
_TMR1_Initialize                                        text6        001C64
_TMR1_ReadTimer                                         text33       001DBC
_TMR1_Reload                                            text44       001FA0
_TMR1_StartTimer                                        text43       001FE0
_TMR1_StopTimer                                         text71       001FF4
_TMR1_WriteTimer                                        text45       001EBA
_TMR2_Initialize                                        text5        001ED2
_TMR4_DefaultInterruptHandler                           text65       001FFA
_TMR4_ISR                                               text63       001DFA
_TMR4_Initialize                                        text3        001D28
_TMR4_InterruptHandler                                  nvBANK0      000078
_TMR4_Period8BitSet                                     text42       001FD4
_TMR4_SetInterruptHandler                               text4        001FB8
_TMR4_Stop                                              text70       001FF0
_TMR4_StopTimer                                         text69       001FEC
_TRISA                                                  (abs)        000F87
_TRISB                                                  (abs)        000F88
_TRISC                                                  (abs)        000F89
_TRISD                                                  (abs)        000F8A
_TRISE                                                  (abs)        000F8B
_TX1REG                                                 (abs)        000F99
_TX1STA                                                 (abs)        000F9D
_WPUA                                                   (abs)        000F0B
_WPUB                                                   (abs)        000F13
_WPUC                                                   (abs)        000F1B
_WPUD                                                   (abs)        000F20
_WPUE                                                   (abs)        000F28
__CFG_BOREN$SBORDIS                                     (abs)        000000
__CFG_BORV$VBOR_245                                     (abs)        000000
__CFG_CLKOUTEN$OFF                                      (abs)        000000
__CFG_CP$OFF                                            (abs)        000000
__CFG_CPD$OFF                                           (abs)        000000
__CFG_CSWEN$ON                                          (abs)        000000
__CFG_DEBUG$OFF                                         (abs)        000000
__CFG_EBTR0$OFF                                         (abs)        000000
__CFG_EBTR1$OFF                                         (abs)        000000
__CFG_EBTR2$OFF                                         (abs)        000000
__CFG_EBTR3$OFF                                         (abs)        000000
__CFG_EBTRB$OFF                                         (abs)        000000
__CFG_FCMEN$ON                                          (abs)        000000
__CFG_FEXTOSC$OFF                                       (abs)        000000
__CFG_LPBOREN$OFF                                       (abs)        000000
__CFG_LVP$ON                                            (abs)        000000
__CFG_MCLRE$EXTMCLR                                     (abs)        000000
__CFG_PPS1WAY$ON                                        (abs)        000000
__CFG_PWRTE$OFF                                         (abs)        000000
__CFG_RSTOSC$HFINTOSC_1MHZ                              (abs)        000000
__CFG_SCANE$ON                                          (abs)        000000
__CFG_STVREN$ON                                         (abs)        000000
__CFG_WDTCCS$SC                                         (abs)        000000
__CFG_WDTCPS$WDTCPS_31                                  (abs)        000000
__CFG_WDTCWS$WDTCWS_7                                   (abs)        000000
__CFG_WDTE$OFF                                          (abs)        000000
__CFG_WRT0$OFF                                          (abs)        000000
__CFG_WRT1$OFF                                          (abs)        000000
__CFG_WRT2$OFF                                          (abs)        000000
__CFG_WRT3$OFF                                          (abs)        000000
__CFG_WRTB$OFF                                          (abs)        000000
__CFG_WRTC$OFF                                          (abs)        000000
__CFG_WRTD$OFF                                          (abs)        000000
__CFG_XINST$OFF                                         (abs)        000000
__CFG_ZCD$OFF                                           (abs)        000000
__HRAM                                                  (abs)        000000
__Habs1                                                 abs1         000000
__Hbank0                                                bank0        000000
__Hbank1                                                bank1        000000
__Hbank10                                               bank10       000000
__Hbank11                                               bank11       000000
__Hbank12                                               bank12       000000
__Hbank14                                               bank14       000000
__Hbank2                                                bank2        000000
__Hbank3                                                bank3        000000
__Hbank4                                                bank4        000000
__Hbank5                                                bank5        000000
__Hbank6                                                bank6        000000
__Hbank7                                                bank7        000000
__Hbank8                                                bank8        000000
__Hbank9                                                bank9        000000
__Hbigbss                                               bigbss       000000
__Hbigdata                                              bigdata      000000
__Hbigram                                               bigram       000000
__Hbss                                                  bss          000000
__HbssBANK0                                             bssBANK0     000000
__HbssCOMRAM                                            bssCOMRAM    000000
__Hcinit                                                cinit        000000
__Hclrtext                                              clrtext      000000
__Hcomram                                               comram       000000
__Hconfig                                               config       30000C
__Hconst                                                const        000000
__HcstackBANK0                                          cstackBANK0  000000
__HcstackCOMRAM                                         cstackCOMRAM 000000
__Hdata                                                 data         000000
__HdataBANK0                                            dataBANK0    000000
__Heeprom_data                                          eeprom_data  000000
__Hfarbss                                               farbss       000000
__Hfardata                                              fardata      000000
__Hibigdata                                             ibigdata     000000
__Hidata                                                idata        000000
__HidataBANK0                                           idataBANK0   000000
__Hidloc                                                idloc        200100
__Hifardata                                             ifardata     000000
__Hinit                                                 init         00004A
__Hintcode                                              intcode      000046
__Hintcode_body                                         intcode_body 000000
__Hintcodelo                                            intcodelo    000046
__Hintentry                                             intentry     000000
__Hintret                                               intret       000000
__Hintsave_regs                                         intsave_regs 000000
__Hirdata                                               irdata       000000
__Hmediumconst                                          mediumconst  000000
__HnvBANK0                                              nvBANK0      000000
__HnvFARRAM                                             nvFARRAM     000000
__Hnvbit                                                nvbit        000000
__Hnvrram                                               nvrram       000000
__Hpa_nodes0                                            pa_nodes0    000000
__Hparam                                                rparam       000000
__Hpowerup                                              powerup      000046
__Hram                                                  ram          000000
__Hramtop                                               ramtop       000F00
__Hrbit                                                 rbit         000000
__Hrbss                                                 rbss         000000
__Hrdata                                                rdata        000000
__Hreset_vec                                            reset_vec    000004
__Hrparam                                               rparam       000000
__Hsfr                                                  sfr          000000
__Hsmallconst                                           smallconst   000F6A
__Hspace_0                                              (abs)        30000C
__Hspace_1                                              (abs)        000083
__Hspace_2                                              (abs)        000000
__Hstack                                                stack        000000
__Hstruct                                               struct       000000
__Htemp                                                 temp         00005D
__Htext                                                 text         000000
__Htext0                                                text0        000000
__Htext1                                                text1        000000
__Htext10                                               text10       000000
__Htext11                                               text11       000000
__Htext12                                               text12       000000
__Htext13                                               text13       000000
__Htext14                                               text14       000000
__Htext15                                               text15       000000
__Htext16                                               text16       000000
__Htext17                                               text17       000000
__Htext18                                               text18       000000
__Htext19                                               text19       000000
__Htext2                                                text2        000000
__Htext20                                               text20       000000
__Htext21                                               text21       000000
__Htext22                                               text22       000000
__Htext23                                               text23       000000
__Htext24                                               text24       000000
__Htext25                                               text25       000000
__Htext26                                               text26       000000
__Htext27                                               text27       000000
__Htext28                                               text28       000000
__Htext29                                               text29       000000
__Htext3                                                text3        000000
__Htext30                                               text30       000000
__Htext31                                               text31       000000
__Htext32                                               text32       000000
__Htext33                                               text33       000000
__Htext34                                               text34       000000
__Htext35                                               text35       000000
__Htext36                                               text36       000000
__Htext37                                               text37       000000
__Htext38                                               text38       000000
__Htext39                                               text39       000000
__Htext4                                                text4        000000
__Htext40                                               text40       000000
__Htext41                                               text41       000000
__Htext42                                               text42       000000
__Htext43                                               text43       000000
__Htext44                                               text44       000000
__Htext45                                               text45       000000
__Htext46                                               text46       000000
__Htext47                                               text47       000000
__Htext48                                               text48       000000
__Htext49                                               text49       000000
__Htext5                                                text5        000000
__Htext50                                               text50       000000
__Htext51                                               text51       000000
__Htext52                                               text52       000000
__Htext53                                               text53       000000
__Htext54                                               text54       000000
__Htext55                                               text55       000000
__Htext56                                               text56       000000
__Htext57                                               text57       000000
__Htext58                                               text58       000000
__Htext59                                               text59       000000
__Htext6                                                text6        000000
__Htext60                                               text60       000000
__Htext61                                               text61       000000
__Htext63                                               text63       000000
__Htext64                                               text64       000000
__Htext65                                               text65       000000
__Htext66                                               text66       000000
__Htext67                                               text67       000000
__Htext68                                               text68       000000
__Htext69                                               text69       000000
__Htext7                                                text7        000000
__Htext70                                               text70       000000
__Htext71                                               text71       000000
__Htext72                                               text72       000000
__Htext73                                               text73       000000
__Htext8                                                text8        000000
__Htext9                                                text9        000000
__LRAM                                                  (abs)        000001
__Labs1                                                 abs1         000000
__Lbank0                                                bank0        000000
__Lbank1                                                bank1        000000
__Lbank10                                               bank10       000000
__Lbank11                                               bank11       000000
__Lbank12                                               bank12       000000
__Lbank14                                               bank14       000000
__Lbank2                                                bank2        000000
__Lbank3                                                bank3        000000
__Lbank4                                                bank4        000000
__Lbank5                                                bank5        000000
__Lbank6                                                bank6        000000
__Lbank7                                                bank7        000000
__Lbank8                                                bank8        000000
__Lbank9                                                bank9        000000
__Lbigbss                                               bigbss       000000
__Lbigdata                                              bigdata      000000
__Lbigram                                               bigram       000000
__Lbss                                                  bss          000000
__LbssBANK0                                             bssBANK0     000000
__LbssCOMRAM                                            bssCOMRAM    000000
__Lcinit                                                cinit        000000
__Lclrtext                                              clrtext      000000
__Lcomram                                               comram       000000
__Lconfig                                               config       300000
__Lconst                                                const        000000
__LcstackBANK0                                          cstackBANK0  000000
__LcstackCOMRAM                                         cstackCOMRAM 000000
__Ldata                                                 data         000000
__LdataBANK0                                            dataBANK0    000000
__Leeprom_data                                          eeprom_data  000000
__Lfarbss                                               farbss       000000
__Lfardata                                              fardata      000000
__Libigdata                                             ibigdata     000000
__Lidata                                                idata        000000
__LidataBANK0                                           idataBANK0   000000
__Lidloc                                                idloc        200000
__Lifardata                                             ifardata     000000
__Linit                                                 init         000046
__Lintcode                                              intcode      000008
__Lintcode_body                                         intcode_body 000000
__Lintcodelo                                            intcodelo    000046
__Lintentry                                             intentry     000000
__Lintret                                               intret       000000
__Lintsave_regs                                         intsave_regs 000000
__Lirdata                                               irdata       000000
__Lmediumconst                                          mediumconst  000000
__LnvBANK0                                              nvBANK0      000000
__LnvFARRAM                                             nvFARRAM     000000
__Lnvbit                                                nvbit        000000
__Lnvrram                                               nvrram       000000
__Lpa_nodes0                                            pa_nodes0    000000
__Lparam                                                rparam       000000
__Lpowerup                                              powerup      000046
__Lram                                                  ram          000000
__Lramtop                                               ramtop       000F00
__Lrbit                                                 rbit         000000
__Lrbss                                                 rbss         000000
__Lrdata                                                rdata        000000
__Lreset_vec                                            reset_vec    000000
__Lrparam                                               rparam       000000
__Lsfr                                                  sfr          000000
__Lsmallconst                                           smallconst   000F00
__Lspace_0                                              (abs)        000000
__Lspace_1                                              (abs)        000000
__Lspace_2                                              (abs)        000000
__Lstack                                                stack        000000
__Lstruct                                               struct       000000
__Ltemp                                                 temp         00005C
__Ltext                                                 text         000000
__Ltext0                                                text0        000000
__Ltext1                                                text1        000000
__Ltext10                                               text10       000000
__Ltext11                                               text11       000000
__Ltext12                                               text12       000000
__Ltext13                                               text13       000000
__Ltext14                                               text14       000000
__Ltext15                                               text15       000000
__Ltext16                                               text16       000000
__Ltext17                                               text17       000000
__Ltext18                                               text18       000000
__Ltext19                                               text19       000000
__Ltext2                                                text2        000000
__Ltext20                                               text20       000000
__Ltext21                                               text21       000000
__Ltext22                                               text22       000000
__Ltext23                                               text23       000000
__Ltext24                                               text24       000000
__Ltext25                                               text25       000000
__Ltext26                                               text26       000000
__Ltext27                                               text27       000000
__Ltext28                                               text28       000000
__Ltext29                                               text29       000000
__Ltext3                                                text3        000000
__Ltext30                                               text30       000000
__Ltext31                                               text31       000000
__Ltext32                                               text32       000000
__Ltext33                                               text33       000000
__Ltext34                                               text34       000000
__Ltext35                                               text35       000000
__Ltext36                                               text36       000000
__Ltext37                                               text37       000000
__Ltext38                                               text38       000000
__Ltext39                                               text39       000000
__Ltext4                                                text4        000000
__Ltext40                                               text40       000000
__Ltext41                                               text41       000000
__Ltext42                                               text42       000000
__Ltext43                                               text43       000000
__Ltext44                                               text44       000000
__Ltext45                                               text45       000000
__Ltext46                                               text46       000000
__Ltext47                                               text47       000000
__Ltext48                                               text48       000000
__Ltext49                                               text49       000000
__Ltext5                                                text5        000000
__Ltext50                                               text50       000000
__Ltext51                                               text51       000000
__Ltext52                                               text52       000000
__Ltext53                                               text53       000000
__Ltext54                                               text54       000000
__Ltext55                                               text55       000000
__Ltext56                                               text56       000000
__Ltext57                                               text57       000000
__Ltext58                                               text58       000000
__Ltext59                                               text59       000000
__Ltext6                                                text6        000000
__Ltext60                                               text60       000000
__Ltext61                                               text61       000000
__Ltext63                                               text63       000000
__Ltext64                                               text64       000000
__Ltext65                                               text65       000000
__Ltext66                                               text66       000000
__Ltext67                                               text67       000000
__Ltext68                                               text68       000000
__Ltext69                                               text69       000000
__Ltext7                                                text7        000000
__Ltext70                                               text70       000000
__Ltext71                                               text71       000000
__Ltext72                                               text72       000000
__Ltext73                                               text73       000000
__Ltext8                                                text8        000000
__Ltext9                                                text9        000000
__S0                                                    (abs)        30000C
__S1                                                    (abs)        000083
__S2                                                    (abs)        000000
___altoft                                               text53       001844
___altoft@c                                             cstackCOMRAM 000029
___altoft@exp                                           cstackCOMRAM 000031
___altoft@sign                                          cstackCOMRAM 000032
___ftadd                                                text55       000F6A
___ftadd@exp1                                           cstackCOMRAM 000019
___ftadd@exp2                                           cstackCOMRAM 000018
___ftadd@f1                                             cstackCOMRAM 00000E
___ftadd@f2                                             cstackCOMRAM 000011
___ftadd@sign                                           cstackCOMRAM 000017
___ftdiv                                                text32       001328
___ftdiv@cntr                                           cstackCOMRAM 000050
___ftdiv@exp                                            cstackCOMRAM 000054
___ftdiv@f1                                             cstackCOMRAM 000047
___ftdiv@f2                                             cstackCOMRAM 00004A
___ftdiv@f3                                             cstackCOMRAM 000051
___ftdiv@sign                                           cstackCOMRAM 000055
___ftmul                                                text57       0011A8
___ftmul@cntr                                           cstackCOMRAM 000054
___ftmul@exp                                            cstackCOMRAM 000050
___ftmul@f1                                             cstackCOMRAM 000047
___ftmul@f2                                             cstackCOMRAM 00004A
___ftmul@f3_as_product                                  cstackCOMRAM 000051
___ftmul@sign                                           cstackCOMRAM 000055
___ftpack                                               text58       001488
___ftpack@arg                                           cstackCOMRAM 000003
___ftpack@exp                                           cstackCOMRAM 000006
___ftpack@sign                                          cstackCOMRAM 000007
___ftsub                                                text54       001BC6
___ftsub@f1                                             cstackCOMRAM 00003B
___ftsub@f2                                             cstackCOMRAM 00003E
___fttol                                                text52       001270
___fttol@exp1                                           cstackCOMRAM 000028
___fttol@f1                                             cstackCOMRAM 00001A
___fttol@lval                                           cstackCOMRAM 000024
___fttol@sign1                                          cstackCOMRAM 000023
___inthi_sp                                             stack        000000
___intlo_sp                                             stack        000000
___lwdiv                                                text31       00199E
___lwdiv@counter                                        cstackCOMRAM 000009
___lwdiv@dividend                                       cstackCOMRAM 000003
___lwdiv@divisor                                        cstackCOMRAM 000005
___lwdiv@quotient                                       cstackCOMRAM 000007
___lwmod                                                text30       001AAE
___lwmod@counter                                        cstackCOMRAM 00000E
___lwmod@dividend                                       cstackCOMRAM 00000A
___lwmod@divisor                                        cstackCOMRAM 00000C
___lwtoft                                               text56       001D98
___lwtoft@c                                             cstackCOMRAM 00000B
___param_bank                                           (abs)        000000
___rparam_used                                          (abs)        000001
___sp                                                   stack        000000
__accesstop                                             (abs)        000060
__activetblptr                                          (abs)        000003
__end_ofPL10                                            text27       00119E
__end_ofPL12                                            text55       0010AC
__end_ofPL14                                            text37       0017D8
__end_ofPL16                                            text57       001268
__end_ofPL18                                            text49       001608
__end_ofPL2                                             text26       001488
__end_ofPL20                                            text47       001572
__end_ofPL22                                            text23       001A2E
__end_ofPL24                                            text55       0010B8
__end_ofPL26                                            text47       00157E
__end_ofPL28                                            text32       0013DE
__end_ofPL30                                            text45       001ED2
__end_ofPL32                                            text47       001586
__end_ofPL34                                            text40       001BB8
__end_ofPL36                                            text57       001270
__end_ofPL38                                            text58       001504
__end_ofPL4                                             text37       0017C0
__end_ofPL40                                            text47       001590
__end_ofPL42                                            text58       00150E
__end_ofPL44                                            text27       0011A8
__end_ofPL46                                            text20       001844
__end_ofPL48                                            text40       001BBE
__end_ofPL50                                            text40       001BC6
__end_ofPL6                                             text37       0017CE
__end_ofPL8                                             text27       001196
__end_of_ADCC_Initialize                                text16       001D28
__end_of_BrakingMechanism                               text72       001FB8
__end_of_CCP1_CompareISR                                text67       001E36
__end_of_CCP1_CompareSetInterruptHandler                text61       001FCC
__end_of_CCP1_Initialize                                text15       001EA2
__end_of_CCP1_SetCompareCount                           text46       001F66
__end_of_CLC1_Initialize                                text14       001E52
__end_of_CWG_AutoShutdownEventSet                       text60       001FE8
__end_of_CWG_Initialize                                 text13       001DFA
__end_of_CheckEndButton                                 text39       00199E
__end_of_CheckForwardButton                             text38       001CCC
__end_of_CheckHomeButton                                text35       001952
__end_of_CheckReverseButton                             text34       001B90
__end_of_CompareLoadValue                               text59       001CFC
__end_of_Compare_ISR                                    text68       001F40
__end_of_DATAEE_ReadByte                                text19       001F14
__end_of_DATAEE_WriteByte                               text25       001B24
__end_of_EUSART1_Initialize                             text12       001EFE
__end_of_EUSART1_Write                                  text29       001F94
__end_of_ExpectedRippleCountRemainingAngle              text48       001AAE
__end_of_ExpectedRippleCountToEndPoint                  text47       001564
__end_of_ExpectedRippleCountToHome                      text37       0017B2
__end_of_ForwardPosition                                text23       001A20
__end_of_Forward_Dir                                    text40       001BAE
__end_of_GetAngleTurned                                 text26       00147A
__end_of_INTERRUPT_Initialize                           text11       001FE0
__end_of_INTERRUPT_InterruptManager                     intcode      000046
__end_of_MotorPosition                                  text21       001EBA
__end_of_OSCILLATOR_Initialize                          text10       001F86
__end_of_PIN_MANAGER_Initialize                         text9        001768
__end_of_PMD_Initialize                                 text8        001F76
__end_of_PWM2_Initialize                                text7        001F54
__end_of_ReadInput                                      text20       00183A
__end_of_ReadMotorPositionFromEEPROM                    text18       001A6E
__end_of_ResumeMotor                                    text17       001E6E
__end_of_ReversePosition                                text22       001B5A
__end_of_Reverse_Dir                                    text36       001D74
__end_of_SYSTEM_Initialize                              text2        001C64
__end_of_StallDetection                                 text1        001FA0
__end_of_Stall_ISR                                      text64       001F2A
__end_of_StartCounting                                  text41       001D98
__end_of_StorePosition                                  text24       001E8A
__end_of_TMR1_GATE_ISR                                  text66       001FEC
__end_of_TMR1_Initialize                                text6        001C98
__end_of_TMR1_ReadTimer                                 text33       001DDC
__end_of_TMR1_Reload                                    text44       001FAC
__end_of_TMR1_StartTimer                                text43       001FE4
__end_of_TMR1_StopTimer                                 text71       001FF8
__end_of_TMR1_WriteTimer                                text45       001EC8
__end_of_TMR2_Initialize                                text5        001EE8
__end_of_TMR4_DefaultInterruptHandler                   text65       001FFC
__end_of_TMR4_ISR                                       text63       001E18
__end_of_TMR4_Initialize                                text3        001D50
__end_of_TMR4_Period8BitSet                             text42       001FDC
__end_of_TMR4_SetInterruptHandler                       text4        001FC2
__end_of_TMR4_Stop                                      text70       001FF4
__end_of_TMR4_StopTimer                                 text69       001FF0
__end_of___altoft                                       text53       0018AA
__end_of___ftadd                                        text55       00109C
__end_of___ftdiv                                        text32       0013D6
__end_of___ftmul                                        text57       00125A
__end_of___ftpack                                       text58       0014FA
__end_of___ftsub                                        text54       001BFC
__end_of___fttol                                        text52       001328
__end_of___lwdiv                                        text31       0019E8
__end_of___lwmod                                        text30       001AEC
__end_of___lwtoft                                       text56       001DBC
__end_of__initialization                                cinit        001C26
__end_of_dpowers                                        smallconst   000F0B
__end_of_frexp                                          text51       001906
__end_of_main                                           text0        00167E
__end_of_printf                                         text27       001188
__end_of_putch                                          text28       001FD4
__end_of_round                                          text49       0015FA
__end_of_trunc                                          text50       0016F4
__initialization                                        cinit        001BFC
__mediumconst                                           mediumconst  000000
__pbssBANK0                                             bssBANK0     000060
__pbssCOMRAM                                            bssCOMRAM    000059
__pcinit                                                cinit        001BFC
__pcstackBANK0                                          cstackBANK0  00007C
__pcstackCOMRAM                                         cstackCOMRAM 000001
__pdataBANK0                                            dataBANK0    000081
__pidataBANK0                                           idataBANK0   001FF8
__pintcode                                              intcode      000008
__pnvBANK0                                              nvBANK0      000076
__psmallconst                                           smallconst   000F00
__ptext0                                                text0        001608
__ptext1                                                text1        001F94
__ptext10                                               text10       001F76
__ptext11                                               text11       001FDC
__ptext12                                               text12       001EE8
__ptext13                                               text13       001DDC
__ptext14                                               text14       001E36
__ptext15                                               text15       001E8A
__ptext16                                               text16       001CFC
__ptext17                                               text17       001E52
__ptext18                                               text18       001A2E
__ptext19                                               text19       001EFE
__ptext2                                                text2        001C30
__ptext20                                               text20       0017D8
__ptext21                                               text21       001EA2
__ptext22                                               text22       001B24
__ptext23                                               text23       0019E8
__ptext24                                               text24       001E6E
__ptext25                                               text25       001AEC
__ptext26                                               text26       0013DE
__ptext27                                               text27       0010B8
__ptext28                                               text28       001FCC
[...]
		On entry : 
		On exit  : 
		Unchanged: 
 Data sizes:     COMRAM   BANK0   BANK1   BANK2   BANK3   BANK4   BANK5   BANK6   BANK7   BANK8   BANK9  BANK10  BANK11  BANK12  BANK14
      Params:         0       0       0       0       0       0       0       0       0       0       0       0       0       0       0
      Locals:         0       0       0       0       0       0       0       0       0       0       0       0       0       0       0
      Temps:          0       0       0       0       0       0       0       0       0       0       0       0       0       0       0
      Totals:         0       0       0       0       0       0       0       0       0       0       0       0       0       0       0
Total ram usage:        0 bytes
 Hardware stack levels used:    1
 Hardware stack levels required when called:    2
 This function calls:
		_BrakingMechanism
		_TMR1_StopTimer
		_TMR4_StopTimer
 This function is called by:
		_StallDetection
		_TMR4_ISR
 This function uses a non-reentrant model


 *************** function _TMR4_DefaultInterruptHandler *****************
 Defined at:
		line 182 in file "mcc_generated_files/tmr4.c"
 Parameters:    Size  Location     Type
		None
 Auto vars:     Size  Location     Type
		None
 Return value:  Size  Location     Type
                  1    wreg      void 
 Registers used:
		None
 Tracked objects:
		On entry : 
		On exit  : 
		Unchanged: 
 Data sizes:     COMRAM   BANK0   BANK1   BANK2   BANK3   BANK4   BANK5   BANK6   BANK7   BANK8   BANK9  BANK10  BANK11  BANK12  BANK14
      Params:         0       0       0       0       0       0       0       0       0       0       0       0       0       0       0
      Locals:         0       0       0       0       0       0       0       0       0       0       0       0       0       0       0
      Temps:          0       0       0       0       0       0       0       0       0       0       0       0       0       0       0
      Totals:         0       0       0       0       0       0       0       0       0       0       0       0       0       0       0
Total ram usage:        0 bytes
 Hardware stack levels used:    1
 This function calls:
		Nothing
 This function is called by:
		_TMR4_Initialize
		_TMR4_ISR
 This function uses a non-reentrant model


 *************** function _TMR1_GATE_ISR *****************
 Defined at:
		line 30 in file "interrupt_handlers.c"
 Parameters:    Size  Location     Type
		None
 Auto vars:     Size  Location     Type
		None
 Return value:  Size  Location     Type
                  1    wreg      void 
 Registers used:
		None
 Tracked objects:
		On entry : 
		On exit  : 
		Unchanged: 
 Data sizes:     COMRAM   BANK0   BANK1   BANK2   BANK3   BANK4   BANK5   BANK6   BANK7   BANK8   BANK9  BANK10  BANK11  BANK12  BANK14
      Params:         0       0       0       0       0       0       0       0       0       0       0       0       0       0       0
      Locals:         0       0       0       0       0       0       0       0       0       0       0       0       0       0       0
      Temps:          0       0       0       0       0       0       0       0       0       0       0       0       0       0       0
      Totals:         0       0       0       0       0       0       0       0       0       0       0       0       0       0       0
Total ram usage:        0 bytes
 Hardware stack levels used:    1
 This function calls:
		Nothing
 This function is called by:
		_INTERRUPT_InterruptManager
 This function uses a non-reentrant model


 *************** function _CCP1_CompareISR *****************
 Defined at:
		line 44 in file "interrupt_handlers.c"
 Parameters:    Size  Location     Type
		None
 Auto vars:     Size  Location     Type
		None
 Return value:  Size  Location     Type
                  1    wreg      void 
 Registers used:
		wreg, status,2, status,0, pclath, tosl, cstack
 Tracked objects:
		On entry : 
		On exit  : 
		Unchanged: 
 Data sizes:     COMRAM   BANK0   BANK1   BANK2   BANK3   BANK4   BANK5   BANK6   BANK7   BANK8   BANK9  BANK10  BANK11  BANK12  BANK14
      Params:         0       0       0       0       0       0       0       0       0       0       0       0       0       0       0
      Locals:         0       0       0       0       0       0       0       0       0       0       0       0       0       0       0
      Temps:          0       0       0       0       0       0       0       0       0       0       0       0       0       0       0
      Totals:         0       0       0       0       0       0       0       0       0       0       0       0       0       0       0
Total ram usage:        0 bytes
 Hardware stack levels used:    1
 Hardware stack levels required when called:    3
 This function calls:
		Absolute function
		_Compare_ISR
 This function is called by:
		_INTERRUPT_InterruptManager
 This function uses a non-reentrant model


 *************** function _Compare_ISR *****************
 Defined at:
		line 100 in file "counting_ripples.c"
 Parameters:    Size  Location     Type
		None
 Auto vars:     Size  Location     Type
		None
 Return value:  Size  Location     Type
                  1    wreg      void 
 Registers used:
		wreg, status,2, cstack
 Tracked objects:
		On entry : 
		On exit  : 
		Unchanged: 
 Data sizes:     COMRAM   BANK0   BANK1   BANK2   BANK3   BANK4   BANK5   BANK6   BANK7   BANK8   BANK9  BANK10  BANK11  BANK12  BANK14
      Params:         0       0       0       0       0       0       0       0       0       0       0       0       0       0       0
      Locals:         0       0       0       0       0       0       0       0       0       0       0       0       0       0       0
      Temps:          0       0       0       0       0       0       0       0       0       0       0       0       0       0       0
      Totals:         0       0       0       0       0       0       0       0       0       0       0       0       0       0       0
Total ram usage:        0 bytes
 Hardware stack levels used:    1
 Hardware stack levels required when called:    2
 This function calls:
		_BrakingMechanism
		_TMR1_StopTimer
		_TMR4_StopTimer
 This function is called by:
		_main
		_CCP1_CompareISR
 This function uses a non-reentrant model


 *************** function _TMR4_StopTimer *****************
 Defined at:
		line 125 in file "mcc_generated_files/tmr4.c"
 Parameters:    Size  Location     Type
		None
 Auto vars:     Size  Location     Type
		None
 Return value:  Size  Location     Type
                  1    wreg      void 
 Registers used:
		cstack
 Tracked objects:
		On entry : 
		On exit  : 
		Unchanged: 
 Data sizes:     COMRAM   BANK0   BANK1   BANK2   BANK3   BANK4   BANK5   BANK6   BANK7   BANK8   BANK9  BANK10  BANK11  BANK12  BANK14
      Params:         0       0       0       0       0       0       0       0       0       0       0       0       0       0       0
      Locals:         0       0       0       0       0       0       0       0       0       0       0       0       0       0       0
      Temps:          0       0       0       0       0       0       0       0       0       0       0       0       0       0       0
      Totals:         0       0       0       0       0       0       0       0       0       0       0       0       0       0       0
Total ram usage:        0 bytes
 Hardware stack levels used:    1
 Hardware stack levels required when called:    1
 This function calls:
		_TMR4_Stop
 This function is called by:
		_Compare_ISR
		_Stall_ISR
 This function uses a non-reentrant model


 *************** function _TMR4_Stop *****************
 Defined at:
		line 119 in file "mcc_generated_files/tmr4.c"
 Parameters:    Size  Location     Type
		None
 Auto vars:     Size  Location     Type
		None
 Return value:  Size  Location     Type
                  1    wreg      void 
 Registers used:
		None
 Tracked objects:
		On entry : 
		On exit  : 
		Unchanged: 
 Data sizes:     COMRAM   BANK0   BANK1   BANK2   BANK3   BANK4   BANK5   BANK6   BANK7   BANK8   BANK9  BANK10  BANK11  BANK12  BANK14
      Params:         0       0       0       0       0       0       0       0       0       0       0       0       0       0       0
      Locals:         0       0       0       0       0       0       0       0       0       0       0       0       0       0       0
      Temps:          0       0       0       0       0       0       0       0       0       0       0       0       0       0       0
      Totals:         0       0       0       0       0       0       0       0       0       0       0       0       0       0       0
Total ram usage:        0 bytes
 Hardware stack levels used:    1
 This function calls:
		Nothing
 This function is called by:
		_TMR4_StopTimer
 This function uses a non-reentrant model


 *************** function _TMR1_StopTimer *****************
 Defined at:
		line 104 in file "mcc_generated_files/tmr1.c"
 Parameters:    Size  Location     Type
		None
 Auto vars:     Size  Location     Type
		None
 Return value:  Size  Location     Type
                  1    wreg      void 
 Registers used:
		None
 Tracked objects:
		On entry : 
		On exit  : 
		Unchanged: 
 Data sizes:     COMRAM   BANK0   BANK1   BANK2   BANK3   BANK4   BANK5   BANK6   BANK7   BANK8   BANK9  BANK10  BANK11  BANK12  BANK14
      Params:         0       0       0       0       0       0       0       0       0       0       0       0       0       0       0
      Locals:         0       0       0       0       0       0       0       0       0       0       0       0       0       0       0
      Temps:          0       0       0       0       0       0       0       0       0       0       0       0       0       0       0
      Totals:         0       0       0       0       0       0       0       0       0       0       0       0       0       0       0
Total ram usage:        0 bytes
 Hardware stack levels used:    1
 This function calls:
		Nothing
 This function is called by:
		_Compare_ISR
		_Stall_ISR
 This function uses a non-reentrant model


 *************** function _BrakingMechanism *****************
 Defined at:
		line 74 in file "motor_drive.c"
 Parameters:    Size  Location     Type
		None
 Auto vars:     Size  Location     Type
		None
 Return value:  Size  Location     Type
                  1    wreg      void 
 Registers used:
		wreg, status,2
 Tracked objects:
		On entry : 
		On exit  : 
		Unchanged: 
 Data sizes:     COMRAM   BANK0   BANK1   BANK2   BANK3   BANK4   BANK5   BANK6   BANK7   BANK8   BANK9  BANK10  BANK11  BANK12  BANK14
      Params:         0       0       0       0       0       0       0       0       0       0       0       0       0       0       0
      Locals:         0       0       0       0       0       0       0       0       0       0       0       0       0       0       0
      Temps:          0       0       0       0       0       0       0       0       0       0       0       0       0       0       0
      Totals:         0       0       0       0       0       0       0       0       0       0       0       0       0       0       0
Total ram usage:        0 bytes
 Hardware stack levels used:    1
 This function calls:
		Nothing
 This function is called by:
		_Compare_ISR
		_Stall_ISR
 This function uses a non-reentrant model



MODULE INFORMATION

Module		Function		Class		Link	Load	Size
mcc_generated_files/ccp1.c
		_CCP1_Initialize		CODE           	1E8A	0000	25
		_CCP1_SetCompareCount		CODE           	1F54	0000	19

mcc_generated_files/ccp1.c estimated size: 44

C:\Program Files (x86)\Microchip\xc8\v1.45\sources\common\ftsub.c
		___ftsub       		CODE           	1BC6	0000	55

C:\Program Files (x86)\Microchip\xc8\v1.45\sources\common\ftsub.c estimated size: 55

C:\Program Files (x86)\Microchip\xc8\v1.45\sources\common\float.c
		___ftpack      		CODE           	1488	0000	115

C:\Program Files (x86)\Microchip\xc8\v1.45\sources\common\float.c estimated size: 115

C:\Program Files (x86)\Microchip\xc8\v1.45\sources\common\doprnt.c
		_printf        		CODE           	10B8	0000	209

C:\Program Files (x86)\Microchip\xc8\v1.45\sources\common\doprnt.c estimated size: 209

mcc_generated_files/tmr4.c
		_TMR4_ISR      		CODE           	1DFA	0000	31
		_TMR4_Initialize		CODE           	1D28	0000	41
		_TMR4_Stop     		CODE           	1FF0	0000	5
		_TMR4_SetInterruptHandler		CODE           	1FB8	0000	11
		_TMR4_Period8BitSet		CODE           	1FD4	0000	9
		_TMR4_StopTimer		CODE           	1FEC	0000	5
		_TMR4_DefaultInterruptHandler		CODE           	1FFA	0000	3

mcc_generated_files/tmr4.c estimated size: 105

C:\Program Files (x86)\Microchip\xc8\v1.45\sources\common\round.c
		_round         		CODE           	1590	0000	107

C:\Program Files (x86)\Microchip\xc8\v1.45\sources\common\round.c estimated size: 107

interrupt_handlers.c
		_CCP1_CompareISR		CODE           	1E18	0000	31
		_CCP1_CompareSetInterruptHandler		CODE           	1FC2	0000	11
		_TMR1_GATE_ISR 		CODE           	1FE8	0000	5

interrupt_handlers.c estimated size: 47

motor_drive.c
		_Forward_Dir   		CODE           	1B90	0000	31
		_BrakingMechanism		CODE           	1FAC	0000	13
		_Reverse_Dir   		CODE           	1D50	0000	37

motor_drive.c estimated size: 81

counting_ripples.c
		_CompareLoadValue		CODE           	1CCC	0000	49
		_ReadInput     		CODE           	17D8	0000	99
		_ExpectedRippleCountToHome		CODE           	1768	0000	75
		_GetAngleTurned		CODE           	13DE	0000	157
		_ExpectedRippleCountRemainingAngle		CODE           	1A6E	0000	65
		_ExpectedRippleCountToEndPoint		CODE           	150E	0000	87
		_Compare_ISR   		CODE           	1F2A	0000	23
		_StartCounting 		CODE           	1D74	0000	37

counting_ripples.c estimated size: 592

mcc_generated_files/tmr2.c
		_TMR2_Initialize		CODE           	1ED2	0000	23

mcc_generated_files/tmr2.c estimated size: 23

mcc_generated_files/interrupt_manager.c
		_INTERRUPT_Initialize		CODE           	1FDC	0000	5
		_INTERRUPT_InterruptManager		CODE           	0008	0000	63

mcc_generated_files/interrupt_manager.c estimated size: 68

mcc_generated_files/pwm2.c
		_PWM2_Initialize		CODE           	1F40	0000	21

mcc_generated_files/pwm2.c estimated size: 21

mcc_generated_files/cwg.c
		_CWG_AutoShutdownEventSet		CODE           	1FE4	0000	5
		_CWG_Initialize		CODE           	1DDC	0000	31

mcc_generated_files/cwg.c estimated size: 36

C:\Program Files (x86)\Microchip\xc8\v1.45\sources\common\frexp.c
		_frexp         		CODE           	18AA	0000	93

C:\Program Files (x86)\Microchip\xc8\v1.45\sources\common\frexp.c estimated size: 93

mcc_generated_files/pin_manager.c
		_PIN_MANAGER_Initialize		CODE           	16F4	0000	117

mcc_generated_files/pin_manager.c estimated size: 117

C:\Program Files (x86)\Microchip\xc8\v1.45\sources\common\lwmod.c
		___lwmod       		CODE           	1AAE	0000	63

C:\Program Files (x86)\Microchip\xc8\v1.45\sources\common\lwmod.c estimated size: 63

C:\Program Files (x86)\Microchip\xc8\v1.45\sources\common\ftmul.c
		___ftmul       		CODE           	11A8	0000	179

C:\Program Files (x86)\Microchip\xc8\v1.45\sources\common\ftmul.c estimated size: 179

C:\Program Files (x86)\Microchip\xc8\v1.45\sources\common\ftdiv.c
		___ftdiv       		CODE           	1328	0000	175

C:\Program Files (x86)\Microchip\xc8\v1.45\sources\common\ftdiv.c estimated size: 175

stall_detection.c
		_Stall_ISR     		CODE           	1F14	0000	23
		_ResumeMotor   		CODE           	1E52	0000	29
		_StallDetection		CODE           	1F94	0000	13

stall_detection.c estimated size: 65

shared
		PL12           		CODE           	109C	0000	17
		PL50           		CODE           	1BBE	0000	9
		PL8            		CODE           	1188	0000	15
		PL22           		CODE           	1A20	0000	15
		PL32           		CODE           	157E	0000	9
		PL42           		CODE           	1504	0000	11
		PL14           		CODE           	17CE	0000	11
		PL24           		CODE           	10AC	0000	13
		PL34           		CODE           	1BAE	0000	11
		PL44           		CODE           	119E	0000	11
		PL16           		CODE           	125A	0000	15
		PL26           		CODE           	1572	0000	13
		PL36           		CODE           	1268	0000	9
		PL46           		CODE           	183A	0000	11
		_dpowers       		SMALLCONST     	0F01	0000	11
		PL18           		CODE           	15FA	0000	15
		PL28           		CODE           	13D6	0000	9
		PL38           		CODE           	14FA	0000	11
		PL48           		CODE           	1BB8	0000	7
		__initialization		CODE           	1BFC	0000	43
		PL2            		CODE           	147A	0000	15
		PL10           		CODE           	1196	0000	9
		PL4            		CODE           	17B2	0000	15
		PL20           		CODE           	1564	0000	15
		PL30           		CODE           	1EC8	0000	11
		PL6            		CODE           	17C0	0000	15
		PL40           		CODE           	1586	0000	11

shared estimated size: 357

mcc_generated_files/eusart1.c
		_EUSART1_Initialize		CODE           	1EE8	0000	23
		_putch         		CODE           	1FCC	0000	9
		_EUSART1_Write 		CODE           	1F86	0000	15

mcc_generated_files/eusart1.c estimated size: 47

mcc_generated_files/mcc.c
		_PMD_Initialize		CODE           	1F66	0000	17
		_OSCILLATOR_Initialize		CODE           	1F76	0000	17
		_SYSTEM_Initialize		CODE           	1C30	0000	53

mcc_generated_files/mcc.c estimated size: 87

C:\Program Files (x86)\Microchip\xc8\v1.45\sources\common\fttol.c
		___fttol       		CODE           	1270	0000	185

C:\Program Files (x86)\Microchip\xc8\v1.45\sources\common\fttol.c estimated size: 185

mcc_generated_files/tmr1.c
		_TMR1_Initialize		CODE           	1C64	0000	53
		_TMR1_StopTimer		CODE           	1FF4	0000	5
		_TMR1_Reload   		CODE           	1FA0	0000	13
		_TMR1_WriteTimer		CODE           	1EBA	0000	15
		_TMR1_StartTimer		CODE           	1FE0	0000	5
		_TMR1_ReadTimer		CODE           	1DBC	0000	33

mcc_generated_files/tmr1.c estimated size: 124

C:\Program Files (x86)\Microchip\xc8\v1.45\sources\common\lwdiv.c
		___lwdiv       		CODE           	199E	0000	75

C:\Program Files (x86)\Microchip\xc8\v1.45\sources\common\lwdiv.c estimated size: 75

mcc_generated_files/memory.c
		_DATAEE_WriteByte		CODE           	1AEC	0000	57
		_DATAEE_ReadByte		CODE           	1EFE	0000	23

mcc_generated_files/memory.c estimated size: 80

C:\Program Files (x86)\Microchip\xc8\v1.45\sources\common\ftadd.c
		___ftadd       		CODE           	0F6A	0000	307

C:\Program Files (x86)\Microchip\xc8\v1.45\sources\common\ftadd.c estimated size: 307

C:\Program Files (x86)\Microchip\xc8\v1.45\sources\common\trunc.c
		_trunc         		CODE           	167E	0000	119

C:\Program Files (x86)\Microchip\xc8\v1.45\sources\common\trunc.c estimated size: 119

mcc_generated_files/adcc.c
		_ADCC_Initialize		CODE           	1CFC	0000	45

mcc_generated_files/adcc.c estimated size: 45

main.c
		_main          		CODE           	1608	0000	119

main.c estimated size: 119

C:\Program Files (x86)\Microchip\xc8\v1.45\sources\common\lwtoft.c
		___lwtoft      		CODE           	1D98	0000	37

C:\Program Files (x86)\Microchip\xc8\v1.45\sources\common\lwtoft.c estimated size: 37

position_retention.c
		_ReversePosition		CODE           	1B24	0000	55
		_ReadMotorPositionFromEEPROM		CODE           	1A2E	0000	65
		_StorePosition 		CODE           	1E6E	0000	29
		_MotorPosition 		CODE           	1EA2	0000	25
		_ForwardPosition		CODE           	19E8	0000	57

position_retention.c estimated size: 231

check_buttons.c
		_CheckHomeButton		CODE           	1906	0000	77
		_CheckForwardButton		CODE           	1C98	0000	53
		_CheckReverseButton		CODE           	1B5A	0000	55
		_CheckEndButton		CODE           	1952	0000	77

check_buttons.c estimated size: 262

C:\Program Files (x86)\Microchip\xc8\v1.45\sources\common\altoft.c
		___altoft      		CODE           	1844	0000	103

C:\Program Files (x86)\Microchip\xc8\v1.45\sources\common\altoft.c estimated size: 103

mcc_generated_files/clc1.c
		_CLC1_Initialize		CODE           	1E36	0000	29

mcc_generated_files/clc1.c estimated size: 29

