Microchip MPLAB XC8 Compiler V1.45 ()

Linker command line:

-W-3 --edf=C:\Program Files (x86)\Microchip\xc8\v1.45\dat\en_msgs.txt -cs \
  -h+dist/default/production\RippleCounting_Q10.X.production.sym \
  --cmf=dist/default/production\RippleCounting_Q10.X.production.cmf -z \
  -Q18F46Q10 -oC:\Users\A20687\AppData\Local\Temp\sbpo.2 \
  -Mdist/default/production/RippleCounting_Q10.X.production.map -E1 \
  -ver=XC8 -ASTACK=083h-0cffh -pstack=STACK -ACODE=00h-0FFFFh \
  -ACONST=00h-0FFFFh -ASMALLCONST=0F00h-0FFFhx241 \
  -AMEDIUMCONST=0F00h-0FFFFh -ACOMRAM=01h-05Fh -AABS1=00h-0CFFh,0E00h-0E1Eh \
  -ABIGRAM=01h-0CFFh,0E00h-0E1Eh -ARAM=060h-0FFh,0100h-01FFhx12,0E00h-0E1Eh \
  -ABANK0=060h-0FFh -ABANK1=0100h-01FFh -ABANK2=0200h-02FFh \
  -ABANK3=0300h-03FFh -ABANK4=0400h-04FFh -ABANK5=0500h-05FFh \
  -ABANK6=0600h-06FFh -ABANK7=0700h-07FFh -ABANK8=0800h-08FFh \
  -ABANK9=0900h-09FFh -ABANK10=0A00h-0AFFh -ABANK11=0B00h-0BFFh \
  -ABANK12=0C00h-0CFFh -ABANK14=0E00h-0E1Eh \
  -ASFR=0E1Fh-0EFFh,0F00h-0F5Fh,0F60h-0FFFh \
  -preset_vec=00h,intcode=08h,intcodelo,powerup,init -pramtop=0F00h \
  -psmallconst=SMALLCONST -pmediumconst=MEDIUMCONST -pconst=CONST \
  -AFARRAM=00h-00h -ACONFIG=0300000h-030000Bh -pconfig=CONFIG \
  -AIDLOC=0200000h-02000FFh -pidloc=IDLOC -AEEDATA=0310000h-03103FFh \
  -peeprom_data=EEDATA \
  -prdata=COMRAM,nvrram=COMRAM,nvbit=COMRAM,rbss=COMRAM,rbit=COMRAM \
  -pfarbss=FARRAM,fardata=FARRAM,nvFARRAM=FARRAM \
  -pintsave_regs=BIGRAM,bigbss=BIGRAM,bigdata=BIGRAM -pbss=RAM \
  -pidata=CODE,irdata=CODE,ibigdata=CODE,ifardata=CODE -prparam=COMRAM \
  C:\Users\A20687\AppData\Local\Temp\sbpo.obj \
  dist/default/production\RippleCounting_Q10.X.production.obj 

Object code version is 3.11

Machine type is 18F46Q10

Call graph: (short form)




                Name                               Link     Load   Length Selector   Space Scale
C:\Users\A20687\AppData\Local\Temp\sbpo.obj
                init                                 46       46        4        4       0
                reset_vec                             0        0        4        0       0
                idloc                            200000   200000      100   200000       0
                config                           300000   300000        C   300000       0
dist/default/production\RippleCounting_Q10.X.production.obj
                intcode                               8        8       3E        4       0
                temp                                 5C       5C        1        1       1
                smallconst                          F00      F00       80      780       0
                text76                             20D0     20D0        C      7C0       0
                text75                             2118     2118        4      7C0       0
                text74                             2114     2114        4      7C0       0
                text73                             2110     2110        4      7C0       0
                text72                             204E     204E       16      7C0       0
                text71                             1F3C     1F3C       1E      7C0       0
                text70                             210C     210C        4      7C0       0
                text69                             211E     211E        2      7C0       0
                text68                             2038     2038       16      7C0       0
                text67                             1F1E     1F1E       1E      7C0       0
                text65                             20E6     20E6        A      7C0       0
                text64                             2108     2108        4      7C0       0
                text63                             1D7A     1D7A       30      7C0       0
                text62                             1572     1572       86      7C0       0
                text61                             11BE     11BE       C8      7C0       0
                text60                             1EBC     1EBC       24      7C0       0
                text59                              F80      F80      14E      7C0       0
                text58                             1C74     1C74       36      7C0       0
                text57                             18C0     18C0       66      7C0       0
                text56                             1404     1404       B8      7C0       0
                text55                             1926     1926       5C      7C0       0
                text54                             1766     1766       76      7C0       0
                text53                             1678     1678       78      7C0       0
                text52                             1AE6     1AE6       40      7C0       0
                text51                             15F8     15F8       80      7C0       0
                text50                             2078     2078       12      7C0       0
                text49                             1FDE     1FDE       18      7C0       0
                text48                             20C4     20C4        C      7C0       0
                text47                             2104     2104        4      7C0       0
                text46                             20F8     20F8        8      7C0       0
                text45                             1E98     1E98       24      7C0       0
                text44                             1C3E     1C3E       36      7C0       0
                text43                             1A16     1A16       4A      7C0       0
                text42                             1D46     1D46       34      7C0       0
                text41                             1850     1850       70      7C0       0
                text40                             1E72     1E72       26      7C0       0
                text39                             19CC     19CC       4A      7C0       0
                text38                             1C08     1C08       36      7C0       0
                text37                             1EE0     1EE0       20      7C0       0
                text36                             1BD2     1BD2       36      7C0       0
                text35                             14BC     14BC       B6      7C0       0
                text34                             1DFE     1DFE       28      7C0       0
                text33                             1982     1982       4A      7C0       0
                text32                             1B26     1B26       3E      7C0       0
                text31                             20AA     20AA        E      7C0       0
                text30                             20F0     20F0        8      7C0       0
                text29                             10CE     10CE       F0      7C0       0
                text28                             1348     1348       BC      7C0       0
                text27                             1B64     1B64       38      7C0       0
                text26                             1F92     1F92       1C      7C0       0
                text25                             1A60     1A60       46      7C0       0
                text24                             1B9C     1B9C       36      7C0       0
                text23                             1FC6     1FC6       18      7C0       0
                text22                             1E4C     1E4C       26      7C0       0
                text21                             1E26     1E26       26      7C0       0
                text20                             1286     1286       C2      7C0       0
                text19                             2022     2022       16      7C0       0
                text18                             1AA6     1AA6       40      7C0       0
                text17                             1F76     1F76       1C      7C0       0
                text16                             1DAA     1DAA       2C      7C0       0
                text15                             1FAE     1FAE       18      7C0       0
                text14                             1F5A     1F5A       1C      7C0       0
                text13                             1F00     1F00       1E      7C0       0
                text12                             200C     200C       16      7C0       0
                text11                             2100     2100        4      7C0       0
                text10                             209A     209A       10      7C0       0
                text9                              17DC     17DC       74      7C0       0
                text8                              208A     208A       10      7C0       0
                text7                              2064     2064       14      7C0       0
                text6                              1D12     1D12       34      7C0       0
                text5                              1FF6     1FF6       16      7C0       0
                text4                              20DC     20DC        A      7C0       0
                text3                              1DD6     1DD6       28      7C0       0
                text2                              1CDE     1CDE       34      7C0       0
                text1                              20B8     20B8        C      7C0       0
                text0                              16F0     16F0       76      7C0       0
                cstackCOMRAM                          1        1       58        1       1
                cstackBANK0                          74       74        7       60       1
                dataBANK0                            81       81        2       60       1
                bssBANK0                             60       60       14       60       1
                bssCOMRAM                            59       59        3        1       1
                cinit                              1CAA     1CAA       34      7C0       0
                nvBANK0                              7B       7B        6       60       1
                idataBANK0                         211C     211C        2      7C0       0

TOTAL           Name                               Link     Load   Length     Space
        CLASS   STACK          

        CLASS   CODE           
                intcode                               8        8       3E         0
                init                                 46       46        4         0
                reset_vec                             0        0        4         0
                text76                             20D0     20D0        C         0
                text75                             2118     2118        4         0
                text74                             2114     2114        4         0
                text73                             2110     2110        4         0
                text72                             204E     204E       16         0
                text71                             1F3C     1F3C       1E         0
                text70                             210C     210C        4         0
                text69                             211E     211E        2         0
                text68                             2038     2038       16         0
                text67                             1F1E     1F1E       1E         0
                text65                             20E6     20E6        A         0
                text64                             2108     2108        4         0
                text63                             1D7A     1D7A       30         0
                text62                             1572     1572       86         0
                text61                             11BE     11BE       C8         0
                text60                             1EBC     1EBC       24         0
                text59                              F80      F80      14E         0
                text58                             1C74     1C74       36         0
                text57                             18C0     18C0       66         0
                text56                             1404     1404       B8         0
                text55                             1926     1926       5C         0
                text54                             1766     1766       76         0
                text53                             1678     1678       78         0
                text52                             1AE6     1AE6       40         0
                text51                             15F8     15F8       80         0
                text50                             2078     2078       12         0
                text49                             1FDE     1FDE       18         0
                text48                             20C4     20C4        C         0
                text47                             2104     2104        4         0
                text46                             20F8     20F8        8         0
                text45                             1E98     1E98       24         0
                text44                             1C3E     1C3E       36         0
                text43                             1A16     1A16       4A         0
                text42                             1D46     1D46       34         0
                text41                             1850     1850       70         0
                text40                             1E72     1E72       26         0
                text39                             19CC     19CC       4A         0
                text38                             1C08     1C08       36         0
                text37                             1EE0     1EE0       20         0
                text36                             1BD2     1BD2       36         0
                text35                             14BC     14BC       B6         0
                text34                             1DFE     1DFE       28         0
                text33                             1982     1982       4A         0
                text32                             1B26     1B26       3E         0
                text31                             20AA     20AA        E         0
                text30                             20F0     20F0        8         0
                text29                             10CE     10CE       F0         0
                text28                             1348     1348       BC         0
                text27                             1B64     1B64       38         0
                text26                             1F92     1F92       1C         0
                text25                             1A60     1A60       46         0
                text24                             1B9C     1B9C       36         0
                text23                             1FC6     1FC6       18         0
                text22                             1E4C     1E4C       26         0
                text21                             1E26     1E26       26         0
                text20                             1286     1286       C2         0
                text19                             2022     2022       16         0
                text18                             1AA6     1AA6       40         0
                text17                             1F76     1F76       1C         0
                text16                             1DAA     1DAA       2C         0
                text15                             1FAE     1FAE       18         0
                text14                             1F5A     1F5A       1C         0
                text13                             1F00     1F00       1E         0
                text12                             200C     200C       16         0
                text11                             2100     2100        4         0
                text10                             209A     209A       10         0
                text9                              17DC     17DC       74         0
                text8                              208A     208A       10         0
                text7                              2064     2064       14         0
                text6                              1D12     1D12       34         0
                text5                              1FF6     1FF6       16         0
                text4                              20DC     20DC        A         0
                text3                              1DD6     1DD6       28         0
                text2                              1CDE     1CDE       34         0
                text1                              20B8     20B8        C         0
                text0                              16F0     16F0       76         0
                cinit                              1CAA     1CAA       34         0
                idataBANK0                         211C     211C        2         0

        CLASS   CONST          

        CLASS   SMALLCONST     
                smallconst                          F00      F00       80         0

        CLASS   MEDIUMCONST    

        CLASS   COMRAM         
                temp                                 5C       5C        1         1
                cstackCOMRAM                          1        1       58         1
                bssCOMRAM                            59       59        3         1

        CLASS   ABS1           

        CLASS   BIGRAM         

        CLASS   RAM            

        CLASS   BANK0          
                cstackBANK0                          74       74        7         1
                dataBANK0                            81       81        2         1
                bssBANK0                             60       60       14         1
                nvBANK0                              7B       7B        6         1

        CLASS   BANK1          

        CLASS   BANK2          

        CLASS   BANK3          

        CLASS   BANK4          

        CLASS   BANK5          

        CLASS   BANK6          

        CLASS   BANK7          

        CLASS   BANK8          

        CLASS   BANK9          

        CLASS   BANK10         

        CLASS   BANK11         

        CLASS   BANK12         

        CLASS   BANK14         

        CLASS   SFR            

        CLASS   FARRAM         

        CLASS   CONFIG         
                config                           300000   300000        C         0

        CLASS   IDLOC          
                idloc                            200000   200000      100         0

        CLASS   EEDATA         



SEGMENTS        Name                           Load    Length   Top    Selector   Space  Class

                reset_vec                      000000  000004  000004         0       0  CODE    
                cstackCOMRAM                   000001  00005C  00005D         1       1  COMRAM  
                intcode                        000008  000042  00004A         4       0  CODE    
                bssBANK0                       000060  000023  000083        60       1  BANK0   
                smallconst                     000F00  000080  000F80       780       0  SMALLCON
                text59                         000F80  0011A0  002120       7C0       0  CODE    
                idloc                          200000  000100  200100    200000       0  IDLOC   
                config                         300000  00000C  30000C    300000       0  CONFIG  


UNUSED ADDRESS RANGES

        Name                Unused          Largest block    Delta
        BANK0            000083-0000FF               7D
        BANK1            000100-0001FF              100
        BANK10           000A00-000AFF              100
        BANK11           000B00-000BFF              100
        BANK12           000C00-000CFF              100
        BANK14           000E00-000E1E               1F
        BANK2            000200-0002FF              100
        BANK3            000300-0003FF              100
        BANK4            000400-0004FF              100
        BANK5            000500-0005FF              100
        BANK6            000600-0006FF              100
        BANK7            000700-0007FF              100
        BANK8            000800-0008FF              100
        BANK9            000900-0009FF              100
        BIGRAM           00005D-00005F                3
                         000083-000CFF              C7D
                         000E00-000E1E               1F
        CODE             000004-000007                4
                         00004A-000EFF              EB6
                         002120-00FFFF             DEE0
        COMRAM           00005D-00005F                3
        CONST            000004-000007                4
                         00004A-000EFF              EB6
                         002120-00FFFF             DEE0
        EEDATA           310000-3103FF              400
        MEDIUMCONST      002120-00FFFF             DEE0
        RAM              000083-000CFF              100
                         000E00-000E1E               1F
        SFR              000E1F-000FFF               E1
        SMALLCONST       002120-00FFFF              100
        STACK            000083-000CFF              C7D

                                  Symbol Table

?_ADCC_GetSingleConversion                              cstackCOMRAM 000003
?_TMR1_ReadTimer                                        cstackCOMRAM 000003
?___altoft                                              cstackCOMRAM 000029
?___awtoft                                              cstackCOMRAM 00000B
?___ftadd                                               cstackCOMRAM 00000E
?___ftdiv                                               cstackCOMRAM 000047
?___ftmul                                               cstackCOMRAM 000047
?___ftpack                                              cstackCOMRAM 000003
?___ftsub                                               cstackCOMRAM 00003B
?___fttol                                               cstackCOMRAM 00001A
?___lwdiv                                               cstackCOMRAM 000003
?___lwmod                                               cstackCOMRAM 00000A
?___lwtoft                                              cstackCOMRAM 00000B
?___wmul                                                cstackCOMRAM 000008
?_abs                                                   cstackCOMRAM 000003
?_printf                                                cstackCOMRAM 00000F
?_round                                                 cstackCOMRAM 000041
?_trunc                                                 cstackCOMRAM 000033
ADCC_GetSingleConversion@channel                        cstackCOMRAM 000007
CCP1_CompareSetInterruptHandler@CompareInterruptHandler cstackCOMRAM 000003
CCP1_SetCompareCount@compareCount                       cstackCOMRAM 000003
CCP1_SetCompareCount@module                             cstackCOMRAM 000005
DATAEE_ReadByte@bAdd                                    cstackCOMRAM 000003
DATAEE_WriteByte@GIEBitValue                            cstackCOMRAM 000005
DATAEE_WriteByte@bAdd                                   cstackCOMRAM 000004
DATAEE_WriteByte@bData                                  cstackCOMRAM 000003
EUSART1_Write@txData                                    cstackCOMRAM 000003
GetAngleTurned@actualRippleCount                        cstackBANK0  000077
PL10                                                    text29       0011AC
PL12                                                    text59       0010B2
PL14                                                    text41       0018B6
PL16                                                    text61       001270
PL18                                                    text53       0016E2
PL2                                                     text28       0013F6
PL20                                                    text25       001A98
PL22                                                    text51       00164C
PL24                                                    text59       0010C2
PL26                                                    text51       00165A
PL28                                                    text29       0011B4
PL30                                                    text20       00133E
PL32                                                    text35       00156A
PL34                                                    text49       001FEC
PL36                                                    text51       001666
PL38                                                    text44       001C5C
PL4                                                     text41       00189A
PL40                                                    text61       00127E
PL42                                                    text62       0015E4
PL44                                                    text51       00166E
PL46                                                    text62       0015EE
PL48                                                    text44       001C66
PL50                                                    text44       001C6C
PL6                                                     text41       0018A8
PL8                                                     text29       00119E
ReadMotorPositionFromEEPROM@actualPosition              cstackCOMRAM 00001E
ReadMotorPositionFromEEPROM@readByteLSB                 cstackCOMRAM 00001D
ReadMotorPositionFromEEPROM@readByteMSB                 cstackCOMRAM 00001B
StorePosition@writeByteLSB                              cstackCOMRAM 000006
StorePosition@writeByteMSB                              cstackCOMRAM 000007
TMR1_ReadTimer@readVal                                  cstackCOMRAM 000007
TMR1_ReadTimer@readValHigh                              cstackCOMRAM 000009
TMR1_ReadTimer@readValLow                               cstackCOMRAM 00000A
TMR1_WriteTimer@timerVal                                cstackCOMRAM 000003
TMR4_Period8BitSet@periodVal                            cstackCOMRAM 000003
TMR4_SetInterruptHandler@InterruptHandler               cstackCOMRAM 000003
_ADACQ                                                  (abs)        000F57
_ADACT                                                  (abs)        000F51
_ADCAP                                                  (abs)        000F58
_ADCC_GetSingleConversion                               text22       001E4C
_ADCC_Initialize                                        text16       001DAA
_ADCLK                                                  (abs)        000F52
_ADCON0                                                 (abs)        000F5B
_ADCON0bits                                             (abs)        000F5B
_ADCON1                                                 (abs)        000F54
_ADCON2                                                 (abs)        000F55
_ADCON3                                                 (abs)        000F56
_ADLTHH                                                 (abs)        000F66
_ADLTHL                                                 (abs)        000F65
_ADPCH                                                  (abs)        000F5A
_ADREF                                                  (abs)        000F53
_ADRESH                                                 (abs)        000F5F
_ADRESL                                                 (abs)        000F5E
_ADRPT                                                  (abs)        000F61
_ADSTAT                                                 (abs)        000F60
_ADSTPTH                                                (abs)        000F64
_ADSTPTL                                                (abs)        000F63
_ADUTHH                                                 (abs)        000F68
_ADUTHL                                                 (abs)        000F67
_ANSELA                                                 (abs)        000F0C
_ANSELB                                                 (abs)        000F14
_ANSELC                                                 (abs)        000F1C
_ANSELD                                                 (abs)        000F21
_ANSELE                                                 (abs)        000F29
_BAUD1CON                                               (abs)        000F9E
_BrakingMechanism                                       text76       0020D0
_CCP1CON                                                (abs)        000FAB
_CCP1_CompareISR                                        text71       001F3C
_CCP1_CompareInterruptHandler                           nvBANK0      00007B
_CCP1_CompareSetInterruptHandler                        text65       0020E6
_CCP1_Initialize                                        text15       001FAE
_CCP1_SetCompareCount                                   text50       002078
_CCP2CON                                                (abs)        000FA7
_CCPR1H                                                 (abs)        000FAA
_CCPR1L                                                 (abs)        000FA9
_CCPR2H                                                 (abs)        000FA6
_CCPR2L                                                 (abs)        000FA5
_CCPTMRSbits                                            (abs)        000FAD
_CLC1CON                                                (abs)        000E27
_CLC1GLS0                                               (abs)        000E2D
_CLC1GLS1                                               (abs)        000E2E
_CLC1GLS2                                               (abs)        000E2F
_CLC1GLS3                                               (abs)        000E30
_CLC1POL                                                (abs)        000E28
_CLC1PPS                                                (abs)        000E1F
_CLC1SEL0                                               (abs)        000E29
_CLC1SEL1                                               (abs)        000E2A
_CLC1SEL2                                               (abs)        000E2B
_CLC1SEL3                                               (abs)        000E2C
_CLC1_Initialize                                        text14       001F5A
_CWG1AS0                                                (abs)        000F41
_CWG1AS0bits                                            (abs)        000F41
_CWG1AS1                                                (abs)        000F42
_CWG1CLKCON                                             (abs)        000F3B
_CWG1CON0                                               (abs)        000F3F
_CWG1CON0bits                                           (abs)        000F3F
_CWG1CON1                                               (abs)        000F40
_CWG1DBF                                                (abs)        000F3E
_CWG1DBR                                                (abs)        000F3D
_CWG1ISM                                                (abs)        000F3C
_CWG1STR                                                (abs)        000F43
_CWGINPPS                                               (abs)        000EAC
_CWG_AutoShutdownEventSet                               text64       002108
_CWG_Initialize                                         text13       001F00
_CheckEndButton                                         text43       001A16
_CheckForwardButton                                     text42       001D46
_CheckHomeButton                                        text39       0019CC
_CheckReverseButton                                     text38       001C08
_CompareLoadValue                                       text63       001D7A
_Compare_ISR                                            text72       00204E
_DATAEE_ReadByte                                        text19       002022
_DATAEE_WriteByte                                       text27       001B64
_EUSART1_Initialize                                     text12       00200C
_EUSART1_Write                                          text31       0020AA
_ExpectedRippleCountRemainingAngle                      text52       001AE6
_ExpectedRippleCountRemainingAngle$3531                 cstackCOMRAM 000056
_ExpectedRippleCountToEndPoint                          text51       0015F8
_ExpectedRippleCountToEndPoint$3533                     cstackCOMRAM 000056
_ExpectedRippleCountToHome                              text41       001850
_ExpectedRippleCountToHome$3532                         cstackCOMRAM 000056
_ForwardPosition                                        text25       001A60
_Forward_Dir                                            text44       001C3E
_GetAngleTurned                                         text28       001348
_GetAngleTurned$3534                                    cstackBANK0  000074
_INLVLBbits                                             (abs)        000F10
_INTCONbits                                             (abs)        000FF2
_INTERRUPT_Initialize                                   text11       002100
_INTERRUPT_InterruptManager                             intcode      000008
_LATA                                                   (abs)        000F82
_LATAbits                                               (abs)        000F82
_LATB                                                   (abs)        000F83
_LATC                                                   (abs)        000F84
_LATD                                                   (abs)        000F85
_LATE                                                   (abs)        000F86
_MotorPosition                                          text23       001FC6
_NVMADRH                                                (abs)        000F7A
_NVMADRL                                                (abs)        000F79
_NVMADRU                                                (abs)        000F7B
_NVMCON0bits                                            (abs)        000F7F
_NVMCON1bits                                            (abs)        000F80
_NVMCON2                                                (abs)        000F81
_NVMDATL                                                (abs)        000F7C
_ODCONA                                                 (abs)        000F0A
_ODCONB                                                 (abs)        000F12
_ODCONC                                                 (abs)        000F1A
_ODCOND                                                 (abs)        000F1F
_ODCONE                                                 (abs)        000F27
_OSCCON1                                                (abs)        000ED3
_OSCCON3                                                (abs)        000ED5
_OSCEN                                                  (abs)        000ED7
_OSCFRQ                                                 (abs)        000ED9
_OSCILLATOR_Initialize                                  text10       00209A
_OSCTUNE                                                (abs)        000ED8
_PIE4bits                                               (abs)        000EC1
_PIE5bits                                               (abs)        000EC2
_PIE6bits                                               (abs)        000EC3
_PIN_MANAGER_Initialize                                 text9        0017DC
_PIR3bits                                               (abs)        000EC8
_PIR4bits                                               (abs)        000EC9
_PIR5bits                                               (abs)        000ECA
_PIR6bits                                               (abs)        000ECB
_PMD0                                                   (abs)        000EDC
_PMD1                                                   (abs)        000EDD
_PMD2                                                   (abs)        000EDE
_PMD3                                                   (abs)        000EDF
_PMD4                                                   (abs)        000EE0
_PMD5                                                   (abs)        000EE1
_PMD_Initialize                                         text8        00208A
_PORTBbits                                              (abs)        000F8D
_PORTCbits                                              (abs)        000F8E
_PR4                                                    (abs)        000FB5
_PWM2_Initialize                                        text7        002064
_RB0PPS                                                 (abs)        000EEA
_RC1STA                                                 (abs)        000F9C
_RC6PPS                                                 (abs)        000EF8
_RD1PPS                                                 (abs)        000EFB
_RD2PPS                                                 (abs)        000EFC
_RD3PPS                                                 (abs)        000EFD
_ReadInput                                              text20       001286
_ReadInput$3530                                         cstackBANK0  000074
_ReadMotorPositionFromEEPROM                            text18       001AA6
_ResumeMotor                                            text17       001F76
_ReversePosition                                        text24       001B9C
_Reverse_Dir                                            text40       001E72
_SLRCONA                                                (abs)        000F09
_SLRCONB                                                (abs)        000F11
_SLRCONC                                                (abs)        000F19
_SLRCOND                                                (abs)        000F1E
_SLRCONE                                                (abs)        000F26
_SP1BRGH                                                (abs)        000F9B
_SP1BRGL                                                (abs)        000F9A
_SYSTEM_Initialize                                      text2        001CDE
_StallDetection                                         text1        0020B8
_Stall_ISR                                              text68       002038
_StartCounting                                          text45       001E98
_StorePosition                                          text26       001F92
_T1CLK                                                  (abs)        000FD1
_T1CON                                                  (abs)        000FCE
_T1CONbits                                              (abs)        000FCE
_T1GATE                                                 (abs)        000FD0
_T1GCON                                                 (abs)        000FCF
_T2CLKCON                                               (abs)        000FBE
_T2CON                                                  (abs)        000FBC
_T2HLT                                                  (abs)        000FBD
_T2PR                                                   (abs)        000FBB
_T2RST                                                  (abs)        000FBF
_T2TMR                                                  (abs)        000FBA
_T4CLKCON                                               (abs)        000FB8
_T4CON                                                  (abs)        000FB6
_T4CONbits                                              (abs)        000FB6
_T4HLT                                                  (abs)        000FB7
_T4PR                                                   (abs)        000FB5
_T4RST                                                  (abs)        000FB9
_T4TMR                                                  (abs)        000FB4
_TMR1H                                                  (abs)        000FCD
_TMR1L                                                  (abs)        000FCC
_TMR1_GATE_ISR                                          text70       00210C
_TMR1_GateInterruptHandler                              bssBANK0     000060
_TMR1_Initialize                                        text6        001D12
_TMR1_ReadTimer                                         text37       001EE0
_TMR1_Reload                                            text48       0020C4
_TMR1_StartTimer                                        text47       002104
_TMR1_StopTimer                                         text75       002118
_TMR1_WriteTimer                                        text49       001FDE
_TMR2_Initialize                                        text5        001FF6
_TMR4_DefaultInterruptHandler                           text69       00211E
_TMR4_ISR                                               text67       001F1E
_TMR4_Initialize                                        text3        001DD6
_TMR4_InterruptHandler                                  nvBANK0      00007D
_TMR4_Period8BitSet                                     text46       0020F8
_TMR4_SetInterruptHandler                               text4        0020DC
_TMR4_Stop                                              text74       002114
_TMR4_StopTimer                                         text73       002110
_TRISA                                                  (abs)        000F87
_TRISB                                                  (abs)        000F88
_TRISC                                                  (abs)        000F89
_TRISD                                                  (abs)        000F8A
_TRISE                                                  (abs)        000F8B
_TX1REG                                                 (abs)        000F99
_TX1STA                                                 (abs)        000F9D
_WPUA                                                   (abs)        000F0B
_WPUB                                                   (abs)        000F13
_WPUC                                                   (abs)        000F1B
_WPUD                                                   (abs)        000F20
_WPUE                                                   (abs)        000F28
__CFG_BOREN$SBORDIS                                     (abs)        000000
__CFG_BORV$VBOR_245                                     (abs)        000000
__CFG_CLKOUTEN$OFF                                      (abs)        000000
__CFG_CP$OFF                                            (abs)        000000
__CFG_CPD$OFF                                           (abs)        000000
__CFG_CSWEN$ON                                          (abs)        000000
__CFG_DEBUG$OFF                                         (abs)        000000
__CFG_EBTR0$OFF                                         (abs)        000000
__CFG_EBTR1$OFF                                         (abs)        000000
__CFG_EBTR2$OFF                                         (abs)        000000
__CFG_EBTR3$OFF                                         (abs)        000000
__CFG_EBTRB$OFF                                         (abs)        000000
__CFG_FCMEN$ON                                          (abs)        000000
__CFG_FEXTOSC$OFF                                       (abs)        000000
__CFG_LPBOREN$OFF                                       (abs)        000000
__CFG_LVP$ON                                            (abs)        000000
__CFG_MCLRE$EXTMCLR                                     (abs)        000000
__CFG_PPS1WAY$ON                                        (abs)        000000
__CFG_PWRTE$OFF                                         (abs)        000000
__CFG_RSTOSC$HFINTOSC_1MHZ                              (abs)        000000
__CFG_SCANE$ON                                          (abs)        000000
__CFG_STVREN$ON                                         (abs)        000000
__CFG_WDTCCS$SC                                         (abs)        000000
__CFG_WDTCPS$WDTCPS_31                                  (abs)        000000
__CFG_WDTCWS$WDTCWS_7                                   (abs)        000000
__CFG_WDTE$OFF                                          (abs)        000000
__CFG_WRT0$OFF                                          (abs)        000000
__CFG_WRT1$OFF                                          (abs)        000000
__CFG_WRT2$OFF                                          (abs)        000000
__CFG_WRT3$OFF                                          (abs)        000000
__CFG_WRTB$OFF                                          (abs)        000000
__CFG_WRTC$OFF                                          (abs)        000000
__CFG_WRTD$OFF                                          (abs)        000000
__CFG_XINST$OFF                                         (abs)        000000
__CFG_ZCD$OFF                                           (abs)        000000
__HRAM                                                  (abs)        000000
__Habs1                                                 abs1         000000
__Hbank0                                                bank0        000000
__Hbank1                                                bank1        000000
__Hbank10                                               bank10       000000
__Hbank11                                               bank11       000000
__Hbank12                                               bank12       000000
__Hbank14                                               bank14       000000
__Hbank2                                                bank2        000000
__Hbank3                                                bank3        000000
__Hbank4                                                bank4        000000
__Hbank5                                                bank5        000000
__Hbank6                                                bank6        000000
__Hbank7                                                bank7        000000
__Hbank8                                                bank8        000000
__Hbank9                                                bank9        000000
__Hbigbss                                               bigbss       000000
__Hbigdata                                              bigdata      000000
__Hbigram                                               bigram       000000
__Hbss                                                  bss          000000
__HbssBANK0                                             bssBANK0     000000
__HbssCOMRAM                                            bssCOMRAM    000000
__Hcinit                                                cinit        000000
__Hclrtext                                              clrtext      000000
__Hcomram                                               comram       000000
__Hconfig                                               config       30000C
__Hconst                                                const        000000
__HcstackBANK0                                          cstackBANK0  000000
__HcstackCOMRAM                                         cstackCOMRAM 000000
__Hdata                                                 data         000000
__HdataBANK0                                            dataBANK0    000000
__Heeprom_data                                          eeprom_data  000000
__Hfarbss                                               farbss       000000
__Hfardata                                              fardata      000000
__Hibigdata                                             ibigdata     000000
__Hidata                                                idata        000000
__HidataBANK0                                           idataBANK0   000000
__Hidloc                                                idloc        200100
__Hifardata                                             ifardata     000000
__Hinit                                                 init         00004A
__Hintcode                                              intcode      000046
__Hintcode_body                                         intcode_body 000000
__Hintcodelo                                            intcodelo    000046
__Hintentry                                             intentry     000000
__Hintret                                               intret       000000
__Hintsave_regs                                         intsave_regs 000000
__Hirdata                                               irdata       000000
__Hmediumconst                                          mediumconst  000000
__HnvBANK0                                              nvBANK0      000000
__HnvFARRAM                                             nvFARRAM     000000
__Hnvbit                                                nvbit        000000
__Hnvrram                                               nvrram       000000
__Hpa_nodes0                                            pa_nodes0    000000
__Hparam                                                rparam       000000
__Hpowerup                                              powerup      000046
__Hram                                                  ram          000000
__Hramtop                                               ramtop       000F00
__Hrbit                                                 rbit         000000
__Hrbss                                                 rbss         000000
__Hrdata                                                rdata        000000
__Hreset_vec                                            reset_vec    000004
__Hrparam                                               rparam       000000
__Hsfr                                                  sfr          000000
__Hsmallconst                                           smallconst   000F80
__Hspace_0                                              (abs)        30000C
__Hspace_1                                              (abs)        000083
__Hspace_2                                              (abs)        000000
__Hstack                                                stack        000000
__Hstruct                                               struct       000000
__Htemp                                                 temp         00005D
__Htext                                                 text         000000
__Htext0                                                text0        000000
__Htext1                                                text1        000000
__Htext10                                               text10       000000
__Htext11                                               text11       000000
__Htext12                                               text12       000000
__Htext13                                               text13       000000
__Htext14                                               text14       000000
__Htext15                                               text15       000000
__Htext16                                               text16       000000
__Htext17                                               text17       000000
__Htext18                                               text18       000000
__Htext19                                               text19       000000
__Htext2                                                text2        000000
__Htext20                                               text20       000000
__Htext21                                               text21       000000
__Htext22                                               text22       000000
__Htext23                                               text23       000000
__Htext24                                               text24       000000
__Htext25                                               text25       000000
__Htext26                                               text26       000000
__Htext27                                               text27       000000
__Htext28                                               text28       000000
__Htext29                                               text29       000000
__Htext3                                                text3        000000
__Htext30                                               text30       000000
__Htext31                                               text31       000000
__Htext32                                               text32       000000
__Htext33                                               text33       000000
__Htext34                                               text34       000000
__Htext35                                               text35       000000
__Htext36                                               text36       000000
__Htext37                                               text37       000000
__Htext38                                               text38       000000
__Htext39                                               text39       000000
__Htext4                                                text4        000000
__Htext40                                               text40       000000
__Htext41                                               text41       000000
__Htext42                                               text42       000000
__Htext43                                               text43       000000
__Htext44                                               text44       000000
__Htext45                                               text45       000000
__Htext46                                               text46       000000
__Htext47                                               text47       000000
__Htext48                                               text48       000000
__Htext49                                               text49       000000
__Htext5                                                text5        000000
__Htext50                                               text50       000000
__Htext51                                               text51       000000
__Htext52                                               text52       000000
__Htext53                                               text53       000000
__Htext54                                               text54       000000
__Htext55                                               text55       000000
__Htext56                                               text56       000000
__Htext57                                               text57       000000
__Htext58                                               text58       000000
__Htext59                                               text59       000000
__Htext6                                                text6        000000
__Htext60                                               text60       000000
__Htext61                                               text61       000000
__Htext62                                               text62       000000
__Htext63                                               text63       000000
__Htext64                                               text64       000000
__Htext65                                               text65       000000
__Htext67                                               text67       000000
__Htext68                                               text68       000000
__Htext69                                               text69       000000
__Htext7                                                text7        000000
__Htext70                                               text70       000000
__Htext71                                               text71       000000
__Htext72                                               text72       000000
__Htext73                                               text73       000000
__Htext74                                               text74       000000
__Htext75                                               text75       000000
__Htext76                                               text76       000000
__Htext77                                               text77       000000
__Htext8                                                text8        000000
__Htext9                                                text9        000000
__LRAM                                                  (abs)        000001
__Labs1                                                 abs1         000000
__Lbank0                                                bank0        000000
__Lbank1                                                bank1        000000
__Lbank10                                               bank10       000000
__Lbank11                                               bank11       000000
__Lbank12                                               bank12       000000
__Lbank14                                               bank14       000000
__Lbank2                                                bank2        000000
__Lbank3                                                bank3        000000
__Lbank4                                                bank4        000000
__Lbank5                                                bank5        000000
__Lbank6                                                bank6        000000
__Lbank7                                                bank7        000000
__Lbank8                                                bank8        000000
__Lbank9                                                bank9        000000
__Lbigbss                                               bigbss       000000
__Lbigdata                                              bigdata      000000
__Lbigram                                               bigram       000000
__Lbss                                                  bss          000000
__LbssBANK0                                             bssBANK0     000000
__LbssCOMRAM                                            bssCOMRAM    000000
__Lcinit                                                cinit        000000
__Lclrtext                                              clrtext      000000
__Lcomram                                               comram       000000
__Lconfig                                               config       300000
__Lconst                                                const        000000
__LcstackBANK0                                          cstackBANK0  000000
__LcstackCOMRAM                                         cstackCOMRAM 000000
__Ldata                                                 data         000000
__LdataBANK0                                            dataBANK0    000000
__Leeprom_data                                          eeprom_data  000000
__Lfarbss                                               farbss       000000
__Lfardata                                              fardata      000000
__Libigdata                                             ibigdata     000000
__Lidata                                                idata        000000
__LidataBANK0                                           idataBANK0   000000
__Lidloc                                                idloc        200000
__Lifardata                                             ifardata     000000
__Linit                                                 init         000046
__Lintcode                                              intcode      000008
__Lintcode_body                                         intcode_body 000000
__Lintcodelo                                            intcodelo    000046
__Lintentry                                             intentry     000000
__Lintret                                               intret       000000
__Lintsave_regs                                         intsave_regs 000000
__Lirdata                                               irdata       000000
__Lmediumconst                                          mediumconst  000000
__LnvBANK0                                              nvBANK0      000000
__LnvFARRAM                                             nvFARRAM     000000
__Lnvbit                                                nvbit        000000
__Lnvrram                                               nvrram       000000
__Lpa_nodes0                                            pa_nodes0    000000
__Lparam                                                rparam       000000
__Lpowerup                                              powerup      000046
__Lram                                                  ram          000000
__Lramtop                                               ramtop       000F00
__Lrbit                                                 rbit         000000
__Lrbss                                                 rbss         000000
__Lrdata                                                rdata        000000
__Lreset_vec                                            reset_vec    000000
__Lrparam                                               rparam       000000
__Lsfr                                                  sfr          000000
__Lsmallconst                                           smallconst   000F00
__Lspace_0                                              (abs)        000000
__Lspace_1                                              (abs)        000000
__Lspace_2                                              (abs)        000000
__Lstack                                                stack        000000
__Lstruct                                               struct       000000
__Ltemp                                                 temp         00005C
__Ltext                                                 text         000000
__Ltext0                                                text0        000000
__Ltext1                                                text1        000000
__Ltext10                                               text10       000000
__Ltext11                                               text11       000000
__Ltext12                                               text12       000000
__Ltext13                                               text13       000000
__Ltext14                                               text14       000000
__Ltext15                                               text15       000000
__Ltext16                                               text16       000000
__Ltext17                                               text17       000000
__Ltext18                                               text18       000000
__Ltext19                                               text19       000000
__Ltext2                                                text2        000000
__Ltext20                                               text20       000000
__Ltext21                                               text21       000000
__Ltext22                                               text22       000000
__Ltext23                                               text23       000000
__Ltext24                                               text24       000000
__Ltext25                                               text25       000000
__Ltext26                                               text26       000000
__Ltext27                                               text27       000000
__Ltext28                                               text28       000000
__Ltext29                                               text29       000000
__Ltext3                                                text3        000000
__Ltext30                                               text30       000000
__Ltext31                                               text31       000000
__Ltext32                                               text32       000000
__Ltext33                                               text33       000000
__Ltext34                                               text34       000000
__Ltext35                                               text35       000000
__Ltext36                                               text36       000000
__Ltext37                                               text37       000000
__Ltext38                                               text38       000000
__Ltext39                                               text39       000000
__Ltext4                                                text4        000000
__Ltext40                                               text40       000000
__Ltext41                                               text41       000000
__Ltext42                                               text42       000000
__Ltext43                                               text43       000000
__Ltext44                                               text44       000000
__Ltext45                                               text45       000000
__Ltext46                                               text46       000000
__Ltext47                                               text47       000000
__Ltext48                                               text48       000000
__Ltext49                                               text49       000000
__Ltext5                                                text5        000000
__Ltext50                                               text50       000000
__Ltext51                                               text51       000000
__Ltext52                                               text52       000000
__Ltext53                                               text53       000000
__Ltext54                                               text54       000000
__Ltext55                                               text55       000000
__Ltext56                                               text56       000000
__Ltext57                                               text57       000000
__Ltext58                                               text58       000000
__Ltext59                                               text59       000000
__Ltext6                                                text6        000000
__Ltext60                                               text60       000000
__Ltext61                                               text61       000000
__Ltext62                                               text62       000000
__Ltext63                                               text63       000000
__Ltext64                                               text64       000000
__Ltext65                                               text65       000000
__Ltext67                                               text67       000000
__Ltext68                                               text68       000000
__Ltext69                                               text69       000000
__Ltext7                                                text7        000000
__Ltext70                                               text70       000000
__Ltext71                                               text71       000000
__Ltext72                                               text72       000000
__Ltext73                                               text73       000000
__Ltext74                                               text74       000000
__Ltext75                                               text75       000000
__Ltext76                                               text76       000000
__Ltext77                                               text77       000000
__Ltext8                                                text8        000000
__Ltext9                                                text9        000000
__S0                                                    (abs)        30000C
__S1                                                    (abs)        000083
__S2                                                    (abs)        000000
___altoft                                               text57       0018C0
___altoft@c                                             cstackCOMRAM 000029
___altoft@exp                                           cstackCOMRAM 000031
___altoft@sign                                          cstackCOMRAM 000032
___awtoft                                               text36       001BD2
___awtoft@c                                             cstackCOMRAM 00000B
___awtoft@sign                                          cstackCOMRAM 00000E
___ftadd                                                text59       000F80
___ftadd@exp1                                           cstackCOMRAM 000019
___ftadd@exp2                                           cstackCOMRAM 000018
___ftadd@f1                                             cstackCOMRAM 00000E
___ftadd@f2                                             cstackCOMRAM 000011
___ftadd@sign                                           cstackCOMRAM 000017
___ftdiv                                                text35       0014BC
___ftdiv@cntr                                           cstackCOMRAM 000050
___ftdiv@exp                                            cstackCOMRAM 000054
___ftdiv@f1                                             cstackCOMRAM 000047
___ftdiv@f2                                             cstackCOMRAM 00004A
___ftdiv@f3                                             cstackCOMRAM 000051
___ftdiv@sign                                           cstackCOMRAM 000055
___ftmul                                                text61       0011BE
___ftmul@cntr                                           cstackCOMRAM 000054
___ftmul@exp                                            cstackCOMRAM 000050
___ftmul@f1                                             cstackCOMRAM 000047
___ftmul@f2                                             cstackCOMRAM 00004A
___ftmul@f3_as_product                                  cstackCOMRAM 000051
___ftmul@sign                                           cstackCOMRAM 000055
___ftpack                                               text62       001572
___ftpack@arg                                           cstackCOMRAM 000003
___ftpack@exp                                           cstackCOMRAM 000006
___ftpack@sign                                          cstackCOMRAM 000007
___ftsub                                                text58       001C74
___ftsub@f1                                             cstackCOMRAM 00003B
___ftsub@f2                                             cstackCOMRAM 00003E
___fttol                                                text56       001404
___fttol@exp1                                           cstackCOMRAM 000028
___fttol@f1                                             cstackCOMRAM 00001A
___fttol@lval                                           cstackCOMRAM 000024
___fttol@sign1                                          cstackCOMRAM 000023
___inthi_sp                                             stack        000000
___intlo_sp                                             stack        000000
___lwdiv                                                text33       001982
___lwdiv@counter                                        cstackCOMRAM 000007
___lwdiv@dividend                                       cstackCOMRAM 000003
___lwdiv@divisor                                        cstackCOMRAM 000005
___lwdiv@quotient                                       cstackCOMRAM 000008
___lwmod                                                text32       001B26
___lwmod@counter                                        cstackCOMRAM 00000E
___lwmod@dividend                                       cstackCOMRAM 00000A
___lwmod@divisor                                        cstackCOMRAM 00000C
___lwtoft                                               text60       001EBC
___lwtoft@c                                             cstackCOMRAM 00000B
___param_bank                                           (abs)        000000
___rparam_used                                          (abs)        000001
___sp                                                   stack        000000
___wmul                                                 text21       001E26
___wmul@multiplicand                                    cstackCOMRAM 00000A
___wmul@multiplier                                      cstackCOMRAM 000008
___wmul@product                                         cstackCOMRAM 00000C
__accesstop                                             (abs)        000060
__activetblptr                                          (abs)        000003
__end_ofPL10                                            text29       0011B4
__end_ofPL12                                            text59       0010C2
__end_ofPL14                                            text41       0018C0
__end_ofPL16                                            text61       00127E
__end_ofPL18                                            text53       0016F0
__end_ofPL2                                             text28       001404
__end_ofPL20                                            text25       001AA6
__end_ofPL22                                            text51       00165A
__end_ofPL24                                            text59       0010CE
__end_ofPL26                                            text51       001666
__end_ofPL28                                            text29       0011BE
__end_ofPL30                                            text20       001348
__end_ofPL32                                            text35       001572
__end_ofPL34                                            text49       001FF6
__end_ofPL36                                            text51       00166E
__end_ofPL38                                            text44       001C66
__end_ofPL4                                             text41       0018A8
__end_ofPL40                                            text61       001286
__end_ofPL42                                            text62       0015EE
__end_ofPL44                                            text51       001678
__end_ofPL46                                            text62       0015F8
__end_ofPL48                                            text44       001C6C
__end_ofPL50                                            text44       001C74
__end_ofPL6                                             text41       0018B6
__end_ofPL8                                             text29       0011AC
__end_of_ADCC_GetSingleConversion                       text22       001E72
__end_of_ADCC_Initialize                                text16       001DD6
__end_of_BrakingMechanism                               text76       0020DC
__end_of_CCP1_CompareISR                                text71       001F5A
__end_of_CCP1_CompareSetInterruptHandler                text65       0020F0
__end_of_CCP1_Initialize                                text15       001FC6
__end_of_CCP1_SetCompareCount                           text50       00208A
__end_of_CLC1_Initialize                                text14       001F76
__end_of_CWG_AutoShutdownEventSet                       text64       00210C
__end_of_CWG_Initialize                                 text13       001F1E
__end_of_CheckEndButton                                 text43       001A60
__end_of_CheckForwardButton                             text42       001D7A
__end_of_CheckHomeButton                                text39       001A16
__end_of_CheckReverseButton                             text38       001C3E
__end_of_CompareLoadValue                               text63       001DAA
__end_of_Compare_ISR                                    text72       002064
__end_of_DATAEE_ReadByte                                text19       002038
__end_of_DATAEE_WriteByte                               text27       001B9C
__end_of_EUSART1_Initialize                             text12       002022
__end_of_EUSART1_Write                                  text31       0020B8
__end_of_ExpectedRippleCountRemainingAngle              text52       001B26
__end_of_ExpectedRippleCountToEndPoint                  text51       00164C
__end_of_ExpectedRippleCountToHome                      text41       00189A
__end_of_ForwardPosition                                text25       001A98
__end_of_Forward_Dir                                    text44       001C5C
__end_of_GetAngleTurned                                 text28       0013F6
__end_of_INTERRUPT_Initialize                           text11       002104
__end_of_INTERRUPT_InterruptManager                     intcode      000046
__end_of_MotorPosition                                  text23       001FDE
__end_of_OSCILLATOR_Initialize                          text10       0020AA
__end_of_PIN_MANAGER_Initialize                         text9        001850
__end_of_PMD_Initialize                                 text8        00209A
__end_of_PWM2_Initialize                                text7        002078
__end_of_ReadInput                                      text20       00133E
__end_of_ReadMotorPositionFromEEPROM                    text18       001AE6
__end_of_ResumeMotor                                    text17       001F92
__end_of_ReversePosition                                text24       001BD2
__end_of_Reverse_Dir                                    text40       001E98
__end_of_SYSTEM_Initialize                              text2        001D12
__end_of_StallDetection                                 text1        0020C4
__end_of_Stall_ISR                                      text68       00204E
__end_of_StartCounting                                  text45       001EBC
__end_of_StorePosition                                  text26       001FAE
__end_of_TMR1_GATE_ISR                                  text70       002110
__end_of_TMR1_Initialize                                text6        001D46
__end_of_TMR1_ReadTimer                                 text37       001F00
__end_of_TMR1_Reload                                    text48       0020D0
__end_of_TMR1_StartTimer                                text47       002108
__end_of_TMR1_StopTimer                                 text75       00211C
__end_of_TMR1_WriteTimer                                text49       001FEC
__end_of_TMR2_Initialize                                text5        00200C
__end_of_TMR4_DefaultInterruptHandler                   text69       002120
__end_of_TMR4_ISR                                       text67       001F3C
__end_of_TMR4_Initialize                                text3        001DFE
__end_of_TMR4_Period8BitSet                             text46       002100
__end_of_TMR4_SetInterruptHandler                       text4        0020E6
__end_of_TMR4_Stop                                      text74       002118
__end_of_TMR4_StopTimer                                 text73       002114
__end_of___altoft                                       text57       001926
__end_of___awtoft                                       text36       001C08
__end_of___ftadd                                        text59       0010B2
__end_of___ftdiv                                        text35       00156A
__end_of___ftmul                                        text61       001270
__end_of___ftpack                                       text62       0015E4
__end_of___ftsub                                        text58       001CAA
__end_of___fttol                                        text56       0014BC
__end_of___lwdiv                                        text33       0019CC
__end_of___lwmod                                        text32       001B64
__end_of___lwtoft                                       text60       001EE0
__end_of___wmul                                         text21       001E4C
__end_of__initialization                                cinit        001CD4
__end_of_abs                                            text34       001E26
__end_of_dpowers                                        smallconst   000F0B
__end_of_frexp                                          text55       001982
[...]
Total ram usage:        0 bytes
 Hardware stack levels used:    1
 Hardware stack levels required when called:    2
 This function calls:
		_BrakingMechanism
		_TMR1_StopTimer
		_TMR4_StopTimer
 This function is called by:
		_StallDetection
		_TMR4_ISR
 This function uses a non-reentrant model


 *************** function _TMR4_DefaultInterruptHandler *****************
 Defined at:
		line 182 in file "mcc_generated_files/tmr4.c"
 Parameters:    Size  Location     Type
		None
 Auto vars:     Size  Location     Type
		None
 Return value:  Size  Location     Type
                  1    wreg      void 
 Registers used:
		None
 Tracked objects:
		On entry : 
		On exit  : 
		Unchanged: 
 Data sizes:     COMRAM   BANK0   BANK1   BANK2   BANK3   BANK4   BANK5   BANK6   BANK7   BANK8   BANK9  BANK10  BANK11  BANK12  BANK14
      Params:         0       0       0       0       0       0       0       0       0       0       0       0       0       0       0
      Locals:         0       0       0       0       0       0       0       0       0       0       0       0       0       0       0
      Temps:          0       0       0       0       0       0       0       0       0       0       0       0       0       0       0
      Totals:         0       0       0       0       0       0       0       0       0       0       0       0       0       0       0
Total ram usage:        0 bytes
 Hardware stack levels used:    1
 This function calls:
		Nothing
 This function is called by:
		_TMR4_Initialize
		_TMR4_ISR
 This function uses a non-reentrant model


 *************** function _TMR1_GATE_ISR *****************
 Defined at:
		line 30 in file "interrupt_handlers.c"
 Parameters:    Size  Location     Type
		None
 Auto vars:     Size  Location     Type
		None
 Return value:  Size  Location     Type
                  1    wreg      void 
 Registers used:
		None
 Tracked objects:
		On entry : 
		On exit  : 
		Unchanged: 
 Data sizes:     COMRAM   BANK0   BANK1   BANK2   BANK3   BANK4   BANK5   BANK6   BANK7   BANK8   BANK9  BANK10  BANK11  BANK12  BANK14
      Params:         0       0       0       0       0       0       0       0       0       0       0       0       0       0       0
      Locals:         0       0       0       0       0       0       0       0       0       0       0       0       0       0       0
      Temps:          0       0       0       0       0       0       0       0       0       0       0       0       0       0       0
      Totals:         0       0       0       0       0       0       0       0       0       0       0       0       0       0       0
Total ram usage:        0 bytes
 Hardware stack levels used:    1
 This function calls:
		Nothing
 This function is called by:
		_INTERRUPT_InterruptManager
 This function uses a non-reentrant model


 *************** function _CCP1_CompareISR *****************
 Defined at:
		line 44 in file "interrupt_handlers.c"
 Parameters:    Size  Location     Type
		None
 Auto vars:     Size  Location     Type
		None
 Return value:  Size  Location     Type
                  1    wreg      void 
 Registers used:
		wreg, status,2, status,0, pclath, tosl, cstack
 Tracked objects:
		On entry : 
		On exit  : 
		Unchanged: 
 Data sizes:     COMRAM   BANK0   BANK1   BANK2   BANK3   BANK4   BANK5   BANK6   BANK7   BANK8   BANK9  BANK10  BANK11  BANK12  BANK14
      Params:         0       0       0       0       0       0       0       0       0       0       0       0       0       0       0
      Locals:         0       0       0       0       0       0       0       0       0       0       0       0       0       0       0
      Temps:          0       0       0       0       0       0       0       0       0       0       0       0       0       0       0
      Totals:         0       0       0       0       0       0       0       0       0       0       0       0       0       0       0
Total ram usage:        0 bytes
 Hardware stack levels used:    1
 Hardware stack levels required when called:    3
 This function calls:
		Absolute function
		_Compare_ISR
 This function is called by:
		_INTERRUPT_InterruptManager
 This function uses a non-reentrant model


 *************** function _Compare_ISR *****************
 Defined at:
		line 102 in file "counting_ripples.c"
 Parameters:    Size  Location     Type
		None
 Auto vars:     Size  Location     Type
		None
 Return value:  Size  Location     Type
                  1    wreg      void 
 Registers used:
		wreg, status,2, cstack
 Tracked objects:
		On entry : 
		On exit  : 
		Unchanged: 
 Data sizes:     COMRAM   BANK0   BANK1   BANK2   BANK3   BANK4   BANK5   BANK6   BANK7   BANK8   BANK9  BANK10  BANK11  BANK12  BANK14
      Params:         0       0       0       0       0       0       0       0       0       0       0       0       0       0       0
      Locals:         0       0       0       0       0       0       0       0       0       0       0       0       0       0       0
      Temps:          0       0       0       0       0       0       0       0       0       0       0       0       0       0       0
      Totals:         0       0       0       0       0       0       0       0       0       0       0       0       0       0       0
Total ram usage:        0 bytes
 Hardware stack levels used:    1
 Hardware stack levels required when called:    2
 This function calls:
		_BrakingMechanism
		_TMR1_StopTimer
		_TMR4_StopTimer
 This function is called by:
		_main
		_CCP1_CompareISR
 This function uses a non-reentrant model


 *************** function _TMR4_StopTimer *****************
 Defined at:
		line 125 in file "mcc_generated_files/tmr4.c"
 Parameters:    Size  Location     Type
		None
 Auto vars:     Size  Location     Type
		None
 Return value:  Size  Location     Type
                  1    wreg      void 
 Registers used:
		cstack
 Tracked objects:
		On entry : 
		On exit  : 
		Unchanged: 
 Data sizes:     COMRAM   BANK0   BANK1   BANK2   BANK3   BANK4   BANK5   BANK6   BANK7   BANK8   BANK9  BANK10  BANK11  BANK12  BANK14
      Params:         0       0       0       0       0       0       0       0       0       0       0       0       0       0       0
      Locals:         0       0       0       0       0       0       0       0       0       0       0       0       0       0       0
      Temps:          0       0       0       0       0       0       0       0       0       0       0       0       0       0       0
      Totals:         0       0       0       0       0       0       0       0       0       0       0       0       0       0       0
Total ram usage:        0 bytes
 Hardware stack levels used:    1
 Hardware stack levels required when called:    1
 This function calls:
		_TMR4_Stop
 This function is called by:
		_Compare_ISR
		_Stall_ISR
 This function uses a non-reentrant model


 *************** function _TMR4_Stop *****************
 Defined at:
		line 119 in file "mcc_generated_files/tmr4.c"
 Parameters:    Size  Location     Type
		None
 Auto vars:     Size  Location     Type
		None
 Return value:  Size  Location     Type
                  1    wreg      void 
 Registers used:
		None
 Tracked objects:
		On entry : 
		On exit  : 
		Unchanged: 
 Data sizes:     COMRAM   BANK0   BANK1   BANK2   BANK3   BANK4   BANK5   BANK6   BANK7   BANK8   BANK9  BANK10  BANK11  BANK12  BANK14
      Params:         0       0       0       0       0       0       0       0       0       0       0       0       0       0       0
      Locals:         0       0       0       0       0       0       0       0       0       0       0       0       0       0       0
      Temps:          0       0       0       0       0       0       0       0       0       0       0       0       0       0       0
      Totals:         0       0       0       0       0       0       0       0       0       0       0       0       0       0       0
Total ram usage:        0 bytes
 Hardware stack levels used:    1
 This function calls:
		Nothing
 This function is called by:
		_TMR4_StopTimer
 This function uses a non-reentrant model


 *************** function _TMR1_StopTimer *****************
 Defined at:
		line 104 in file "mcc_generated_files/tmr1.c"
 Parameters:    Size  Location     Type
		None
 Auto vars:     Size  Location     Type
		None
 Return value:  Size  Location     Type
                  1    wreg      void 
 Registers used:
		None
 Tracked objects:
		On entry : 
		On exit  : 
		Unchanged: 
 Data sizes:     COMRAM   BANK0   BANK1   BANK2   BANK3   BANK4   BANK5   BANK6   BANK7   BANK8   BANK9  BANK10  BANK11  BANK12  BANK14
      Params:         0       0       0       0       0       0       0       0       0       0       0       0       0       0       0
      Locals:         0       0       0       0       0       0       0       0       0       0       0       0       0       0       0
      Temps:          0       0       0       0       0       0       0       0       0       0       0       0       0       0       0
      Totals:         0       0       0       0       0       0       0       0       0       0       0       0       0       0       0
Total ram usage:        0 bytes
 Hardware stack levels used:    1
 This function calls:
		Nothing
 This function is called by:
		_Compare_ISR
		_Stall_ISR
 This function uses a non-reentrant model


 *************** function _BrakingMechanism *****************
 Defined at:
		line 76 in file "motor_drive.c"
 Parameters:    Size  Location     Type
		None
 Auto vars:     Size  Location     Type
		None
 Return value:  Size  Location     Type
                  1    wreg      void 
 Registers used:
		wreg, status,2
 Tracked objects:
		On entry : 
		On exit  : 
		Unchanged: 
 Data sizes:     COMRAM   BANK0   BANK1   BANK2   BANK3   BANK4   BANK5   BANK6   BANK7   BANK8   BANK9  BANK10  BANK11  BANK12  BANK14
      Params:         0       0       0       0       0       0       0       0       0       0       0       0       0       0       0
      Locals:         0       0       0       0       0       0       0       0       0       0       0       0       0       0       0
      Temps:          0       0       0       0       0       0       0       0       0       0       0       0       0       0       0
      Totals:         0       0       0       0       0       0       0       0       0       0       0       0       0       0       0
Total ram usage:        0 bytes
 Hardware stack levels used:    1
 This function calls:
		Nothing
 This function is called by:
		_Compare_ISR
		_Stall_ISR
 This function uses a non-reentrant model



MODULE INFORMATION

Module		Function		Class		Link	Load	Size
mcc_generated_files/ccp1.c
		_CCP1_Initialize		CODE           	1FAE	0000	25
		_CCP1_SetCompareCount		CODE           	2078	0000	19

mcc_generated_files/ccp1.c estimated size: 44

C:\Program Files (x86)\Microchip\xc8\v1.45\sources\common\ftsub.c
		___ftsub       		CODE           	1C74	0000	55

C:\Program Files (x86)\Microchip\xc8\v1.45\sources\common\ftsub.c estimated size: 55

C:\Program Files (x86)\Microchip\xc8\v1.45\sources\common\float.c
		___ftpack      		CODE           	1572	0000	115

C:\Program Files (x86)\Microchip\xc8\v1.45\sources\common\float.c estimated size: 115

C:\Program Files (x86)\Microchip\xc8\v1.45\sources\common\doprnt.c
		_printf        		CODE           	10CE	0000	209

C:\Program Files (x86)\Microchip\xc8\v1.45\sources\common\doprnt.c estimated size: 209

mcc_generated_files/tmr4.c
		_TMR4_ISR      		CODE           	1F1E	0000	31
		_TMR4_Initialize		CODE           	1DD6	0000	41
		_TMR4_Stop     		CODE           	2114	0000	5
		_TMR4_SetInterruptHandler		CODE           	20DC	0000	11
		_TMR4_Period8BitSet		CODE           	20F8	0000	9
		_TMR4_StopTimer		CODE           	2110	0000	5
		_TMR4_DefaultInterruptHandler		CODE           	211E	0000	3

mcc_generated_files/tmr4.c estimated size: 105

C:\Program Files (x86)\Microchip\xc8\v1.45\sources\common\round.c
		_round         		CODE           	1678	0000	107

C:\Program Files (x86)\Microchip\xc8\v1.45\sources\common\round.c estimated size: 107

interrupt_handlers.c
		_CCP1_CompareISR		CODE           	1F3C	0000	31
		_CCP1_CompareSetInterruptHandler		CODE           	20E6	0000	11
		_TMR1_GATE_ISR 		CODE           	210C	0000	5

interrupt_handlers.c estimated size: 47

motor_drive.c
		_Forward_Dir   		CODE           	1C3E	0000	31
		_BrakingMechanism		CODE           	20D0	0000	13
		_Reverse_Dir   		CODE           	1E72	0000	39

motor_drive.c estimated size: 83

counting_ripples.c
		_CompareLoadValue		CODE           	1D7A	0000	49
		_ReadInput     		CODE           	1286	0000	185
		_ExpectedRippleCountToHome		CODE           	1850	0000	75
		_GetAngleTurned		CODE           	1348	0000	175
		_ExpectedRippleCountRemainingAngle		CODE           	1AE6	0000	65
		_ExpectedRippleCountToEndPoint		CODE           	15F8	0000	85
		_Compare_ISR   		CODE           	204E	0000	23
		_StartCounting 		CODE           	1E98	0000	37

counting_ripples.c estimated size: 694

mcc_generated_files/tmr2.c
		_TMR2_Initialize		CODE           	1FF6	0000	23

mcc_generated_files/tmr2.c estimated size: 23

mcc_generated_files/interrupt_manager.c
		_INTERRUPT_Initialize		CODE           	2100	0000	5
		_INTERRUPT_InterruptManager		CODE           	0008	0000	63

mcc_generated_files/interrupt_manager.c estimated size: 68

C:\Program Files (x86)\Microchip\xc8\v1.45\sources\common\Umul16.c
		___wmul        		CODE           	1E26	0000	39

C:\Program Files (x86)\Microchip\xc8\v1.45\sources\common\Umul16.c estimated size: 39

mcc_generated_files/pwm2.c
		_PWM2_Initialize		CODE           	2064	0000	21

mcc_generated_files/pwm2.c estimated size: 21

mcc_generated_files/cwg.c
		_CWG_AutoShutdownEventSet		CODE           	2108	0000	5
		_CWG_Initialize		CODE           	1F00	0000	31

mcc_generated_files/cwg.c estimated size: 36

C:\Program Files (x86)\Microchip\xc8\v1.45\sources\common\frexp.c
		_frexp         		CODE           	1926	0000	93

C:\Program Files (x86)\Microchip\xc8\v1.45\sources\common\frexp.c estimated size: 93

mcc_generated_files/pin_manager.c
		_PIN_MANAGER_Initialize		CODE           	17DC	0000	117

mcc_generated_files/pin_manager.c estimated size: 117

C:\Program Files (x86)\Microchip\xc8\v1.45\sources\common\lwmod.c
		___lwmod       		CODE           	1B26	0000	63

C:\Program Files (x86)\Microchip\xc8\v1.45\sources\common\lwmod.c estimated size: 63

C:\Program Files (x86)\Microchip\xc8\v1.45\sources\common\ftmul.c
		___ftmul       		CODE           	11BE	0000	179

C:\Program Files (x86)\Microchip\xc8\v1.45\sources\common\ftmul.c estimated size: 179

C:\Program Files (x86)\Microchip\xc8\v1.45\sources\common\ftdiv.c
		___ftdiv       		CODE           	14BC	0000	175

C:\Program Files (x86)\Microchip\xc8\v1.45\sources\common\ftdiv.c estimated size: 175

stall_detection.c
		_Stall_ISR     		CODE           	2038	0000	23
		_ResumeMotor   		CODE           	1F76	0000	29
		_StallDetection		CODE           	20B8	0000	13

stall_detection.c estimated size: 65

shared
		PL12           		CODE           	10B2	0000	17
		PL50           		CODE           	1C6C	0000	9
		PL8            		CODE           	119E	0000	15
		PL22           		CODE           	164C	0000	15
		PL32           		CODE           	156A	0000	9
		PL42           		CODE           	15E4	0000	11
		PL14           		CODE           	18B6	0000	11
		PL24           		CODE           	10C2	0000	13
		PL34           		CODE           	1FEC	0000	11
		PL44           		CODE           	166E	0000	11
		PL16           		CODE           	1270	0000	15
		PL26           		CODE           	165A	0000	13
		PL36           		CODE           	1666	0000	9
		PL46           		CODE           	15EE	0000	11
		_dpowers       		SMALLCONST     	0F01	0000	11
		PL18           		CODE           	16E2	0000	15
		PL28           		CODE           	11B4	0000	11
		PL38           		CODE           	1C5C	0000	11
		PL48           		CODE           	1C66	0000	7
		__initialization		CODE           	1CAA	0000	43
		PL2            		CODE           	13F6	0000	15
		PL10           		CODE           	11AC	0000	9
		PL4            		CODE           	189A	0000	15
		PL20           		CODE           	1A98	0000	15
		PL30           		CODE           	133E	0000	11
		PL6            		CODE           	18A8	0000	15
		PL40           		CODE           	127E	0000	9

shared estimated size: 357

mcc_generated_files/eusart1.c
		_EUSART1_Initialize		CODE           	200C	0000	23
		_putch         		CODE           	20F0	0000	9
		_EUSART1_Write 		CODE           	20AA	0000	15

mcc_generated_files/eusart1.c estimated size: 47

mcc_generated_files/mcc.c
		_PMD_Initialize		CODE           	208A	0000	17
		_OSCILLATOR_Initialize		CODE           	209A	0000	17
		_SYSTEM_Initialize		CODE           	1CDE	0000	53

mcc_generated_files/mcc.c estimated size: 87

C:\Program Files (x86)\Microchip\xc8\v1.45\sources\common\fttol.c
		___fttol       		CODE           	1404	0000	185

C:\Program Files (x86)\Microchip\xc8\v1.45\sources\common\fttol.c estimated size: 185

C:\Program Files (x86)\Microchip\xc8\v1.45\sources\common\awtoft.c
		___awtoft      		CODE           	1BD2	0000	55

C:\Program Files (x86)\Microchip\xc8\v1.45\sources\common\awtoft.c estimated size: 55

mcc_generated_files/tmr1.c
		_TMR1_Initialize		CODE           	1D12	0000	53
		_TMR1_StopTimer		CODE           	2118	0000	5
		_TMR1_Reload   		CODE           	20C4	0000	13
		_TMR1_WriteTimer		CODE           	1FDE	0000	15
		_TMR1_StartTimer		CODE           	2104	0000	5
		_TMR1_ReadTimer		CODE           	1EE0	0000	33

mcc_generated_files/tmr1.c estimated size: 124

C:\Program Files (x86)\Microchip\xc8\v1.45\sources\common\lwdiv.c
		___lwdiv       		CODE           	1982	0000	75

C:\Program Files (x86)\Microchip\xc8\v1.45\sources\common\lwdiv.c estimated size: 75

mcc_generated_files/memory.c
		_DATAEE_WriteByte		CODE           	1B64	0000	57
		_DATAEE_ReadByte		CODE           	2022	0000	23

mcc_generated_files/memory.c estimated size: 80

C:\Program Files (x86)\Microchip\xc8\v1.45\sources\common\ftadd.c
		___ftadd       		CODE           	0F80	0000	307

C:\Program Files (x86)\Microchip\xc8\v1.45\sources\common\ftadd.c estimated size: 307

C:\Program Files (x86)\Microchip\xc8\v1.45\sources\common\abs.c
		_abs           		CODE           	1DFE	0000	41

C:\Program Files (x86)\Microchip\xc8\v1.45\sources\common\abs.c estimated size: 41

C:\Program Files (x86)\Microchip\xc8\v1.45\sources\common\trunc.c
		_trunc         		CODE           	1766	0000	119

C:\Program Files (x86)\Microchip\xc8\v1.45\sources\common\trunc.c estimated size: 119

mcc_generated_files/adcc.c
		_ADCC_GetSingleConversion		CODE           	1E4C	0000	39
		_ADCC_Initialize		CODE           	1DAA	0000	45

mcc_generated_files/adcc.c estimated size: 84

main.c
		_main          		CODE           	16F0	0000	119

main.c estimated size: 119

C:\Program Files (x86)\Microchip\xc8\v1.45\sources\common\lwtoft.c
		___lwtoft      		CODE           	1EBC	0000	37

C:\Program Files (x86)\Microchip\xc8\v1.45\sources\common\lwtoft.c estimated size: 37

position_retention.c
		_ReversePosition		CODE           	1B9C	0000	55
		_ReadMotorPositionFromEEPROM		CODE           	1AA6	0000	65
		_StorePosition 		CODE           	1F92	0000	29
		_MotorPosition 		CODE           	1FC6	0000	25
		_ForwardPosition		CODE           	1A60	0000	57

position_retention.c estimated size: 231

check_buttons.c
		_CheckHomeButton		CODE           	19CC	0000	75
		_CheckForwardButton		CODE           	1D46	0000	53
		_CheckReverseButton		CODE           	1C08	0000	55
		_CheckEndButton		CODE           	1A16	0000	75

check_buttons.c estimated size: 258

C:\Program Files (x86)\Microchip\xc8\v1.45\sources\common\altoft.c
		___altoft      		CODE           	18C0	0000	103

C:\Program Files (x86)\Microchip\xc8\v1.45\sources\common\altoft.c estimated size: 103

mcc_generated_files/clc1.c
		_CLC1_Initialize		CODE           	1F5A	0000	29

mcc_generated_files/clc1.c estimated size: 29

